 ConEmuBg

 Timestamp is 5d2b8726 (Sun Jul 14 22:48:54 2019)

 Preferred load address is 10000000

 Start         Length     Name                   Class
 0001:00000000 0001988dH .text$mn                CODE
 0001:0001988d 000000f2H .text$x                 CODE
 0002:00000000 0000022cH .idata$5                DATA
 0002:0000022c 00000004H .00cfg                  DATA
 0002:00000230 00000004H .CRT$XCA                DATA
 0002:00000234 00000004H .CRT$XCZ                DATA
 0002:00000238 00000004H .CRT$XIA                DATA
 0002:0000023c 00000010H .CRT$XIC                DATA
 0002:0000024c 00000004H .CRT$XIZ                DATA
 0002:00000250 00000004H .CRT$XLA                DATA
 0002:00000254 00000004H .CRT$XLZ                DATA
 0002:00000258 00000004H .CRT$XPA                DATA
 0002:0000025c 00000008H .CRT$XPX                DATA
 0002:00000264 00000004H .CRT$XPXA               DATA
 0002:00000268 00000004H .CRT$XPZ                DATA
 0002:0000026c 00000004H .CRT$XTA                DATA
 0002:00000270 00000010H .CRT$XTZ                DATA
 0002:00000274 00000000H .gfids$x                DATA
 0002:00000274 00000000H .gfids$y                DATA
 0002:00000280 00006bb8H .rdata                  DATA
 0002:00006e38 00000018H .rdata$T                DATA
 0002:00006e50 000001e0H .rdata$r                DATA
 0002:00007030 0000002cH .rdata$sxdata           DATA
 0002:0000705c 0000037cH .rdata$zzzdbg           DATA
 0002:000073d8 00000004H .rtc$IAA                DATA
 0002:000073dc 00000004H .rtc$IZZ                DATA
 0002:000073e0 00000004H .rtc$TAA                DATA
 0002:000073e4 00000004H .rtc$TZZ                DATA
 0002:000073e8 00000004H .tls                    DATA
 0002:000073ec 00000004H .tls$                   DATA
 0002:000073f0 00000008H .tls$ZZZ                DATA
 0002:000073f8 000005e8H .xdata$x                DATA
 0002:000079e0 0000018cH .edata                  DATA
 0002:00007b6c 00000078H .idata$2                DATA
 0002:00007be4 00000014H .idata$3                DATA
 0002:00007bf8 0000022cH .idata$4                DATA
 0002:00007e24 000009aeH .idata$6                DATA
 0003:00000000 00001e50H .data                   DATA
 0003:00001e50 000000c0H .data$r                 DATA
 0003:00001f10 00008c00H .bss                    DATA
 0004:00000000 000000a0H .rsrc$01                DATA
 0004:000000a0 00000498H .rsrc$02                DATA

  Address         Publics by Value              Rva+Base       Lib:Object

 0000:00000000       ___guard_fids_count        00000000     <absolute>
 0000:00000000       ___guard_iat_count         00000000     <absolute>
 0000:00000000       ___hybrid_code_map_count   00000000     <absolute>
 0000:00000000       ___dynamic_value_reloc_table 00000000     <absolute>
 0000:00000000       ___guard_longjmp_count     00000000     <absolute>
 0000:00000000       __except_list              00000000     <absolute>
 0000:00000000       ___guard_fids_table        00000000     <absolute>
 0000:00000000       ___hybrid_auxiliary_iat    00000000     <absolute>
 0000:00000000       ___guard_longjmp_table     00000000     <absolute>
 0000:00000000       ___guard_iat_table         00000000     <absolute>
 0000:00000000       ___volatile_metadata       00000000     <absolute>
 0000:00000000       ___enclave_config          00000000     <absolute>
 0000:00000000       ___hybrid_code_map         00000000     <absolute>
 0000:0000000b       ___safe_se_handler_count   0000000b     <absolute>
 0000:0000002c       __tls_array                0000002c     <absolute>
 0000:00000100       ___guard_flags             00000100     <absolute>
 0000:00000000       ___ImageBase               10000000     <linker-defined>
 0001:00000000       _ConfigureW@4              10001000 f   ConEmuBg.obj
 0001:00000046       _ExitFARW@0                10001046 f   ConEmuBg.obj
 0001:0000006b       ?ExitFARW3@@YGXPAX@Z       1000106b f   ConEmuBg.obj
 0001:00000099       ?ConfigureW3@@YGHPAX@Z     10001099 f   ConEmuBg.obj
 0001:000000da       ??$SafeDelete@UMSectionSimple@@@@YAXAAPAUMSectionSimple@@@Z 100010da f i ConEmuBg.obj
 0001:00000117       ??$swprintf_c@$0IA@@@YAHAAY0IA@_WPB_WZZ 10001117 f i ConEmuBg.obj
 0001:00000130       ??$wcscpy_c@$0BAE@@@YAHAAY0BAE@_WPB_W@Z 10001130 f i ConEmuBg.obj
 0001:00000145       ??1MStream@@UAE@XZ         10001145 f i ConEmuBg.obj
 0001:0000017c       ??_EMStream@@UAEPAXI@Z     1000117c f i ConEmuBg.obj
 0001:0000017c       ??_GMStream@@UAEPAXI@Z     1000117c f i ConEmuBg.obj
 0001:0000019e       ?AddRef@MStream@@UAGKXZ    1000119e f i ConEmuBg.obj
 0001:000002e9       ?CheckXmlFile@@YA_N_N@Z    100012e9 f   ConEmuBg.obj
 0001:0000079b       ?Clone@MStream@@UAGJPAPAUIStream@@@Z 1000179b f i ConEmuBg.obj
 0001:000007a3       ?Close@CachedImage@@QAEXXZ 100017a3 f i ConEmuBg.obj
 0001:00000823       ?Close@GDIPlusDecoder@@QAEXXZ 10001823 f i ConEmuBg.obj
 0001:000008e0       ?ClrPart@@YAEH@Z           100018e0 f i ConEmuBg.obj
 0001:00000907       ?Commit@MStream@@UAGJK@Z   10001907 f i ConEmuBg.obj
 0001:00000919       ?CompareNames@@YA_NPB_WPA_W@Z 10001919 f   ConEmuBg.obj
 0001:00000a2c       ?CopyTo@MStream@@UAGJPAUIStream@@T_ULARGE_INTEGER@@PAT3@2@Z 10001a2c f i ConEmuBg.obj
 0001:00000a2c       ?UnlockRegion@MStream@@UAGJT_ULARGE_INTEGER@@0K@Z 10001a2c f i ConEmuBg.obj
 0001:00000a2c       ?LockRegion@MStream@@UAGJT_ULARGE_INTEGER@@0K@Z 10001a2c f i ConEmuBg.obj
 0001:00000a34       ?ExitPlugin@@YAXXZ         10001a34 f   ConEmuBg.obj
 0001:00000a7a       ?FMatch@@YA_NPB_WPA_W@Z    10001a7a f   ConEmuBg.obj
 0001:00000bb5       ?FillPanelParams@@YAHPAUPaintBackgroundArg@@PAUBkPanelInfo@@PAUDrawInfo@@@Z 10001bb5 f   ConEmuBg.obj
 0001:00001985       ?FormatSize@@YAXT_ULARGE_INTEGER@@PA_W@Z 10002985 f   ConEmuBg.obj
 0001:00001a7a       ?FreeThreadProc@GDIPlusDecoder@@SGKPAX@Z 10002a7a f i ConEmuBg.obj
 0001:00001a99       ?GdipDone@@YAXXZ           10002a99 f   ConEmuBg.obj
 0001:00001bb3       ?GdipInit@@YA_NXZ          10002bb3 f   ConEmuBg.obj
 0001:00001c62       ?GetImage@GDIPlusDecoder@@QAEPAUCachedImage@@PB_W@Z 10002c62 f i ConEmuBg.obj
 0001:000020b3       ?GetMsgW@@YAPB_WH@Z        100030b3 f   ConEmuBg.obj
 0001:000020f3       ?GetPluginInfoWcmn@@YGXPAX@Z 100030f3 f   ConEmuBg.obj
 0001:00002124       ?GetStatusLineCount@@YAHPAUPaintBackgroundArg@@H@Z 10003124 f   ConEmuBg.obj
 0001:000022e1       ?HSV2RGB@@YAXABUHSVColor@@AAURGBColor@@@Z 100032e1 f   ConEmuBg.obj
 0001:00002446       ?Init@CachedImage@@QAE_NPB_WPAUHDC__@@IIQAU2@@Z 10003446 f i ConEmuBg.obj
 0001:0000252d       ?Init@GDIPlusDecoder@@QAE_NXZ 1000352d f i ConEmuBg.obj
 0001:0000276c       ?LoadFarVersion@@YAHXZ     1000376c f   ConEmuBg.obj
 0001:00002ab9       ?OnConEmuLoaded@@YGXPAUConEmuLoadedArg@@@Z 10003ab9 f   ConEmuBg.obj
 0001:00002ae9       ?OpenPluginWcmn@@YAPAXHH@Z 10003ae9 f   ConEmuBg.obj
 0001:00002b16       ?OpenW@@YGPAXPBX@Z         10003b16 f   ConEmuBg.obj
 0001:00002b41       ?PaintConEmuBackground@@YGHPAUPaintBackgroundArg@@@Z 10003b41 f   ConEmuBg.obj
 0001:00002c8a       ?PaintPanel@@YAHPAUPaintBackgroundArg@@HAAKAAH@Z 10003c8a f   ConEmuBg.obj
 0001:00003df5       ?ParseColors@@YAXPB_WHAAY0CA@KAAH@Z 10004df5 f   ConEmuBg.obj
 0001:00003ea0       ?QueryInterface@MStream@@UAGJABU_GUID@@PAPAX@Z 10004ea0 f i ConEmuBg.obj
 0001:00003f08       ?RGB2HSV@@YAXABURGBColor@@AAUHSVColor@@@Z 10004f08 f   ConEmuBg.obj
 0001:00003fd4       ?Read@MStream@@UAGJPAXKPAK@Z 10004fd4 f i ConEmuBg.obj
 0001:00004029       ?Release@MStream@@UAGKXZ   10005029 f i ConEmuBg.obj
 0001:00004050       ?ReportFail@@YAXPB_W@Z     10005050 f   ConEmuBg.obj
 0001:000040f4       ?Revert@MStream@@UAGJXZ    100050f4 f i ConEmuBg.obj
 0001:000040fc       ?Seek@MStream@@UAGJT_LARGE_INTEGER@@KPAT_ULARGE_INTEGER@@@Z 100050fc f i ConEmuBg.obj
 0001:00004176       ?SetData@MStream@@QAEXPBXK@Z 10005176 f i ConEmuBg.obj
 0001:000041b5       ?SetSize@MStream@@UAGJT_ULARGE_INTEGER@@@Z 100051b5 f i ConEmuBg.obj
 0001:00004228       ?SettingsLoad@@YAXXZ       10005228 f   ConEmuBg.obj
 0001:00004287       ?SettingsLoadReg@@YAXPB_W@Z 10005287 f   ConEmuBg.obj
 0001:0000440f       ?SettingsSave@@YAXXZ       1000540f f   ConEmuBg.obj
 0001:00004444       ?SettingsSaveReg@@YAXPB_W@Z 10005444 f   ConEmuBg.obj
 0001:000044e3       ?StartPlugin@@YAXH@Z       100054e3 f   ConEmuBg.obj
 0001:000045f8       ?Stat@MStream@@UAGJPAUtagSTATSTG@@K@Z 100055f8 f i ConEmuBg.obj
 0001:00004670       ?StringCchCatW@@YGJPA_WIPB_W@Z 10005670 f i ConEmuBg.obj
 0001:000046ae       ?StringCchCopyW@@YGJPA_WIPB_W@Z 100056ae f i ConEmuBg.obj
 0001:000046e2       ?StringCchVPrintfW@@YGJPA_WIPB_WPAD@Z 100056e2 f i ConEmuBg.obj
 0001:0000481b       ?WasXmlLoaded@@YA_NXZ      1000581b f   ConEmuBg.obj
 0001:00004826       ?Write@MStream@@UAGJPBXKPAK@Z 10005826 f i ConEmuBg.obj
 0001:000048c3       _DllMain@12                100058c3 f   ConEmuBg.obj
 0001:0000491a       _GetMinFarVersionW@0       1000591a f   ConEmuBg.obj
 0001:00004920       _SetStartupInfoW@4         10005920 f   ConEmuBg.obj
 0001:0000497b       ___local_stdio_printf_options 1000597b f i ConEmuBg.obj
 0001:00004981       __vsnwprintf_l             10005981 f i ConEmuBg.obj
 0001:00004cf3       ?ConfigureW1900@@YAHH@Z    10005cf3 f   ConEmuBg1900.obj
 0001:00004d09       ?ExitFARW1900@@YAXXZ       10005d09 f   ConEmuBg1900.obj
 0001:00004d4f       ?FMatchW1900@@YA_NPB_WPA_W@Z 10005d4f f   ConEmuBg1900.obj
 0001:00004d6f       ?GetMsgW1900@@YAPB_WH@Z    10005d6f f   ConEmuBg1900.obj
 0001:00004d95       ?GetPluginInfoW1900@@YAXPAX@Z 10005d95 f   ConEmuBg1900.obj
 0001:00004df9       ?OpenW1900@@YGPAXPBX@Z     10005df9 f   ConEmuBg1900.obj
 0001:00004df9       ?OpenW2800@@YGPAXPBX@Z     10005df9 f   ConEmuBg2800.obj
 0001:00004e1d       ?SetStartupInfoW1900@@YAXPAX@Z 10005e1d f   ConEmuBg1900.obj
 0001:00004f1d       ?SettingsLoadW1900@@YAXXZ  10005f1d f   ConEmuBg1900.obj
 0001:00005070       ?SettingsSaveW1900@@YAXXZ  10006070 f   ConEmuBg1900.obj
 0001:000054a8       ?ConfigureW2800@@YAHH@Z    100064a8 f   ConEmuBg2800.obj
 0001:000054be       ?ExitFARW2800@@YAXXZ       100064be f   ConEmuBg2800.obj
 0001:00005504       ?FMatchW2800@@YA_NPB_WPA_W@Z 10006504 f   ConEmuBg2800.obj
 0001:00005524       ?GetMsgW2800@@YAPB_WH@Z    10006524 f   ConEmuBg2800.obj
 0001:0000554a       ?GetPluginInfoW2800@@YAXPAX@Z 1000654a f   ConEmuBg2800.obj
 0001:000055ae       ?SetStartupInfoW2800@@YAXPAX@Z 100065ae f   ConEmuBg2800.obj
 0001:000056ae       ?SettingsLoadW2800@@YAXXZ  100066ae f   ConEmuBg2800.obj
 0001:000057f4       ?SettingsSaveW2800@@YAXXZ  100067f4 f   ConEmuBg2800.obj
 0001:000058e3       _GetGlobalInfoW@4          100068e3 f   ConEmuBg2800.obj
 0001:00005caf       ?ConfigureW995@@YAHH@Z     10006caf f   ConEmuBg995.obj
 0001:00005cc5       ?ExitFARW995@@YAXXZ        10006cc5 f   ConEmuBg995.obj
 0001:00005d21       ?FMatchW995@@YA_NPB_WPA_W@Z 10006d21 f   ConEmuBg995.obj
 0001:00005d40       ?GetMsgW995@@YAPB_WH@Z     10006d40 f   ConEmuBg995.obj
 0001:00005d64       ?GetPluginInfoW995@@YAXPAX@Z 10006d64 f   ConEmuBg995.obj
 0001:00005dbb       ?SetStartupInfoW995@@YAXPAX@Z 10006dbb f   ConEmuBg995.obj
 0001:00005f13       ?SettingsLoadW995@@YAXXZ   10006f13 f   ConEmuBg995.obj
 0001:00005f20       ?SettingsSaveW995@@YAXXZ   10006f20 f   ConEmuBg995.obj
 0001:00005f2d       _OpenPluginW@8             10006f2d f   ConEmuBg995.obj
 0001:000062da       ?FMatchA@@YA_NPBDPAD@Z     100072da f   ConEmuBgA.obj
 0001:00006310       ?SettingsLoadA@@YAXXZ      10007310 f   ConEmuBgA.obj
 0001:0000631d       ?SettingsSaveA@@YAXXZ      1000731d f   ConEmuBgA.obj
 0001:0000632a       _Configure@4               1000732a f   ConEmuBgA.obj
 0001:00006347       _ExitFAR@0                 10007347 f   ConEmuBgA.obj
 0001:000063b1       _GetMinFarVersion@0        100073b1 f   ConEmuBgA.obj
 0001:000063d6       _GetPluginInfo@4           100073d6 f   ConEmuBgA.obj
 0001:00006442       _OpenPlugin@8              10007442 f   ConEmuBgA.obj
 0001:00006458       _SetStartupInfo@4          10007458 f   ConEmuBgA.obj
 0001:000065de       _GetFileVersionInfoSizeW@8 100075de f   version:VERSION.dll
 0001:000065e4       _GetFileVersionInfoW@16    100075e4 f   version:VERSION.dll
 0001:000065ea       _VerQueryValueW@16         100075ea f   version:VERSION.dll
 0001:000065f0       ??2@YAPAXI@Z               100075f0 f   common-kernel32:Memory.obj
 0001:0000661d       ??3@YAXPAX@Z               1000761d f   common-kernel32:Memory.obj
 0001:00006637       ??_U@YAPAXI@Z              10007637 f   common-kernel32:Memory.obj
 0001:00006651       ??_V@YAXPAX@Z              10007651 f   common-kernel32:Memory.obj
 0001:0000666b       ?HeapDeinitialize@@YAXXZ   1000766b f   common-kernel32:Memory.obj
 0001:000066c1       ?HeapInitialize@@YA_NXZ    100076c1 f   common-kernel32:Memory.obj
 0001:000066ef       ?xf_calloc@@YAPAXIIPBDH@Z  100076ef f   common-kernel32:Memory.obj
 0001:00006760       ?xf_free@@YAXPAXPBDH@Z     10007760 f   common-kernel32:Memory.obj
 0001:000067b6       ?xf_malloc@@YAPAXIPBDH@Z   100077b6 f   common-kernel32:Memory.obj
 0001:00006823       ?xf_set_tag@@YAXPAXPBDH_N@Z 10007823 f   common-kernel32:Memory.obj
 0001:0000689f       ?xf_validate@@YA_NPAX@Z    1000789f f   common-kernel32:Memory.obj
 0001:000068d2       ?StringCchVPrintfA@@YGJPADIPBD0@Z 100078d2 f i common-kernel32:MStrSafe.obj
 0001:00006927       ?sprintf_c@@YAHPADHPBDZZ   10007927 f   common-kernel32:MStrSafe.obj
 0001:0000694a       ?swprintf_c@@YAHPA_WHPB_WZZ 1000794a f   common-kernel32:MStrSafe.obj
 0001:0000696d       __vsnprintf_l              1000796d f i common-kernel32:MStrSafe.obj
 0001:0000699f       ?lstrdup@@YAPA_WPB_WI@Z    1000799f f   common-kernel32:MStrDup.obj
 0001:000069f4       ?lstrmerge@@YAPA_WPB_W00000000@Z 100079f4 f   common-kernel32:MStrDup.obj
 0001:00006af7       ??0MSectionLockSimple@@QAE@XZ 10007af7 f   common-kernel32:MSectionSimple.obj
 0001:00006b01       ??0MSectionSimple@@QAE@_N@Z 10007b01 f   common-kernel32:MSectionSimple.obj
 0001:00006b2e       ??1MSectionLockSimple@@QAE@XZ 10007b2e f   common-kernel32:MSectionSimple.obj
 0001:00006b39       ??1MSectionSimple@@QAE@XZ  10007b39 f   common-kernel32:MSectionSimple.obj
 0001:00006b3e       ?Close@MSectionSimple@@QAEXXZ 10007b3e f   common-kernel32:MSectionSimple.obj
 0001:00006b54       ?Init@MSectionSimple@@QAEXXZ 10007b54 f   common-kernel32:MSectionSimple.obj
 0001:00006b6a       ?Lock@MSectionLockSimple@@QAEHPAUMSectionSimple@@K@Z 10007b6a f   common-kernel32:MSectionSimple.obj
 0001:00006bd0       ?TryEnter@MSectionSimple@@QAE_NXZ 10007bd0 f   common-kernel32:MSectionSimple.obj
 0001:00006bef       ?Unlock@MSectionLockSimple@@QAEXXZ 10007bef f   common-kernel32:MSectionSimple.obj
 0001:00006c0b       ??$sprintf_c@$0CI@@@YAHAAY0CI@DPBDZZ 10007c0b f i common-kernel32:WThreads.obj
 0001:00006c21       ?SetThreadName@@YAXKPAD@Z  10007c21 f   common-kernel32:WThreads.obj
 0001:00006c7a       ?apiCreateThread@@YAPAXP6GKPAX@Z0PAKPBDH@Z 10007c7a f   common-kernel32:WThreads.obj
 0001:00006d72       ?apiTerminateThreadEx@@YAHPAXKPBDH@Z 10007d72 f   common-kernel32:WThreads.obj
 0001:00006e46       ?apiThreadHelper@@YGKPAX@Z 10007e46 f   common-kernel32:WThreads.obj
 0001:00006fd2       ??3@YAXPAXI@Z              10007fd2 f   LIBCMT:delete_scalar_size.obj
 0001:00006fe0       ___raise_securityfailure   10007fe0 f   LIBCMT:gs_report.obj
 0001:00007008       ___report_gsfailure        10008008 f   LIBCMT:gs_report.obj
 0001:00007101       ___report_rangecheckfailure 10008101 f   LIBCMT:gs_report.obj
 0001:0000710d       ___report_securityfailure  1000810d f   LIBCMT:gs_report.obj
 0001:000071db       @__security_check_cookie@4 100081db f   LIBCMT:secchk.obj
 0001:000071ec       __EH_epilog3               100081ec f   LIBCMT:ehprolg3.obj
 0001:00007201       __EH_epilog3_GS            10008201 f   LIBCMT:ehprolg3.obj
 0001:00007212       __EH_prolog3               10008212 f   LIBCMT:ehprolg3.obj
 0001:00007246       __EH_prolog3_GS            10008246 f   LIBCMT:ehprolg3.obj
 0001:0000727d       __EH_prolog3_catch         1000827d f   LIBCMT:ehprolg3.obj
 0001:000072c0       __allmul                   100082c0 f   LIBCMT:llmul.obj
 0001:00007300       __aulldiv                  10008300 f   LIBCMT:ulldiv.obj
 0001:00007368       ??_Gtype_info@@UAEPAXI@Z   10008368 f i LIBCMT:std_type_info_static.obj
 0001:00007368       ??_Etype_info@@UAEPAXI@Z   10008368 f i LIBCMT:std_type_info_static.obj
 0001:000073b2       ??$__crt_fast_encode_pointer@PAP6AXXZ@@YAPAP6AXXZQAP6AXXZ@Z 100083b2 f i LIBCMT:utility.obj
 0001:000073b2       ??$__crt_fast_encode_pointer@PAX@@YAPAXQAX@Z 100083b2 f i libvcruntime:winapi_downlevel.obj
 0001:000073b2       ??$__crt_fast_encode_pointer@P6GHPAU_RTL_CONDITION_VARIABLE@@PAU_RTL_CRITICAL_SECTION@@K@Z@@YAP6GHPAU_RTL_CONDITION_VARIABLE@@PAU_RTL_CRITICAL_SECTION@@K@ZQ6GH01K@Z@Z 100083b2 f i LIBCMT:thread_safe_statics.obj
 0001:000073b2       ??$__crt_fast_encode_pointer@P6GXPAU_RTL_CONDITION_VARIABLE@@@Z@@YAP6GXPAU_RTL_CONDITION_VARIABLE@@@ZQ6GX0@Z@Z 100083b2 f i LIBCMT:thread_safe_statics.obj
 0001:000074da       __Init_thread_footer       100084da f   LIBCMT:thread_safe_statics.obj
 0001:00007524       __Init_thread_header       10008524 f   LIBCMT:thread_safe_statics.obj
 0001:00007576       __Init_thread_notify       10008576 f   LIBCMT:thread_safe_statics.obj
 0001:000075b8       __Init_thread_wait         100085b8 f   LIBCMT:thread_safe_statics.obj
 0001:00007938       __DllMainCRTStartup@12     10008938 f   LIBCMT:dll_dllmain.obj
 0001:00007960       __SEH_prolog4              10008960 f   LIBCMT:sehprolg4.obj
 0001:000079a6       __SEH_epilog4              100089a6 f   LIBCMT:sehprolg4.obj
 0001:000079ff       ___scrt_acquire_startup_lock 100089ff f   LIBCMT:utility.obj
 0001:00007a31       ___scrt_dllmain_after_initialize_c 10008a31 f   LIBCMT:utility.obj
 0001:00007a5c       ___scrt_dllmain_before_initialize_c 10008a5c f   LIBCMT:utility.obj
 0001:00007a6a       ___scrt_dllmain_crt_thread_attach 10008a6a f   LIBCMT:utility.obj
 0001:00007a89       ___scrt_dllmain_crt_thread_detach 10008a89 f   LIBCMT:utility.obj
 0001:00007a96       ___scrt_dllmain_exception_filter 10008a96 f   LIBCMT:utility.obj
 0001:00007aca       ___scrt_dllmain_uninitialize_c 10008aca f   LIBCMT:utility.obj
 0001:00007aed       ___scrt_dllmain_uninitialize_critical 10008aed f   LIBCMT:utility.obj
 0001:00007afa       ___scrt_initialize_crt     10008afa f   LIBCMT:utility.obj
 0001:00007b33       ___scrt_initialize_onexit_tables 10008b33 f   LIBCMT:utility.obj
 0001:00007bd8       ___scrt_is_nonwritable_in_current_image 10008bd8 f   LIBCMT:utility.obj
 0001:00007c6c       ___scrt_release_startup_lock 10008c6c f   LIBCMT:utility.obj
 0001:00007c89       ___scrt_uninitialize_crt   10008c89 f   LIBCMT:utility.obj
 0001:00007cb1       __onexit                   10008cb1 f   LIBCMT:utility.obj
 0001:00007cec       _atexit                    10008cec f   LIBCMT:utility.obj
 0001:00007d01       ___scrt_fastfail           10008d01 f   LIBCMT:utility_desktop.obj
 0001:00007e1b       __crt_debugger_hook        10008e1b f   LIBCMT:utility_desktop.obj
 0001:00007e23       @_guard_check_icall_nop@4  10008e23 f i LIBCMT:guard_support.obj
 0001:00007e71       ___security_init_cookie    10008e71 f   LIBCMT:gs_support.obj
 0001:00007ebc       ?__scrt_initialize_type_info@@YAXXZ 10008ebc f   LIBCMT:tncleanup.obj
 0001:00007ec8       ?__scrt_uninitialize_type_info@@YAXXZ 10008ec8 f   LIBCMT:tncleanup.obj
 0001:00007ed4       ___local_stdio_scanf_options 10008ed4 f i LIBCMT:default_local_stdio_options.obj
 0001:00007eda       ___scrt_initialize_default_local_stdio_options 10008eda f   LIBCMT:default_local_stdio_options.obj
 0001:00007ef7       ___scrt_get_dyn_tls_init_callback 10008ef7 f   LIBCMT:dyn_tls_init.obj
 0001:00007efd       __RTC_Initialize           10008efd f   LIBCMT:initsect.obj
 0001:00007f29       __RTC_Terminate            10008f29 f   LIBCMT:initsect.obj
 0001:00007f55       ___isa_available_init      10008f55 f   LIBCMT:cpu_disp.obj
 0001:000080ec       __get_startup_argv_mode    100090ec f   LIBCMT:argv_mode.obj
 0001:000080f0       ___scrt_is_ucrt_dll_in_use 100090f0 f   LIBCMT:ucrt_detection.obj
 0001:000080fc       _wcschr                    100090fc f   libvcruntime:wcschr.obj
 0001:000081c3       _wcsrchr                   100091c3 f   libvcruntime:wcsrchr.obj
 0001:00008265       _wcsstr                    10009265 f   libvcruntime:wcsstr.obj
 0001:000084e1       ?GetRangeOfTrysToCheck@__FrameHandler3@@SA?AU?$pair@Viterator@TryBlockMap@__FrameHandler3@@V123@@std@@AAVTryBlockMap@1@HH@Z 100094e1 f   libvcruntime:trnsctrl.obj
 0001:00008563       ?_CallCatchBlock2@@YAPAXPAUEHRegistrationNode@@PBU_s_FuncInfo@@PAXHK@Z 10009563 f   libvcruntime:trnsctrl.obj
 0001:000085c1       ?_CallSETranslator@@YAHPAUEHExceptionRecord@@PAUEHRegistrationNode@@PAX2PBU_s_FuncInfo@@H1@Z 100095c1 f   libvcruntime:trnsctrl.obj
 0001:0000869c       ?_JumpToContinuation@@YGXPAXPAUEHRegistrationNode@@@Z 1000969c f   libvcruntime:trnsctrl.obj
 0001:000086cc       ?_UnwindNestedFrames@@YGXPAUEHRegistrationNode@@PAUEHExceptionRecord@@@Z 100096cc f   libvcruntime:trnsctrl.obj
 0001:0000871f       __CatchGuardHandler        1000971f f   libvcruntime:trnsctrl.obj
 0001:00008750       __CreateFrameInfo          10009750 f   libvcruntime:trnsctrl.obj
 0001:00008774       __FindAndUnlinkFrame       10009774 f   libvcruntime:trnsctrl.obj
 0001:000087b9       __TranslatorGuardHandler   100097b9 f   libvcruntime:trnsctrl.obj
 0001:00008856       ___CxxFrameHandler3        10009856 f   libvcruntime:trnsctrl.obj
 0001:00008890       _memmove                   10009890 f   libvcruntime:memmove.obj
 0001:00008e10       _memset                    10009e10 f   libvcruntime:memset.obj
 0001:00008f70       _strrchr                   10009f70 f   libvcruntime:strrchr.obj
 0001:000090a8       _memcmp                    1000a0a8 f   libvcruntime:memcmp.obj
 0001:0000a050       _strchr                    1000b050 f   libvcruntime:strchr.obj
 0001:0000a0be       ___from_strstr_to_strchr   1000b0be     libvcruntime:strchr.obj
 0001:0000a1c0       __except_handler4          1000b1c0 f   libvcruntime:chandler4.obj
 0001:0000a317       ___vcrt_initialize         1000b317 f   libvcruntime:initialization.obj
 0001:0000a340       ___vcrt_thread_attach      1000b340 f   libvcruntime:initialization.obj
 0001:0000a34b       ___vcrt_thread_detach      1000b34b f   libvcruntime:initialization.obj
 0001:0000a356       ___vcrt_uninitialize       1000b356 f   libvcruntime:initialization.obj
 0001:0000a375       ___vcrt_uninitialize_critical 1000b375 f   libvcruntime:initialization.obj
 0001:0000a37d       ___std_type_info_compare   1000b37d f   libvcruntime:std_type_info.obj
 0001:0000a3b9       ___std_type_info_destroy_list 1000b3b9 f   libvcruntime:std_type_info.obj
 0001:0000a3dc       ___vcrt_freefls@4          1000b3dc f   libvcruntime:per_thread_data.obj
 0001:0000a3f8       ___vcrt_freeptd            1000b3f8 f   libvcruntime:per_thread_data.obj
 0001:0000a42e       ___vcrt_getptd             1000b42e f   libvcruntime:per_thread_data.obj
 0001:0000a43c       ___vcrt_getptd_noexit      1000b43c f   libvcruntime:per_thread_data.obj
 0001:0000a4ce       ___vcrt_initialize_ptd     1000b4ce f   libvcruntime:per_thread_data.obj
 0001:0000a501       ___vcrt_uninitialize_ptd   1000b501 f   libvcruntime:per_thread_data.obj
 0001:0000ac13       ??$TypeMatchHelper@V__FrameHandler3@@@@YAHPBU_s_HandlerType@@PBU_s_CatchableType@@PBU_s_ThrowInfo@@@Z 1000bc13 f i libvcruntime:frame.obj
 0001:0000aca1       ??$__InternalCxxFrameHandler@V__FrameHandler3@@@@YA?AW4_EXCEPTION_DISPOSITION@@PAUEHExceptionRecord@@PAUEHRegistrationNode@@PAU_CONTEXT@@PAXPBU_s_FuncInfo@@H1E@Z 1000bca1 f i libvcruntime:frame.obj
 0001:0000ada3       ??0bad_exception@std@@QAE@ABV01@@Z 1000bda3 f i libvcruntime:frame.obj
 0001:0000adbe       ??0bad_exception@std@@QAE@XZ 1000bdbe f i libvcruntime:frame.obj
 0001:0000add6       ??0exception@std@@QAE@ABV01@@Z 1000bdd6 f i libvcruntime:frame.obj
 0001:0000ae02       ??1bad_exception@std@@UAE@XZ 1000be02 f i libvcruntime:frame.obj
 0001:0000ae13       ??8type_info@@QBE_NABV0@@Z 1000be13 f i libvcruntime:frame.obj
 0001:0000ae32       ??_Gexception@std@@UAEPAXI@Z 1000be32 f i libvcruntime:frame.obj
 0001:0000ae32       ??_Gbad_exception@std@@UAEPAXI@Z 1000be32 f i libvcruntime:frame.obj
 0001:0000ae32       ??_Ebad_exception@std@@UAEPAXI@Z 1000be32 f i libvcruntime:frame.obj
 0001:0000ae32       ??_Eexception@std@@UAEPAXI@Z 1000be32 f i libvcruntime:frame.obj
 0001:0000b0a7       ?FrameUnwindToEmptyState@__FrameHandler3@@SAXPAUEHRegistrationNode@@PAXPBU_s_FuncInfo@@@Z 1000c0a7 f   libvcruntime:frame.obj
 0001:0000b0bf       ?FrameUnwindToState@__FrameHandler3@@SAXPAUEHRegistrationNode@@PAXPBU_s_FuncInfo@@H@Z 1000c0bf f   libvcruntime:frame.obj
 0001:0000b241       ?_CallMemberFunction1@@YGXQAX00@Z 1000c241 f i libvcruntime:frame.obj
 0001:0000b251       ?_CallMemberFunction2@@YGXQAX00H@Z 1000c251 f i libvcruntime:frame.obj
 0001:0000b264       ?getESTypes@__FrameHandler3@@SAPBU_s_ESTypeList@@PBU_s_FuncInfo@@@Z 1000c264 f i libvcruntime:frame.obj
 0001:0000b26f       ?what@exception@std@@UBEPBDXZ 1000c26f f i libvcruntime:frame.obj
 0001:0000b280       __CallSettingFrame@12      1000c280 f   libvcruntime:lowhelpr.obj
 0001:0000b2a7       __NLG_Return               1000c2a7     libvcruntime:lowhelpr.obj
 0001:0000b2cc       ___except_validate_context_record 1000c2cc f   libvcruntime:jbcxrval.obj
 0001:0000b2fc       ___except_validate_jump_buffer 1000c2fc f   libvcruntime:jbcxrval.obj
 0001:0000b330       __local_unwind4            1000c330 f   libvcruntime:exsup4.obj
 0001:0000b408       __seh_longjmp_unwind4@4    1000c408 f   libvcruntime:exsup4.obj
 0001:0000b430       @_EH4_CallFilterFunc@8     1000c430 f   libvcruntime:exsup4.obj
 0001:0000b448       @_EH4_TransferToHandler@8  1000c448 f   libvcruntime:exsup4.obj
 0001:0000b464       @_EH4_GlobalUnwind2@8      1000c464 f   libvcruntime:exsup4.obj
 0001:0000b480       @_EH4_LocalUnwind@16       1000c480 f   libvcruntime:exsup4.obj
 0001:0000b497       ___vcrt_initialize_locks   1000c497 f   libvcruntime:locks.obj
 0001:0000b4d3       ___vcrt_uninitialize_locks 1000c4d3 f   libvcruntime:locks.obj
 0001:0000b635       ___vcrt_FlsAlloc           1000c635 f   libvcruntime:winapi_downlevel.obj
 0001:0000b670       ___vcrt_FlsFree            1000c670 f   libvcruntime:winapi_downlevel.obj
 0001:0000b6ab       ___vcrt_FlsGetValue        1000c6ab f   libvcruntime:winapi_downlevel.obj
 0001:0000b6e6       ___vcrt_FlsSetValue        1000c6e6 f   libvcruntime:winapi_downlevel.obj
 0001:0000b724       ___vcrt_InitializeCriticalSectionEx 1000c724 f   libvcruntime:winapi_downlevel.obj
 0001:0000b76b       ___vcrt_initialize_winapi_thunks 1000c76b f   libvcruntime:winapi_downlevel.obj
 0001:0000b794       ___vcrt_uninitialize_winapi_thunks 1000c794 f   libvcruntime:winapi_downlevel.obj
 0001:0000b7c6       ___vcrt_initialize_pure_virtual_call_handler 1000c7c6 f   libvcruntime:purevirt_data.obj
 0001:0000b7d1       _unexpected                1000c7d1 f   libvcruntime:unexpected.obj
 0001:0000b7ee       ?GetCurrentState@__FrameHandler3@@SAHPAUEHRegistrationNode@@PAXPBU_s_FuncInfo@@@Z 1000c7ee f   libvcruntime:ehstate.obj
 0001:0000b80b       ?SetState@__FrameHandler3@@SAXPAUEHRegistrationNode@@PBU_s_FuncInfo@@H@Z 1000c80b f   libvcruntime:ehstate.obj
 0001:0000b819       ___DestructExceptionObject 1000c819 f   libvcruntime:ehhelpers.obj
 0001:0000b8b9       ?_CallMemberFunction0@@YGXQAX0@Z 1000c8b9 f i libvcruntime:ehhelpers.obj
 0001:0000b8c6       __IsExceptionObjectToBeDestroyed 1000c8c6 f   libvcruntime:ehhelpers.obj
 0001:0000b8ec       ___AdjustPointer           1000c8ec f   libvcruntime:ehhelpers.obj
 0001:0000b911       ___FrameUnwindFilter       1000c911 f   libvcruntime:ehhelpers.obj
 0001:0000b956       ___std_exception_copy      1000c956 f   libvcruntime:std_exception.obj
 0001:0000b9b9       ___std_exception_destroy   1000c9b9 f   libvcruntime:std_exception.obj
 0001:0000b9d8       __CxxThrowException@8      1000c9d8 f   libvcruntime:throw.obj
 0001:0000ba50       __global_unwind2           1000ca50 f   libvcruntime:exsup.obj
 0001:0000bab6       __local_unwind2            1000cab6 f   libvcruntime:exsup.obj
 0001:0000bb3a       __abnormal_termination     1000cb3a f   libvcruntime:exsup.obj
 0001:0000bb60       __NLG_Notify1              1000cb60 f   libvcruntime:exsup.obj
 0001:0000bb6c       __NLG_Notify               1000cb6c f   libvcruntime:exsup.obj
 0001:0000bb83       __NLG_Dispatch             1000cb83     libvcruntime:exsup.obj
 0001:0000bb83       __NLG_Dispatch2            1000cb83     libvcruntime:exsup.obj
 0001:0000bb8b       __NLG_Call                 1000cb8b f   libvcruntime:exsup.obj
 0001:0000bb8d       __NLG_Return2              1000cb8d     libvcruntime:exsup.obj
 0001:0000bb90       _memcpy                    1000cb90 f   libvcruntime:memcpy.obj
 0001:0000c104       ??$is_overflow_condition@K@__crt_strtox@@YA_NIK@Z 1000d104 f i libucrt:strtox.obj
 0001:0000c137       ??$make_c_string_character_source@_WPAPA_W@__crt_strtox@@YA?AV?$c_string_character_source@_W@0@QB_WQAPA_W@Z 1000d137 f i libucrt:strtox.obj
 0001:0000c137       ??$make_c_string_character_source@DPAPAD@__crt_strtox@@YA?AV?$c_string_character_source@D@0@QBDQAPAD@Z 1000d137 f i libucrt:strtox.obj
 0001:0000c152       ??$parse_integer@KV?$c_string_character_source@D@__crt_strtox@@@__crt_strtox@@YAKQAU__crt_locale_pointers@@V?$c_string_character_source@D@0@H_N@Z 1000d152 f i libucrt:strtox.obj
 0001:0000c37a       ??$parse_integer@KV?$c_string_character_source@_W@__crt_strtox@@@__crt_strtox@@YAKQAU__crt_locale_pointers@@V?$c_string_character_source@_W@0@H_N@Z 1000d37a f i libucrt:strtox.obj
 0001:0000ca5f       ??0_LocaleUpdate@@QAE@QAU__crt_locale_pointers@@@Z 1000da5f f i libucrt:strtox.obj
 0001:0000cae2       ?unget@?$c_string_character_source@D@__crt_strtox@@QAEXD@Z 1000dae2 f i libucrt:strtox.obj
 0001:0000cb0a       ?unget@?$c_string_character_source@_W@__crt_strtox@@QAEX_W@Z 1000db0a f i libucrt:strtox.obj
 0001:0000cb36       ?validate@?$c_string_character_source@_W@__crt_strtox@@QBE_NXZ 1000db36 f i libucrt:strtox.obj
 0001:0000cb36       ?validate@?$c_string_character_source@D@__crt_strtox@@QBE_NXZ 1000db36 f i libucrt:strtox.obj
 0001:0000cb36       ?validate@?$string_output_adapter@D@__crt_stdio_output@@QBE_NXZ 1000db36 f i libucrt:output.obj
 0001:0000cb36       ?validate@?$string_output_adapter@_W@__crt_stdio_output@@QBE_NXZ 1000db36 f i libucrt:output.obj
 0001:0000cb51       __chvalidchk_l             1000db51 f i libucrt:strtox.obj
 0001:0000cb7b       __ischartype_l             1000db7b f i libucrt:strtox.obj
 0001:0000cbae       _strtol                    1000dbae f   libucrt:strtox.obj
 0001:0000cbda       _wcstol                    1000dbda f   libucrt:strtox.obj
 0001:0000cc06       _wcstoul                   1000dc06 f   libucrt:strtox.obj
 0001:0000cf33       ??$count@D@formatting_buffer@__crt_stdio_output@@QBEIXZ 1000df33 f i libucrt:output.obj
 0001:0000cf4b       ??$ensure_buffer_is_big_enough@D@formatting_buffer@__crt_stdio_output@@QAE_NI@Z 1000df4b f i libucrt:output.obj
 0001:0000cfd1       ??$is_wide_character_specifier@D@__crt_stdio_output@@YA_N_KDW4length_modifier@0@@Z 1000dfd1 f i libucrt:output.obj
 0001:0000d011       ??$is_wide_character_specifier@_W@__crt_stdio_output@@YA_N_K_WW4length_modifier@0@@Z 1000e011 f i libucrt:output.obj
 0001:0000d060       ??$scratch_data@D@formatting_buffer@__crt_stdio_output@@QAEPADXZ 1000e060 f i libucrt:output.obj
 0001:0000d07e       ??$type_case_integer_parse_into_buffer@I@?$output_processor@_WV?$string_output_adapter@_W@__crt_stdio_output@@V?$standard_base@_WV?$string_output_adapter@_W@__crt_stdio_output@@@2@@__crt_stdio_output@@AAEXII_N@Z 1000e07e f i libucrt:output.obj
 0001:0000d07e       ??$type_case_integer_parse_into_buffer@I@?$output_processor@DV?$string_output_adapter@D@__crt_stdio_output@@V?$standard_base@DV?$string_output_adapter@D@__crt_stdio_output@@@2@@__crt_stdio_output@@AAEXII_N@Z 1000e07e f i libucrt:output.obj
 0001:0000d0f3       ??$type_case_integer_parse_into_buffer@_K@?$output_processor@DV?$string_output_adapter@D@__crt_stdio_output@@V?$standard_base@DV?$string_output_adapter@D@__crt_stdio_output@@@2@@__crt_stdio_output@@AAEX_KI_N@Z 1000e0f3 f i libucrt:output.obj
 0001:0000d0f3       ??$type_case_integer_parse_into_buffer@_K@?$output_processor@_WV?$string_output_adapter@_W@__crt_stdio_output@@V?$standard_base@_WV?$string_output_adapter@_W@__crt_stdio_output@@@2@@__crt_stdio_output@@AAEX_KI_N@Z 1000e0f3 f i libucrt:output.obj
 0001:0000d17b       ??$write_multiple_characters@V?$string_output_adapter@D@__crt_stdio_output@@D@__crt_stdio_output@@YAXABV?$string_output_adapter@D@0@DHQAH@Z 1000e17b f i libucrt:output.obj
 0001:0000d1a7       ??$write_multiple_characters@V?$string_output_adapter@_W@__crt_stdio_output@@D@__crt_stdio_output@@YAXABV?$string_output_adapter@_W@0@DHQAH@Z 1000e1a7 f i libucrt:output.obj
 0001:0000d1d8       ??0?$common_data@D@__crt_stdio_output@@IAE@XZ 1000e1d8 f i libucrt:output.obj
 0001:0000d21f       ??0?$common_data@_W@__crt_stdio_output@@IAE@XZ 1000e21f f i libucrt:output.obj
 0001:0000d26b       ??0?$output_adapter_data@DV?$string_output_adapter@D@__crt_stdio_output@@@__crt_stdio_output@@IAE@ABV?$string_output_adapter@D@1@_KQBDQAU__crt_locale_pointers@@QAD@Z 1000e26b f i libucrt:output.obj
 0001:0000d2a7       ??0?$output_adapter_data@_WV?$string_output_adapter@_W@__crt_stdio_output@@@__crt_stdio_output@@IAE@ABV?$string_output_adapter@_W@1@_KQB_WQAU__crt_locale_pointers@@QAD@Z 1000e2a7 f i libucrt:output.obj
 0001:0000d2e3       ??0?$output_processor@DV?$string_output_adapter@D@__crt_stdio_output@@V?$standard_base@DV?$string_output_adapter@D@__crt_stdio_output@@@2@@__crt_stdio_output@@QAE@ABV?$string_output_adapter@D@1@_KQBDQAU__crt_locale_pointers@@QAD@Z 1000e2e3 f i libucrt:output.obj
 0001:0000d318       ??0?$output_processor@_WV?$string_output_adapter@_W@__crt_stdio_output@@V?$standard_base@_WV?$string_output_adapter@_W@__crt_stdio_output@@@2@@__crt_stdio_output@@QAE@ABV?$string_output_adapter@_W@1@_KQB_WQAU__crt_locale_pointers@@QAD@Z 1000e318 f i libucrt:output.obj
 0001:0000d34d       ??1formatting_buffer@__crt_stdio_output@@QAE@XZ 1000e34d f i libucrt:output.obj
 0001:0000d367       ??4?$__crt_unique_heap_ptr@DU__crt_internal_free_policy@@@@QAEAAV0@$$QAV0@@Z 1000e367 f i libucrt:output.obj
 0001:0000d38b       ?crop_zeroes@__crt_stdio_output@@YAXPADQAU__crt_locale_pointers@@@Z 1000e38b f i libucrt:output.obj
 0001:0000d3e2       ?find_next_state@?$output_processor@DV?$string_output_adapter@D@__crt_stdio_output@@V?$standard_base@DV?$string_output_adapter@D@__crt_stdio_output@@@2@@__crt_stdio_output@@ABE?AW4state@2@DW432@@Z 1000e3e2 f i libucrt:output.obj
 0001:0000d414       ?find_next_state@?$output_processor@_WV?$string_output_adapter@_W@__crt_stdio_output@@V?$standard_base@_WV?$string_output_adapter@_W@__crt_stdio_output@@@2@@__crt_stdio_output@@ABE?AW4state@2@_WW432@@Z 1000e414 f i libucrt:output.obj
 0001:0000d448       ?force_decimal_point@__crt_stdio_output@@YAXPADQAU__crt_locale_pointers@@@Z 1000e448 f i libucrt:output.obj
 0001:0000d4a4       ?parse_int_from_format_string@?$output_processor@DV?$string_output_adapter@D@__crt_stdio_output@@V?$standard_base@DV?$string_output_adapter@D@__crt_stdio_output@@@2@@__crt_stdio_output@@AAE_NQAH@Z 1000e4a4 f i libucrt:output.obj
 0001:0000d500       ?parse_int_from_format_string@?$output_processor@_WV?$string_output_adapter@_W@__crt_stdio_output@@V?$standard_base@_WV?$string_output_adapter@_W@__crt_stdio_output@@@2@@__crt_stdio_output@@AAE_NQAH@Z 1000e500 f i libucrt:output.obj
 0001:0000d55e       ?process@?$output_processor@DV?$string_output_adapter@D@__crt_stdio_output@@V?$standard_base@DV?$string_output_adapter@D@__crt_stdio_output@@@2@@__crt_stdio_output@@QAEHXZ 1000e55e f i libucrt:output.obj
 0001:0000d67a       ?process@?$output_processor@_WV?$string_output_adapter@_W@__crt_stdio_output@@V?$standard_base@_WV?$string_output_adapter@_W@__crt_stdio_output@@@2@@__crt_stdio_output@@QAEHXZ 1000e67a f i libucrt:output.obj
 0001:0000d79a       ?state_case_flag@?$output_processor@DV?$string_output_adapter@D@__crt_stdio_output@@V?$standard_base@DV?$string_output_adapter@D@__crt_stdio_output@@@2@@__crt_stdio_output@@AAE_NXZ 1000e79a f i libucrt:output.obj
 0001:0000d7d7       ?state_case_flag@?$output_processor@_WV?$string_output_adapter@_W@__crt_stdio_output@@V?$standard_base@_WV?$string_output_adapter@_W@__crt_stdio_output@@@2@@__crt_stdio_output@@AAE_NXZ 1000e7d7 f i libucrt:output.obj
 0001:0000d814       ?state_case_normal@?$output_processor@DV?$string_output_adapter@D@__crt_stdio_output@@V?$standard_base@DV?$string_output_adapter@D@__crt_stdio_output@@@2@@__crt_stdio_output@@AAE_NXZ 1000e814 f i libucrt:output.obj
 0001:0000d833       ?state_case_normal@?$output_processor@_WV?$string_output_adapter@_W@__crt_stdio_output@@V?$standard_base@_WV?$string_output_adapter@_W@__crt_stdio_output@@@2@@__crt_stdio_output@@AAE_NXZ 1000e833 f i libucrt:output.obj
 0001:0000d852       ?state_case_normal_common@?$output_processor@DV?$string_output_adapter@D@__crt_stdio_output@@V?$standard_base@DV?$string_output_adapter@D@__crt_stdio_output@@@2@@__crt_stdio_output@@AAE_NXZ 1000e852 f i libucrt:output.obj
 0001:0000d87c       ?state_case_normal_common@?$output_processor@_WV?$string_output_adapter@_W@__crt_stdio_output@@V?$standard_base@_WV?$string_output_adapter@_W@__crt_stdio_output@@@2@@__crt_stdio_output@@AAE_NXZ 1000e87c f i libucrt:output.obj
 0001:0000d897       ?state_case_normal_tchar@?$output_processor@DV?$string_output_adapter@D@__crt_stdio_output@@V?$standard_base@DV?$string_output_adapter@D@__crt_stdio_output@@@2@@__crt_stdio_output@@AAE_ND@Z 1000e897 f i libucrt:output.obj
 0001:0000d8f8       ?state_case_precision@?$output_processor@DV?$string_output_adapter@D@__crt_stdio_output@@V?$standard_base@DV?$string_output_adapter@D@__crt_stdio_output@@@2@@__crt_stdio_output@@AAE_NXZ 1000e8f8 f i libucrt:output.obj
 0001:0000d920       ?state_case_precision@?$output_processor@_WV?$string_output_adapter@_W@__crt_stdio_output@@V?$standard_base@_WV?$string_output_adapter@_W@__crt_stdio_output@@@2@@__crt_stdio_output@@AAE_NXZ 1000e920 f i libucrt:output.obj
 0001:0000d949       ?state_case_size@?$output_processor@DV?$string_output_adapter@D@__crt_stdio_output@@V?$standard_base@DV?$string_output_adapter@D@__crt_stdio_output@@@2@@__crt_stdio_output@@AAE_NXZ 1000e949 f i libucrt:output.obj
 0001:0000dab2       ?state_case_size@?$output_processor@_WV?$string_output_adapter@_W@__crt_stdio_output@@V?$standard_base@_WV?$string_output_adapter@_W@__crt_stdio_output@@@2@@__crt_stdio_output@@AAE_NXZ 1000eab2 f i libucrt:output.obj
 0001:0000dc2e       ?state_case_type@?$output_processor@DV?$string_output_adapter@D@__crt_stdio_output@@V?$standard_base@DV?$string_output_adapter@D@__crt_stdio_output@@@2@@__crt_stdio_output@@AAE_NXZ 1000ec2e f i libucrt:output.obj
 0001:0000de5d       ?state_case_type@?$output_processor@_WV?$string_output_adapter@_W@__crt_stdio_output@@V?$standard_base@_WV?$string_output_adapter@_W@__crt_stdio_output@@@2@@__crt_stdio_output@@AAE_NXZ 1000ee5d f i libucrt:output.obj
 0001:0000e0ba       ?state_case_width@?$output_processor@DV?$string_output_adapter@D@__crt_stdio_output@@V?$standard_base@DV?$string_output_adapter@D@__crt_stdio_output@@@2@@__crt_stdio_output@@AAE_NXZ 1000f0ba f i libucrt:output.obj
 0001:0000e0e5       ?state_case_width@?$output_processor@_WV?$string_output_adapter@_W@__crt_stdio_output@@V?$standard_base@_WV?$string_output_adapter@_W@__crt_stdio_output@@@2@@__crt_stdio_output@@AAE_NXZ 1000f0e5 f i libucrt:output.obj
 0001:0000e111       ?to_integer_size@__crt_stdio_output@@YAIW4length_modifier@1@@Z 1000f111 f i libucrt:output.obj
 0001:0000e16d       ?type_case_Z@?$output_processor@DV?$string_output_adapter@D@__crt_stdio_output@@V?$standard_base@DV?$string_output_adapter@D@__crt_stdio_output@@@2@@__crt_stdio_output@@AAE_NXZ 1000f16d f i libucrt:output.obj
 0001:0000e1d0       ?type_case_Z@?$output_processor@_WV?$string_output_adapter@_W@__crt_stdio_output@@V?$standard_base@_WV?$string_output_adapter@_W@__crt_stdio_output@@@2@@__crt_stdio_output@@AAE_NXZ 1000f1d0 f i libucrt:output.obj
 0001:0000e233       ?type_case_a@?$output_processor@DV?$string_output_adapter@D@__crt_stdio_output@@V?$standard_base@DV?$string_output_adapter@D@__crt_stdio_output@@@2@@__crt_stdio_output@@AAE_NXZ 1000f233 f i libucrt:output.obj
 0001:0000e38d       ?type_case_a@?$output_processor@_WV?$string_output_adapter@_W@__crt_stdio_output@@V?$standard_base@_WV?$string_output_adapter@_W@__crt_stdio_output@@@2@@__crt_stdio_output@@AAE_NXZ 1000f38d f i libucrt:output.obj
 0001:0000e4ff       ?type_case_c_tchar@?$output_processor@DV?$string_output_adapter@D@__crt_stdio_output@@V?$standard_base@DV?$string_output_adapter@D@__crt_stdio_output@@@2@@__crt_stdio_output@@AAE_ND@Z 1000f4ff f i libucrt:output.obj
 0001:0000e58f       ?type_case_c_tchar@?$output_processor@_WV?$string_output_adapter@_W@__crt_stdio_output@@V?$standard_base@_WV?$string_output_adapter@_W@__crt_stdio_output@@@2@@__crt_stdio_output@@AAE_N_W@Z 1000f58f f i libucrt:output.obj
 0001:0000e627       ?type_case_integer@?$output_processor@DV?$string_output_adapter@D@__crt_stdio_output@@V?$standard_base@DV?$string_output_adapter@D@__crt_stdio_output@@@2@@__crt_stdio_output@@AAE_NI_N@Z 1000f627 f i libucrt:output.obj
 0001:0000e627       ?type_case_integer@?$output_processor@_WV?$string_output_adapter@_W@__crt_stdio_output@@V?$standard_base@_WV?$string_output_adapter@_W@__crt_stdio_output@@@2@@__crt_stdio_output@@AAE_NI_N@Z 1000f627 f i libucrt:output.obj
 0001:0000e771       ?type_case_n@?$output_processor@_WV?$string_output_adapter@_W@__crt_stdio_output@@V?$standard_base@_WV?$string_output_adapter@_W@__crt_stdio_output@@@2@@__crt_stdio_output@@AAE_NXZ 1000f771 f i libucrt:output.obj
 0001:0000e771       ?type_case_n@?$output_processor@DV?$string_output_adapter@D@__crt_stdio_output@@V?$standard_base@DV?$string_output_adapter@D@__crt_stdio_output@@@2@@__crt_stdio_output@@AAE_NXZ 1000f771 f i libucrt:output.obj
 0001:0000e7e5       ?type_case_o@?$output_processor@DV?$string_output_adapter@D@__crt_stdio_output@@V?$standard_base@DV?$string_output_adapter@D@__crt_stdio_output@@@2@@__crt_stdio_output@@AAE_NXZ 1000f7e5 f i libucrt:output.obj
 0001:0000e7e5       ?type_case_o@?$output_processor@_WV?$string_output_adapter@_W@__crt_stdio_output@@V?$standard_base@_WV?$string_output_adapter@_W@__crt_stdio_output@@@2@@__crt_stdio_output@@AAE_NXZ 1000f7e5 f i libucrt:output.obj
 0001:0000e804       ?type_case_p@?$output_processor@_WV?$string_output_adapter@_W@__crt_stdio_output@@V?$standard_base@_WV?$string_output_adapter@_W@__crt_stdio_output@@@2@@__crt_stdio_output@@AAE_NXZ 1000f804 f i libucrt:output.obj
 0001:0000e804       ?type_case_p@?$output_processor@DV?$string_output_adapter@D@__crt_stdio_output@@V?$standard_base@DV?$string_output_adapter@D@__crt_stdio_output@@@2@@__crt_stdio_output@@AAE_NXZ 1000f804 f i libucrt:output.obj
 0001:0000e81c       ?type_case_s@?$output_processor@DV?$string_output_adapter@D@__crt_stdio_output@@V?$standard_base@DV?$string_output_adapter@D@__crt_stdio_output@@@2@@__crt_stdio_output@@AAE_NXZ 1000f81c f i libucrt:output.obj
 0001:0000e88f       ?type_case_s@?$output_processor@_WV?$string_output_adapter@_W@__crt_stdio_output@@V?$standard_base@_WV?$string_output_adapter@_W@__crt_stdio_output@@@2@@__crt_stdio_output@@AAE_NXZ 1000f88f f i libucrt:output.obj
 0001:0000e903       ?type_case_s_compute_narrow_string_length@?$output_processor@_WV?$string_output_adapter@_W@__crt_stdio_output@@V?$standard_base@_WV?$string_output_adapter@_W@__crt_stdio_output@@@2@@__crt_stdio_output@@ABEHH_W@Z 1000f903 f i libucrt:output.obj
 0001:0000e943       ?write_character@?$string_output_adapter@D@__crt_stdio_output@@QBE_NDQAH@Z 1000f943 f i libucrt:output.obj
 0001:0000e985       ?write_character@?$string_output_adapter@_W@__crt_stdio_output@@QBE_N_WQAH@Z 1000f985 f i libucrt:output.obj
 0001:0000e9ca       ?write_stored_string_tchar@?$output_processor@DV?$string_output_adapter@D@__crt_stdio_output@@V?$standard_base@DV?$string_output_adapter@D@__crt_stdio_output@@@2@@__crt_stdio_output@@AAE_ND@Z 1000f9ca f i libucrt:output.obj
 0001:0000ea71       ?write_stored_string_tchar@?$output_processor@_WV?$string_output_adapter@_W@__crt_stdio_output@@V?$standard_base@_WV?$string_output_adapter@_W@__crt_stdio_output@@@2@@__crt_stdio_output@@AAE_N_W@Z 1000fa71 f i libucrt:output.obj
 0001:0000eafc       ?write_string@?$string_output_adapter@D@__crt_stdio_output@@QBEXQBDHQAH1@Z 1000fafc f i libucrt:output.obj
 0001:0000eb8f       ?write_string@?$string_output_adapter@_W@__crt_stdio_output@@QBEXQB_WHQAH1@Z 1000fb8f f i libucrt:output.obj
 0001:0000ec29       ___stdio_common_vsprintf   1000fc29 f   libucrt:output.obj
 0001:0000ec4d       ___stdio_common_vswprintf  1000fc4d f   libucrt:output.obj
 0001:0000ec71       _wcsncmp                   1000fc71 f   libucrt:wcsncmp.obj
 0001:0000ecab       __initterm                 1000fcab f   libucrt:initterm.obj
 0001:0000ed07       __initterm_e               1000fd07 f   libucrt:initterm.obj
 0001:0000ed4c       __seh_filter_dll           1000fd4c f   libucrt:exception_filter.obj
 0001:0000ed6c       __seh_filter_exe           1000fd6c f   libucrt:exception_filter.obj
 0001:0000f0fa       ___acrt_initialize_thread_local_exit_callback 100100fa f   libucrt:exit.obj
 0001:0000f109       __cexit                    10010109 f   libucrt:exit.obj
 0001:0000f118       __exit                     10010118 f   libucrt:exit.obj
 0001:0000f12e       __is_c_termination_complete 1001012e f   libucrt:exit.obj
 0001:0000f3cd       ___acrt_allocate_buffer_for_argv 100103cd f   libucrt:argv_parsing.obj
 0001:0000f422       __configure_narrow_argv    10010422 f   libucrt:argv_parsing.obj
 0001:0000f586       ??$uninitialize@A6AXAAPAPA_W@Z@?$dual_state_global@PAPA_W@__crt_state_management@@QAEXA6AXAAPAPA_W@Z@Z 10010586 f i libucrt:environment_initialization.obj
 0001:0000f586       ??$uninitialize@A6AXAAPAPAD@Z@?$dual_state_global@PAPAD@__crt_state_management@@QAEXA6AXAAPAPAD@Z@Z 10010586 f i libucrt:environment_initialization.obj
 0001:0000f5fc       ?initialize@?$dual_state_global@PAPAD@__crt_state_management@@QAEXQAPAD@Z 100105fc f i libucrt:environment_initialization.obj
 0001:0000f5fc       ?initialize@?$dual_state_global@P6AHPAU_exception@@@Z@__crt_state_management@@QAEXQ6AHPAU_exception@@@Z@Z 100105fc f i libucrt:matherr.obj
 0001:0000f5fc       ?initialize@?$dual_state_global@P6AXH@Z@__crt_state_management@@QAEXQ6AXH@Z@Z 100105fc f i libucrt:signal.obj
 0001:0000f5fc       ?initialize@?$dual_state_global@P6AHI@Z@__crt_state_management@@QAEXQ6AHI@Z@Z 100105fc f i libucrt:new_handler.obj
 0001:0000f5fc       ?initialize@?$dual_state_global@P6AXPB_W00II@Z@__crt_state_management@@QAEXQ6AXPB_W00II@Z@Z 100105fc f i libucrt:invalid_parameter.obj
 0001:0000f5fc       ?initialize@?$dual_state_global@PAU__crt_locale_data@@@__crt_state_management@@QAEXQAU__crt_locale_data@@@Z 100105fc f i libucrt:initialization.obj
 0001:0000f62d       ___dcrt_uninitialize_environments_nolock 1001062d f   libucrt:environment_initialization.obj
 0001:0000f664       __initialize_narrow_environment 10010664 f   libucrt:environment_initialization.obj
 0001:0000f669       ??$?RV<lambda_800076c951b434888f4765a74a194fcc>@@AAV<lambda_4e60a939b0d047cfe11ddc22648dfba9>@@V<lambda_6dbb1268764f43b569ce7b67e331d33a>@@@?$__crt_seh_guarded_call@H@@QAEH$$QAV<lambda_800076c951b434888f4765a74a194fcc>@@AAV<lambda_4e60a939b0d047cfe11ddc22648dfba9>@@$$QAV<lambda_6dbb1268764f43b569ce7b67e331d33a>@@@Z 10010669 f i libucrt:onexit.obj
 0001:0000f6ba       ??$?RV<lambda_995298e7d72eb4c2aab26c0585b3abe5>@@AAV<lambda_275893d493268fdec8709772e3fcec0e>@@V<lambda_293819299cbf9a7022e18b56a874bb5c>@@@?$__crt_seh_guarded_call@H@@QAEH$$QAV<lambda_995298e7d72eb4c2aab26c0585b3abe5>@@AAV<lambda_275893d493268fdec8709772e3fcec0e>@@$$QAV<lambda_293819299cbf9a7022e18b56a874bb5c>@@@Z 100106ba f i libucrt:onexit.obj
 0001:0000f70b       ??$__acrt_lock_and_call@V<lambda_275893d493268fdec8709772e3fcec0e>@@@@YAHW4__acrt_lock_id@@$$QAV<lambda_275893d493268fdec8709772e3fcec0e>@@@Z 1001070b f i libucrt:onexit.obj
 0001:0000f733       ??$__acrt_lock_and_call@V<lambda_4e60a939b0d047cfe11ddc22648dfba9>@@@@YAHW4__acrt_lock_id@@$$QAV<lambda_4e60a939b0d047cfe11ddc22648dfba9>@@@Z 10010733 f i libucrt:onexit.obj
 0001:0000f75b       ??$__crt_fast_encode_pointer@P6AHXZ@@YAP6AHXZQ6AHXZ@Z 1001075b f i libucrt:onexit.obj
 0001:0000f9db       __crt_atexit               100109db f   libucrt:onexit.obj
 0001:0000f9f1       __execute_onexit_table     100109f1 f   libucrt:onexit.obj
 0001:0000fa0e       __initialize_onexit_table  10010a0e f   libucrt:onexit.obj
 0001:0000fa4b       __register_onexit_function 10010a4b f   libucrt:onexit.obj
 0001:0000fa9b       ___acrt_uninitialize_command_line 10010a9b f   libucrt:argv_data.obj
 0001:0000fb63       ___acrt_initialize         10010b63 f   libucrt:initialization.obj
 0001:0000fb75       ___acrt_thread_attach      10010b75 f   libucrt:initialization.obj
 0001:0000fb80       ___acrt_thread_detach      10010b80 f   libucrt:initialization.obj
 0001:0000fb88       ___acrt_uninitialize       10010b88 f   libucrt:initialization.obj
 0001:0000fb9a       ___acrt_uninitialize_critical 10010b9a f   libucrt:initialization.obj
 0001:0000fbac       _terminate                 10010bac f   libucrt:terminate.obj
 0001:0000fbe8       _free                      10010be8 f   libucrt:free.obj
 0001:0000fbed       _malloc                    10010bed f   libucrt:malloc.obj
 0001:0000fbf8       _strcpy_s                  10010bf8 f   libucrt:strcpy_s.obj
 0001:0000fc52       _abort                     10010c52 f   libucrt:abort.obj
 0001:0000fc95       _calloc                    10010c95 f   libucrt:calloc.obj
 0001:0000fca0       _strncmp                   10010ca0 f   libucrt:strncmp.obj
 0001:0000fd18       ___acrt_call_reportfault   10010d18 f   libucrt:invalid_parameter.obj
 0001:0000fe53       ___acrt_initialize_invalid_parameter_handler 10010e53 f   libucrt:invalid_parameter.obj
 0001:0000fe67       __invalid_parameter        10010e67 f   libucrt:invalid_parameter.obj
 0001:0000fee2       __invalid_parameter_noinfo 10010ee2 f   libucrt:invalid_parameter.obj
 0001:0000fef2       __invoke_watson            10010ef2 f   libucrt:invalid_parameter.obj
 0001:0000ff25       ___acrt_errno_from_os_error 10010f25 f   libucrt:errno.obj
 0001:0000ff68       ___acrt_errno_map_os_error 10010f68 f   libucrt:errno.obj
 0001:0000ff8b       ___doserrno                10010f8b f   libucrt:errno.obj
 0001:0000ff9e       __errno                    10010f9e f   libucrt:errno.obj
 0001:0000ffb1       ___pctype_func             10010fb1 f   libucrt:ctype.obj
 0001:0000ffd9       _iswctype                  10010fd9 f   libucrt:iswctype.obj
 0001:00010038       __isctype_l                10011038 f   libucrt:isctype.obj
 0001:0001010a       ??$?RV<lambda_3518db117f0e7cdb002338c5d3c47b6c>@@AAV<lambda_b2ea41f6bbb362cd97d94c6828d90b61>@@V<lambda_abdedf541bb04549bc734292b4a045d4>@@@?$__crt_seh_guarded_call@X@@QAEX$$QAV<lambda_3518db117f0e7cdb002338c5d3c47b6c>@@AAV<lambda_b2ea41f6bbb362cd97d94c6828d90b61>@@$$QAV<lambda_abdedf541bb04549bc734292b4a045d4>@@@Z 1001110a f i libucrt:per_thread_data.obj
 0001:0001015a       ??$?RV<lambda_51b6e8b1eb166f2a3faf91f424b38130>@@AAV<lambda_6250bd4b2a391816dd638c3bf72b0bcb>@@V<lambda_0b5a4a3e68152e1d9b943535f5f47bed>@@@?$__crt_seh_guarded_call@X@@QAEX$$QAV<lambda_51b6e8b1eb166f2a3faf91f424b38130>@@AAV<lambda_6250bd4b2a391816dd638c3bf72b0bcb>@@$$QAV<lambda_0b5a4a3e68152e1d9b943535f5f47bed>@@@Z 1001115a f i libucrt:per_thread_data.obj
 0001:000101bb       ??$?RV<lambda_5b71d36f03204c0beab531769a5b5694>@@AAV<lambda_be2b3da3f62db62e9dad5dc70221a656>@@V<lambda_8f9ce462984622f9bf76b59e2aaaf805>@@@?$__crt_seh_guarded_call@X@@QAEX$$QAV<lambda_5b71d36f03204c0beab531769a5b5694>@@AAV<lambda_be2b3da3f62db62e9dad5dc70221a656>@@$$QAV<lambda_8f9ce462984622f9bf76b59e2aaaf805>@@@Z 100111bb f i libucrt:per_thread_data.obj
 0001:00010206       ??$?RV<lambda_9df27f884b057bc3edfc946cb5b7cf47>@@AAV<lambda_e69574bed617af4e071282c136b37893>@@V<lambda_cc0d902bcbbeb830f749456577db4721>@@@?$__crt_seh_guarded_call@X@@QAEX$$QAV<lambda_9df27f884b057bc3edfc946cb5b7cf47>@@AAV<lambda_e69574bed617af4e071282c136b37893>@@$$QAV<lambda_cc0d902bcbbeb830f749456577db4721>@@@Z 10011206 f i libucrt:per_thread_data.obj
 0001:0001024e       ??$__acrt_lock_and_call@V<lambda_6250bd4b2a391816dd638c3bf72b0bcb>@@@@YAXW4__acrt_lock_id@@$$QAV<lambda_6250bd4b2a391816dd638c3bf72b0bcb>@@@Z 1001124e f i libucrt:per_thread_data.obj
 0001:00010276       ??$__acrt_lock_and_call@V<lambda_b2ea41f6bbb362cd97d94c6828d90b61>@@@@YAXW4__acrt_lock_id@@$$QAV<lambda_b2ea41f6bbb362cd97d94c6828d90b61>@@@Z 10011276 f i libucrt:per_thread_data.obj
 0001:0001029e       ??$__acrt_lock_and_call@V<lambda_be2b3da3f62db62e9dad5dc70221a656>@@@@YAXW4__acrt_lock_id@@$$QAV<lambda_be2b3da3f62db62e9dad5dc70221a656>@@@Z 1001129e f i libucrt:per_thread_data.obj
 0001:000102c6       ??$__acrt_lock_and_call@V<lambda_e69574bed617af4e071282c136b37893>@@@@YAXW4__acrt_lock_id@@$$QAV<lambda_e69574bed617af4e071282c136b37893>@@@Z 100112c6 f i libucrt:per_thread_data.obj
 0001:0001047c       ___acrt_freeptd            1001147c f   libucrt:per_thread_data.obj
 0001:000104a8       ___acrt_getptd             100114a8 f   libucrt:per_thread_data.obj
 0001:0001052c       ___acrt_getptd_noexit      1001152c f   libucrt:per_thread_data.obj
 0001:000105b1       ___acrt_initialize_ptd     100115b1 f   libucrt:per_thread_data.obj
 0001:000105dd       ___acrt_uninitialize_ptd   100115dd f   libucrt:per_thread_data.obj
 0001:000105f7       ___acrt_update_locale_info 100115f7 f   libucrt:locale_update.obj
 0001:00010624       ___acrt_update_multibyte_info 10011624 f   libucrt:locale_update.obj
 0001:00010651       ___acrt_set_locale_changed 10011651 f   libucrt:wsetlocale.obj
 0001:0001065c       ___acrt_uninitialize_locale 1001165c f   libucrt:wsetlocale.obj
 0001:000106ae       __isdigit_l                100116ae f i libucrt:_ctype.obj
 0001:000106e6       _isdigit                   100116e6 f i libucrt:_ctype.obj
 0001:0001087a       __tolower_l                1001187a f   libucrt:tolower_toupper.obj
 0001:00010894       _tolower                   10011894 f   libucrt:tolower_toupper.obj
 0001:000108c4       __free_base                100118c4 f   libucrt:free_base.obj
 0001:000108fe       __malloc_base              100118fe f   libucrt:malloc_base.obj
 0001:0001094c       __mbtowc_l                 1001194c f   libucrt:mbtowc.obj
 0001:00010a46       _mbtowc                    10011a46 f   libucrt:mbtowc.obj
 0001:00010a60       __wctomb_s_l               10011a60 f   libucrt:wctomb.obj
 0001:00010b81       _wctomb_s                  10011b81 f   libucrt:wctomb.obj
 0001:00010b9e       _strnlen                   10011b9e f   libucrt:strnlen.obj
 0001:00010cc5       _wcsnlen                   10011cc5 f   libucrt:strnlen.obj
 0001:00010e7c       ?__acrt_fp_classify@@YA?AW4__acrt_fp_class@@ABN@Z 10011e7c f i libucrt:cvt.obj
 0001:00010ee8       ?__acrt_fp_is_negative@@YA_NABN@Z 10011ee8 f i libucrt:cvt.obj
 0001:00011747       ___acrt_fp_format          10012747 f   libucrt:cvt.obj
 0001:00011891       __fileno                   10012891 f   libucrt:fileno.obj
 0001:000118b7       ___acrt_initialize_stdio   100128b7 f   libucrt:_file.obj
 0001:0001197f       ___acrt_uninitialize_stdio 1001297f f   libucrt:_file.obj
 0001:000119cb       __lock_file                100129cb f   libucrt:_file.obj
 0001:000119df       __unlock_file              100129df f   libucrt:_file.obj
 0001:000119f3       __get_printf_count_output  100129f3 f   libucrt:printf_count_output.obj
 0001:00011b74       ___acrt_initialize_lowio   10012b74 f   libucrt:ioinit.obj
 0001:00011bca       ___acrt_uninitialize_lowio 10012bca f   libucrt:ioinit.obj
 0001:00011bf6       ___acrt_initialize_locks   10012bf6 f   libucrt:locks.obj
 0001:00011c37       ___acrt_lock               10012c37 f   libucrt:locks.obj
 0001:00011c4e       ___acrt_uninitialize_locks 10012c4e f   libucrt:locks.obj
 0001:00011c7f       ___acrt_unlock             10012c7f f   libucrt:locks.obj
 0001:00011dad       ___acrt_FlsAlloc@4         10012dad f   libucrt:winapi_thunks.obj
 0001:00011e03       ___acrt_FlsFree@4          10012e03 f   libucrt:winapi_thunks.obj
 0001:00011e59       ___acrt_FlsGetValue@4      10012e59 f   libucrt:winapi_thunks.obj
 0001:00011eaf       ___acrt_FlsSetValue@8      10012eaf f   libucrt:winapi_thunks.obj
 0001:00011f08       ___acrt_InitializeCriticalSectionEx@12 10012f08 f   libucrt:winapi_thunks.obj
 0001:00011f6a       ___acrt_LCMapStringEx@36   10012f6a f   libucrt:winapi_thunks.obj
 0001:00011ff2       ___acrt_LocaleNameToLCID@8 10012ff2 f   libucrt:winapi_thunks.obj
 0001:0001204e       ___acrt_initialize_winapi_thunks 1001304e f   libucrt:winapi_thunks.obj
 0001:00012074       ___acrt_is_packaged_app    10013074 f   libucrt:winapi_thunks.obj
 0001:000120fb       ___acrt_uninitialize_winapi_thunks 100130fb f   libucrt:winapi_thunks.obj
 0001:00012131       __calloc_base              10013131 f   libucrt:calloc_base.obj
 0001:00012550       ??1?$argument_list@D@?A0xb0e4b824@@QAE@XZ 10013550 f i libucrt:argv_wildcards.obj
 0001:00012575       ?append@?$argument_list@D@?A0xb0e4b824@@QAEHQAD@Z 10013575 f i libucrt:argv_wildcards.obj
 0001:000125aa       ?expand_if_necessary@?$argument_list@D@?A0xb0e4b824@@AAEHXZ 100135aa f i libucrt:argv_wildcards.obj
 0001:00012631       ___acrt_expand_narrow_argv_wildcards 10013631 f   libucrt:argv_wildcards.obj
 0001:0001263c       ??$?RV<lambda_978dc153c237d78434369da87b74ff60>@@AAV<lambda_ad1ced32f4ac17aa236e5ef05d6b3b7c>@@V<lambda_4a8533e2866a575feecb8298ce776b0d>@@@?$__crt_seh_guarded_call@X@@QAEX$$QAV<lambda_978dc153c237d78434369da87b74ff60>@@AAV<lambda_ad1ced32f4ac17aa236e5ef05d6b3b7c>@@$$QAV<lambda_4a8533e2866a575feecb8298ce776b0d>@@@Z 1001363c f i libucrt:mbctype.obj
 0001:0001267f       ??$__acrt_lock_and_call@V<lambda_ad1ced32f4ac17aa236e5ef05d6b3b7c>@@@@YAXW4__acrt_lock_id@@$$QAV<lambda_ad1ced32f4ac17aa236e5ef05d6b3b7c>@@@Z 1001367f f i libucrt:mbctype.obj
 0001:00012b16       ___acrt_initialize_multibyte 10013b16 f   libucrt:mbctype.obj
 0001:00012b34       ___acrt_update_thread_multibyte_data 10013b34 f   libucrt:mbctype.obj
 0001:00012bd6       __setmbcp_nolock           10013bd6 f   libucrt:mbctype.obj
 0001:00012ea1       __ismbblead                10013ea1 f   libucrt:ismbbyte.obj
 0001:00012eb9       ___acrt_initialize_command_line 10013eb9 f   libucrt:argv_data.obj
 0001:00012f09       ___dcrt_get_narrow_environment_from_os 10013f09 f   libucrt:get_environment_from_os.obj
 0001:00012f8c       __recalloc                 10013f8c f   libucrt:recalloc.obj
 0001:00012f97       __recalloc_base            10013f97 f   libucrt:recalloc.obj
 0001:00013004       ___acrt_initialize_heap    10014004 f   libucrt:heap_handle.obj
 0001:00013015       ___acrt_uninitialize_heap  10014015 f   libucrt:heap_handle.obj
 0001:0001301f       ___acrt_execute_initializers 1001401f f   libucrt:shared_initialization.obj
 0001:000130a2       ___acrt_execute_uninitializers 100140a2 f   libucrt:shared_initialization.obj
 0001:000130ef       ___acrt_initialize_new_handler 100140ef f   libucrt:new_handler.obj
 0001:00013103       __callnewh                 10014103 f   libucrt:new_handler.obj
 0001:00013147       __query_new_handler        10014147 f   libucrt:new_handler.obj
 0001:00013199       ??$?RV<lambda_a048d3beccc847880fc8490e18b82769>@@AAV<lambda_ec61778202f4f5fc7e7711acc23c3bca>@@V<lambda_f7496a158712204296dd6628a163878e>@@@?$__crt_seh_guarded_call@P6AXH@Z@@QAEP6AXH@Z$$QAV<lambda_a048d3beccc847880fc8490e18b82769>@@AAV<lambda_ec61778202f4f5fc7e7711acc23c3bca>@@$$QAV<lambda_f7496a158712204296dd6628a163878e>@@@Z 10014199 f i libucrt:signal.obj
 0001:000131f3       ??$__acrt_lock_and_call@V<lambda_ec61778202f4f5fc7e7711acc23c3bca>@@@@YAP6AXH@ZW4__acrt_lock_id@@$$QAV<lambda_ec61778202f4f5fc7e7711acc23c3bca>@@@Z 100141f3 f i libucrt:signal.obj
 0001:00013285       ___acrt_get_sigabrt_handler 10014285 f   libucrt:signal.obj
 0001:0001329c       ___acrt_initialize_signal_handlers 1001429c f   libucrt:signal.obj
 0001:000132d7       ___fpecode                 100142d7 f   libucrt:signal.obj
 0001:000132e0       _raise                     100142e0 f   libucrt:signal.obj
 0001:000134e8       ___acrt_has_user_matherr   100144e8 f   libucrt:matherr.obj
 0001:00013501       ___acrt_initialize_user_matherr 10014501 f   libucrt:matherr.obj
 0001:00013515       ___acrt_invoke_user_matherr 10014515 f   libucrt:matherr.obj
 0001:0001355e       __isleadbyte_l             1001455e f i libucrt:_wctype.obj
 0001:00013597       ___acrt_GetStringTypeA     10014597 f   libucrt:getstringtypea.obj
 0001:000136b4       __freea_crt                100146b4 f i libucrt:getstringtypea.obj
 0001:000136d4       ___acrt_add_locale_ref     100146d4 f   libucrt:locale_refcounting.obj
 0001:00013751       ___acrt_free_locale        10014751 f   libucrt:locale_refcounting.obj
 0001:0001389b       ___acrt_locale_add_lc_time_reference 1001489b f   libucrt:locale_refcounting.obj
 0001:000138c4       ___acrt_locale_free_lc_time_if_unreferenced 100148c4 f   libucrt:locale_refcounting.obj
 0001:000138f4       ___acrt_locale_release_lc_time_reference 100148f4 f   libucrt:locale_refcounting.obj
 0001:0001391d       ___acrt_release_locale_ref 1001491d f   libucrt:locale_refcounting.obj
 0001:0001399e       ___acrt_update_thread_locale_data 1001499e f   libucrt:locale_refcounting.obj
 0001:00013a15       __updatetlocinfoEx_nolock  10014a15 f   libucrt:locale_refcounting.obj
 0001:00013a65       ___acrt_locale_free_monetary 10014a65 f   libucrt:initmon.obj
 0001:00013b63       ___acrt_locale_free_numeric 10014b63 f   libucrt:initnum.obj
 0001:00013c08       ___acrt_locale_free_time   10014c08 f   libucrt:inittime.obj
 0001:00013f09       ___acrt_LCMapStringA       10014f09 f   libucrt:lcmapstringa.obj
 0001:00013f54       __query_new_mode           10014f54 f   libucrt:new_mode.obj
 0001:00013f5a       ___acrt_fp_strflt_to_string 10014f5a f   libucrt:_fptostr.obj
 0001:00014016       ??0scoped_fp_state_reset@?A0x48fbfdd4@@QAE@XZ 10015016 f i libucrt:cfout.obj
 0001:00014040       ?divide@__crt_strtox@@YA_KAAUbig_integer@1@ABU21@@Z 10015040 f i libucrt:cfout.obj
 0001:000144ee       ___acrt_fltout             100154ee f   libucrt:cfout.obj
 0001:0001588a       __fcloseall                1001688a f   libucrt:closeall.obj
 0001:0001592a       ___acrt_stdio_flush_nolock 1001692a f   libucrt:fflush.obj
 0001:00015990       __fflush_nolock            10016990 f   libucrt:fflush.obj
 0001:000159d7       __flushall                 100169d7 f   libucrt:fflush.obj
 0001:00015ab8       ___acrt_stdio_free_buffer_nolock 10016ab8 f   libucrt:_freebuf.obj
 0001:00015af6       __isatty                   10016af6 f   libucrt:isatty.obj
 0001:00015b4c       ___acrt_lowio_create_handle_array 10016b4c f   libucrt:osfinfo.obj
 0001:00015bc6       ___acrt_lowio_destroy_handle_array 10016bc6 f   libucrt:osfinfo.obj
 0001:00015bfb       ___acrt_lowio_ensure_fh_exists 10016bfb f   libucrt:osfinfo.obj
 0001:00015c93       ___acrt_lowio_lock_fh      10016c93 f   libucrt:osfinfo.obj
 0001:00015cb6       ___acrt_lowio_unlock_fh    10016cb6 f   libucrt:osfinfo.obj
 0001:00015cd9       __free_osfhnd              10016cd9 f   libucrt:osfinfo.obj
 0001:00015d6a       __get_osfhandle            10016d6a f   libucrt:osfinfo.obj
 0001:00015e90       ___acrt_DownlevelLocaleNameToLCID 10016e90 f   libucrt:lcidtoname_downlevel.obj
 0001:00015fa0       _qsort                     10016fa0 f   libucrt:qsort.obj
 0001:000163eb       _strncpy_s                 100173eb f   libucrt:strncpy_s.obj
 0001:00016400       _strpbrk                   10017400 f   libucrt:strpbrk.obj
 0001:00016440       __mbsdec                   10017440 f   libucrt:mbsdec.obj
 0001:00016457       __mbsdec_l                 10017457 f   libucrt:mbsdec.obj
 0001:000164f3       __msize                    100174f3 f   libucrt:msize.obj
 0001:00016526       __realloc_base             10017526 f   libucrt:realloc_base.obj
 0001:0001658f       ___strncnt                 1001758f f   libucrt:strncnt.obj
 0001:000165ab       _fegetenv                  100175ab f   libucrt:fegetenv.obj
 0001:000165c8       _fesetenv                  100175c8 f   libucrt:fesetenv.obj
 0001:00016611       _feholdexcept              10017611 f   libucrt:feholdexcept.obj
 0001:00016660       _log10                     10017660 f   libucrt:log10.obj
 0001:000166a0       __CIlog10                  100176a0 f   libucrt:log10.obj
 0001:000166db       __CIlog10_default          100176db f   libucrt:log10.obj
 0001:000166ef       __log10_default            100176ef     libucrt:log10.obj
 0001:000167b0       _ceil                      100177b0 f   libucrt:ceil_pentium4.obj
 0001:000167f0       __ceil_pentium4            100177f0 f   libucrt:ceil_pentium4.obj
 0001:00016e5d       __write                    10017e5d f   libucrt:write.obj
 0001:00016f48       __write_nolock             10017f48 f   libucrt:write.obj
 0001:000171d2       __lseeki64_nolock          100181d2 f   libucrt:lseek.obj
 0001:000171ed       __fclose_nolock            100181ed f   libucrt:fclose.obj
 0001:00017263       _fclose                    10018263 f   libucrt:fclose.obj
 0001:000172e3       ??$?RV<lambda_61cee617f5178ae960314fd4d05640a0>@@AAV<lambda_6978c1fb23f02e42e1d9e99668cc68aa>@@V<lambda_9cd88cf8ad10232537feb2133f08c833>@@@?$__crt_seh_guarded_call@H@@QAEH$$QAV<lambda_61cee617f5178ae960314fd4d05640a0>@@AAV<lambda_6978c1fb23f02e42e1d9e99668cc68aa>@@$$QAV<lambda_9cd88cf8ad10232537feb2133f08c833>@@@Z 100182e3 f i libucrt:commit.obj
 0001:0001737b       ??$__acrt_lowio_lock_fh_and_call@V<lambda_6978c1fb23f02e42e1d9e99668cc68aa>@@@@YAHH$$QAV<lambda_6978c1fb23f02e42e1d9e99668cc68aa>@@@Z 1001837b f i libucrt:commit.obj
 0001:000173a3       __commit                   100183a3 f   libucrt:commit.obj
 0001:00017412       __query_app_type           10018412 f   libucrt:report_runtime_error.obj
 0001:000176bb       __getfpcontrolword         100186bb f   libucrt:_fenvutils.obj
 0001:000176fe       __getfpstatusword          100186fe f   libucrt:_fenvutils.obj
 0001:000177a6       __setfpcontrolword         100187a6 f   libucrt:_fenvutils.obj
 0001:00017826       __setfpstatusword          10018826 f   libucrt:_fenvutils.obj
 0001:000178a6       __clearfp                  100188a6 f   libucrt:ieee87.obj
 0001:00017984       ___acrt_initialize_sse2    10018984 f   libucrt:mathfcns.obj
 0001:000179a0       __CIlog10_pentium4         100189a0 f   libucrt:log10_pentium4.obj
 0001:000179b8       __log10_pentium4           100189b8     libucrt:log10_pentium4.obj
 0001:00017c41       __fFEXP                    10018c41     libucrt:87tran.obj
 0001:00017c98       __rtinfpopse               10018c98     libucrt:87tran.obj
 0001:00017c9a       __rtinfnpopse              10018c9a     libucrt:87tran.obj
 0001:00017caa       __fFLN                     10018caa     libucrt:87tran.obj
 0001:00017d5f       __rtinfpop                 10018d5f     libucrt:87tran.obj
 0001:00017d61       __rtinfnpop                10018d61     libucrt:87tran.obj
 0001:00017d7e       __ffexpm1                  10018d7e     libucrt:87tran.obj
 0001:00017e30       __trandisp1                10018e30 f   libucrt:87disp.obj
 0001:00017e97       __trandisp2                10018e97 f   libucrt:87disp.obj
 0001:00017f23       __rttospopde               10018f23     libucrt:87disp.obj
 0001:00017f28       __rttospop                 10018f28     libucrt:87disp.obj
 0001:00017f2a       __rtnospop                 10018f2a     libucrt:87disp.obj
 0001:00017f2c       __rttosnpop                10018f2c     libucrt:87disp.obj
 0001:00017f2d       __rtnospopde               10018f2d     libucrt:87disp.obj
 0001:00017f34       __rtzeropop                10018f34     libucrt:87disp.obj
 0001:00017f36       __rtzeronpop               10018f36     libucrt:87disp.obj
 0001:00017f3b       __rtzerospop               10018f3b     libucrt:87disp.obj
 0001:00017f48       __rtonepop                 10018f48     libucrt:87disp.obj
 0001:00017f4a       __rtonenpop                10018f4a     libucrt:87disp.obj
 0001:00017f4f       __tosnan1                  10018f4f     libucrt:87disp.obj
 0001:00017f7a       __nosnan2                  10018f7a     libucrt:87disp.obj
 0001:00017f7c       __tosnan2                  10018f7c     libucrt:87disp.obj
 0001:00017fa4       __nan2                     10018fa4     libucrt:87disp.obj
 0001:00017fe3       __rtindfpop                10018fe3     libucrt:87disp.obj
 0001:00017fe5       __rtindfnpop               10018fe5     libucrt:87disp.obj
 0001:00017ff6       __rttosnpopde              10018ff6     libucrt:87disp.obj
 0001:00018000       __rtatan2inf               10019000     libucrt:87disp.obj
 0001:0001801d       __rtchsifneg               1001901d     libucrt:87disp.obj
 0001:00018030       __twoToTOS                 10019030 f   libucrt:common.obj
 0001:00018045       __load_CW                  10019045 f   libucrt:common.obj
 0001:0001805c       __convertTOStoQNaN         1001905c f   libucrt:common.obj
 0001:00018075       __fload_withFB             10019075 f   libucrt:common.obj
 0001:000180b8       __checkTOS_withFB          100190b8 f   libucrt:common.obj
 0001:000180ce       __fast_exit                100190ce f   libucrt:common.obj
 0001:000180db       __math_exit                100190db f   libucrt:common.obj
 0001:00018105       __check_overflow_exit      10019105 f   libucrt:common.obj
 0001:00018119       __check_range_exit         10019119 f   libucrt:common.obj
 0001:000181c0       __startTwoArgErrorHandling 100191c0 f   libucrt:genexcep.obj
 0001:000181d7       __startOneArgErrorHandling 100191d7 f   libucrt:genexcep.obj
 0001:00018213       ___libm_error_support      10019213 f   libucrt:libm_error.obj
 0001:0001842b       __ceil_default             1001942b f   libucrt:ceil.obj
 0001:000184e4       __putwch_nolock            100194e4 f   libucrt:putwch.obj
 0001:00018529       ??$?RV<lambda_123407a5e2ac06da108355a851863b7a>@@AAV<lambda_2fe9b910cf3cbf4a0ab98a02ba45b3ec>@@V<lambda_ae55bdf541ad94d75914d381c370e64d>@@@?$__crt_seh_guarded_call@H@@QAEH$$QAV<lambda_123407a5e2ac06da108355a851863b7a>@@AAV<lambda_2fe9b910cf3cbf4a0ab98a02ba45b3ec>@@$$QAV<lambda_ae55bdf541ad94d75914d381c370e64d>@@@Z 10019529 f i libucrt:close.obj
 0001:000185ab       ??$__acrt_lowio_lock_fh_and_call@V<lambda_2fe9b910cf3cbf4a0ab98a02ba45b3ec>@@@@YAHH$$QAV<lambda_2fe9b910cf3cbf4a0ab98a02ba45b3ec>@@@Z 100195ab f i libucrt:close.obj
 0001:000185d3       __close                    100195d3 f   libucrt:close.obj
 0001:00018652       __close_nolock             10019652 f   libucrt:close.obj
 0001:000186ee       ?__acrt_stdio_free_stream@@YAXV__crt_stdio_stream@@@Z 100196ee f   libucrt:stream.obj
 0001:00018730       ___ascii_strnicmp          10019730 f   libucrt:_strnicm.obj
 0001:00018791       __clrfp                    10019791 f   libucrt:fpctrl.obj
 0001:000187a4       __ctrlfp                   100197a4 f   libucrt:fpctrl.obj
 0001:000187d0       __set_statfp               100197d0 f   libucrt:fpctrl.obj
 0001:0001882b       __statfp                   1001982b f   libucrt:fpctrl.obj
 0001:0001883d       __d_inttype                1001983d f   libucrt:powhlp.obj
 0001:000188a7       __powhlp                   100198a7 f   libucrt:powhlp.obj
 0001:000189d2       __87except                 100199d2 f   libucrt:87except.obj
 0001:00018add       __frnd                     10019add f   libucrt:frnd.obj
 0001:00018af3       __errcode                  10019af3 f   libucrt:fpexcept.obj
 0001:00018b27       __except1                  10019b27 f   libucrt:fpexcept.obj
 0001:00018bf5       __handle_exc               10019bf5 f   libucrt:fpexcept.obj
 0001:00018dd5       __raise_exc                10019dd5 f   libucrt:fpexcept.obj
 0001:00018df8       __raise_exc_ex             10019df8 f   libucrt:fpexcept.obj
 0001:000190e9       __set_errno_from_matherr   1001a0e9 f   libucrt:fpexcept.obj
 0001:00019118       __umatherr                 1001a118 f   libucrt:fpexcept.obj
 0001:000191ba       __decomp                   1001a1ba f   libucrt:util.obj
 0001:0001928e       __set_exp                  1001a28e f   libucrt:util.obj
 0001:000192bd       __sptype                   1001a2bd f   libucrt:util.obj
 0001:0001931b       ___dcrt_lowio_initialize_console_output 1001a31b f   libucrt:initcon.obj
 0001:0001933a       ___dcrt_terminate_console_output 1001a33a f   libucrt:initcon.obj
 0001:00019351       __fpclass                  1001a351 f   libucrt:ieeemisc.obj
 0001:000193f5       _IsProcessorFeaturePresent@4 1001a3f5 f   kernel32:KERNEL32.dll
 0001:00019400       __FindPESection            1001a400 f   LIBCMT:pesect.obj
 0001:00019450       __IsNonwritableInCurrentImage 1001a450 f   LIBCMT:pesect.obj
 0001:00019510       __ValidateImageBase        1001a510 f   LIBCMT:pesect.obj
 0001:00019550       __aulldvrm                 1001a550 f   LIBCMT:ulldvrm.obj
 0001:000195f0       __SEH_prolog4_GS           1001a5f0 f   LIBCMT:sehprolg4gs.obj
 0001:00019639       __SEH_epilog4_GS           1001a639 f   LIBCMT:sehprolg4gs.obj
 0001:00019650       __alldvrm                  1001a650 f   LIBCMT:lldvrm.obj
 0001:00019730       __aullshr                  1001a730 f   LIBCMT:ullshr.obj
 0001:00019750       __alloca_probe_16          1001a750 f   LIBCMT:alloca16.obj
 0001:00019766       __alloca_probe_8           1001a766     LIBCMT:alloca16.obj
 0001:00019780       __allshl                   1001a780 f   LIBCMT:llshl.obj
 0001:000197a0       __ftol2_sse                1001a7a0 f   LIBCMT:ftol2.obj
 0001:000197a9       __ftol2_pentium4           1001a7a9 f   LIBCMT:ftol2.obj
 0001:000197bc       __ftol2_sse_excpt          1001a7bc f   LIBCMT:ftol2.obj
 0001:000197e0       __ftol2                    1001a7e0 f   LIBCMT:ftol2.obj
 0001:00019860       __chkstk                   1001a860 f   LIBCMT:chkstk.obj
 0001:00019860       __alloca_probe             1001a860 f   LIBCMT:chkstk.obj
 0002:00000000       __imp__RegQueryValueExW@24 1001b000     advapi32:ADVAPI32.dll
 0002:00000004       __imp__RegOpenKeyExW@20    1001b004     advapi32:ADVAPI32.dll
 0002:00000008       __imp__RegCreateKeyExW@36  1001b008     advapi32:ADVAPI32.dll
 0002:0000000c       __imp__RegCloseKey@4       1001b00c     advapi32:ADVAPI32.dll
 0002:00000010       __imp__RegSetValueExW@24   1001b010     advapi32:ADVAPI32.dll
 0002:00000014       \177ADVAPI32_NULL_THUNK_DATA 1001b014     advapi32:ADVAPI32.dll
 0002:00000018       __imp__SetTextColor@8      1001b018     gdi32:GDI32.dll
 0002:0000001c       __imp__StretchBlt@44       1001b01c     gdi32:GDI32.dll
 0002:00000020       __imp__SetBkMode@8         1001b020     gdi32:GDI32.dll
 0002:00000024       __imp__SelectObject@8      1001b024     gdi32:GDI32.dll
 0002:00000028       __imp__DeleteObject@4      1001b028     gdi32:GDI32.dll
 0002:0000002c       __imp__DeleteDC@4          1001b02c     gdi32:GDI32.dll
 0002:00000030       __imp__CreateSolidBrush@4  1001b030     gdi32:GDI32.dll
 0002:00000034       __imp__CreateFontIndirectW@4 1001b034     gdi32:GDI32.dll
 0002:00000038       __imp__CreateCompatibleDC@4 1001b038     gdi32:GDI32.dll
 0002:0000003c       __imp__CreateCompatibleBitmap@12 1001b03c     gdi32:GDI32.dll
 0002:00000040       __imp__BitBlt@36           1001b040     gdi32:GDI32.dll
 0002:00000044       \177GDI32_NULL_THUNK_DATA  1001b044     gdi32:GDI32.dll
 0002:00000048       __imp__GetLocalTime@4      1001b048     kernel32:KERNEL32.dll
 0002:0000004c       __imp__SystemTimeToFileTime@8 1001b04c     kernel32:KERNEL32.dll
 0002:00000050       __imp__lstrcmpW@8          1001b050     kernel32:KERNEL32.dll
 0002:00000054       __imp__lstrcmpiW@8         1001b054     kernel32:KERNEL32.dll
 0002:00000058       __imp__lstrcpynW@12        1001b058     kernel32:KERNEL32.dll
 0002:0000005c       __imp__lstrcpyW@8          1001b05c     kernel32:KERNEL32.dll
 0002:00000060       __imp__lstrlenW@4          1001b060     kernel32:KERNEL32.dll
 0002:00000064       __imp__LoadLibraryW@4      1001b064     kernel32:KERNEL32.dll
 0002:00000068       __imp__GetModuleFileNameW@12 1001b068     kernel32:KERNEL32.dll
 0002:0000006c       __imp__ExpandEnvironmentStringsW@12 1001b06c     kernel32:KERNEL32.dll
 0002:00000070       __imp__OutputDebugStringW@4 1001b070     kernel32:KERNEL32.dll
 0002:00000074       __imp__GetDriveTypeW@4     1001b074     kernel32:KERNEL32.dll
 0002:00000078       __imp__GetTempPathW@8      1001b078     kernel32:KERNEL32.dll
 0002:0000007c       __imp__GetDiskFreeSpaceExW@16 1001b07c     kernel32:KERNEL32.dll
 0002:00000080       __imp__CreateFileW@28      1001b080     kernel32:KERNEL32.dll
 0002:00000084       __imp__FindFirstChangeNotificationW@12 1001b084     kernel32:KERNEL32.dll
 0002:00000088       __imp__CloseHandle@4       1001b088     kernel32:KERNEL32.dll
 0002:0000008c       __imp__FindCloseChangeNotification@4 1001b08c     kernel32:KERNEL32.dll
 0002:00000090       __imp__WideCharToMultiByte@32 1001b090     kernel32:KERNEL32.dll
 0002:00000094       __imp__ReadConsoleOutputW@20 1001b094     kernel32:KERNEL32.dll
 0002:00000098       __imp__GetConsoleScreenBufferInfo@8 1001b098     kernel32:KERNEL32.dll
 0002:0000009c       __imp__lstrcpynA@12        1001b09c     kernel32:KERNEL32.dll
 0002:000000a0       __imp__lstrcpyA@8          1001b0a0     kernel32:KERNEL32.dll
 0002:000000a4       __imp__lstrlenA@4          1001b0a4     kernel32:KERNEL32.dll
 0002:000000a8       __imp__MultiByteToWideChar@24 1001b0a8     kernel32:KERNEL32.dll
 0002:000000ac       __imp__SetFilePointerEx@20 1001b0ac     kernel32:KERNEL32.dll
 0002:000000b0       __imp__GetConsoleMode@8    1001b0b0     kernel32:KERNEL32.dll
 0002:000000b4       __imp__GetConsoleCP@0      1001b0b4     kernel32:KERNEL32.dll
 0002:000000b8       __imp__WriteFile@20        1001b0b8     kernel32:KERNEL32.dll
 0002:000000bc       __imp__SetStdHandle@8      1001b0bc     kernel32:KERNEL32.dll
 0002:000000c0       __imp__FreeEnvironmentStringsW@4 1001b0c0     kernel32:KERNEL32.dll
 0002:000000c4       __imp__ReadFile@20         1001b0c4     kernel32:KERNEL32.dll
 0002:000000c8       __imp__GetStdHandle@4      1001b0c8     kernel32:KERNEL32.dll
 0002:000000cc       __imp__GetFileInformationByHandle@8 1001b0cc     kernel32:KERNEL32.dll
 0002:000000d0       __imp__WaitForSingleObject@8 1001b0d0     kernel32:KERNEL32.dll
 0002:000000d4       __imp__GetLastError@0      1001b0d4     kernel32:KERNEL32.dll
 0002:000000d8       __imp__GetCurrentProcessId@0 1001b0d8     kernel32:KERNEL32.dll
 0002:000000dc       __imp__GetProcessHeap@0    1001b0dc     kernel32:KERNEL32.dll
 0002:000000e0       __imp__HeapFree@12         1001b0e0     kernel32:KERNEL32.dll
 0002:000000e4       __imp__HeapReAlloc@16      1001b0e4     kernel32:KERNEL32.dll
 0002:000000e8       __imp__HeapAlloc@12        1001b0e8     kernel32:KERNEL32.dll
 0002:000000ec       __imp__GetProcAddress@8    1001b0ec     kernel32:KERNEL32.dll
 0002:000000f0       __imp__VirtualProtect@16   1001b0f0     kernel32:KERNEL32.dll
 0002:000000f4       __imp__FreeLibrary@4       1001b0f4     kernel32:KERNEL32.dll
 0002:000000f8       __imp__FlushFileBuffers@4  1001b0f8     kernel32:KERNEL32.dll
[...]
 0002:00003614       ?candidate_modules@?1??try_get_LocaleNameToLCID@@YAP6GKPB_WK@ZXZ@4QBW4module_id@?A0x352e5c4b@@B 1001e614     libucrt:winapi_thunks.obj
 0002:00003630       __mb_locale_names          1001e630     libucrt:mbctype.obj
 0002:00004060       _LcidToLocaleNameTable     1001f060     libucrt:lcidtoname_downlevel.obj
 0002:00005180       _LocaleNameToIndexTable    10020180     libucrt:lcidtoname_downlevel.obj
 0002:000060d0       LOG_name                   100210d0     libucrt:log10.obj
 0002:000060e0       _One                       100210e0     libucrt:ceil_pentium4.obj
 0002:000060f0       _Bns                       100210f0     libucrt:ceil_pentium4.obj
 0002:00006100       _Zero                      10021100     libucrt:ceil_pentium4.obj
 0002:00006110       _S                         10021110     libucrt:ceil_pentium4.obj
 0002:00006120       _NegZero                   10021120     libucrt:ceil_pentium4.obj
 0002:00006130       emask                      10021130     libucrt:log10_pentium4.obj
 0002:00006140       CC                         10021140     libucrt:log10_pentium4.obj
 0002:00006150       Magic                      10021150     libucrt:log10_pentium4.obj
 0002:00006160       hi_mask                    10021160     libucrt:log10_pentium4.obj
 0002:00006170       LOG10_2                    10021170     libucrt:log10_pentium4.obj
 0002:00006180       place_L                    10021180     libucrt:log10_pentium4.obj
 0002:000061a0       One                        100211a0     libucrt:log10_pentium4.obj
 0002:000061b0       Zero                       100211b0     libucrt:log10_pentium4.obj
 0002:000061c0       Two52                      100211c0     libucrt:log10_pentium4.obj
 0002:000061d0       Infs                       100211d0     libucrt:log10_pentium4.obj
 0002:000061e0       NaN                        100211e0     libucrt:log10_pentium4.obj
 0002:000061f0       coeff                      100211f0     libucrt:log10_pentium4.obj
 0002:0000624e       _log2max                   1002124e     libucrt:87tran.obj
 0002:00006258       _smallarg                  10021258     libucrt:87tran.obj
 0002:00006262       _half                      10021262     libucrt:87tran.obj
 0002:000062ae       One                        100212ae     libucrt:87disp.obj
 0002:000062b6       Three                      100212b6     libucrt:87disp.obj
 0002:000062be       XAMtoTagTab                100212be     libucrt:87disp.obj
 0002:000062d0       One                        100212d0     libucrt:common.obj
 0002:000062e4       DblMax                     100212e4     libucrt:common.obj
 0002:000062ec       DblMin                     100212ec     libucrt:common.obj
 0002:000062f4       IeeeAdjO                   100212f4     libucrt:common.obj
 0002:000062fc       IeeeAdjU                   100212fc     libucrt:common.obj
 0002:00006304       _infinity                  10021304     libucrt:common.obj
 0002:0000630c       _zero                      1002130c     libucrt:common.obj
 0002:00006348       _over                      10021348     libucrt:fpctrl.obj
 0002:00006354       _under                     10021354     libucrt:fpctrl.obj
 0002:00006c18       ?_names@?1??_get_fname@@9@9 10021c18     libucrt:fpexcept.obj
 0002:000073f8       __unwindtable$?CheckXmlFile@@YA_N_N@Z 100223f8     ConEmuBg.obj
 0002:00007400       __ehfuncinfo$?CheckXmlFile@@YA_N_N@Z 10022400     ConEmuBg.obj
 0002:00007424       __unwindtable$?StartPlugin@@YAXH@Z 10022424     ConEmuBg.obj
 0002:0000742c       __ehfuncinfo$?StartPlugin@@YAXH@Z 1002242c     ConEmuBg.obj
 0002:00007450       __unwindtable$?GdipDone@@YAXXZ 10022450     ConEmuBg.obj
 0002:00007458       __ehfuncinfo$?GdipDone@@YAXXZ 10022458     ConEmuBg.obj
 0002:0000747c       __unwindtable$?FillPanelParams@@YAHPAUPaintBackgroundArg@@PAUBkPanelInfo@@PAUDrawInfo@@@Z 1002247c     ConEmuBg.obj
 0002:0000748c       __ehfuncinfo$?FillPanelParams@@YAHPAUPaintBackgroundArg@@PAUBkPanelInfo@@PAUDrawInfo@@@Z 1002248c     ConEmuBg.obj
 0002:000074b0       __sehtable$?SetThreadName@@YAXKPAD@Z 100224b0     common-kernel32:WThreads.obj
 0002:000074cc       __ehfuncinfo$?__scrt_initialize_thread_safe_statics_platform_specific@@YAXXZ 100224cc     LIBCMT:thread_safe_statics.obj
 0002:000074f0       __sehtable$?dllmain_crt_process_attach@@YAHQAUHINSTANCE__@@QAX@Z 100224f0     LIBCMT:dll_dllmain.obj
 0002:00007510       __sehtable$?dllmain_crt_process_detach@@YAH_N@Z 10022510     LIBCMT:dll_dllmain.obj
 0002:00007530       __sehtable$?dllmain_dispatch@@YAHQAUHINSTANCE__@@KQAX@Z 10022530     LIBCMT:dll_dllmain.obj
 0002:00007550       __sehtable$___scrt_is_nonwritable_in_current_image 10022550     LIBCMT:utility.obj
 0002:00007570       __sehtable$?FrameUnwindToState@__FrameHandler3@@SAXPAUEHRegistrationNode@@PAXPBU_s_FuncInfo@@H@Z 10022570     libvcruntime:frame.obj
 0002:00007598       __sehtable$?CallCatchBlock@@YAPAXPAUEHExceptionRecord@@PAUEHRegistrationNode@@PAU_CONTEXT@@PBU_s_FuncInfo@@PAXHK@Z 10022598     libvcruntime:frame.obj
 0002:000075c0       __catchsym$?CallUnexpected@@YAXPBU_s_ESTypeList@@@Z$2 100225c0     libvcruntime:frame.obj
 0002:000075d0       __unwindtable$?CallUnexpected@@YAXPBU_s_ESTypeList@@@Z 100225d0     libvcruntime:frame.obj
 0002:000075e0       __tryblocktable$?CallUnexpected@@YAXPBU_s_ESTypeList@@@Z 100225e0     libvcruntime:frame.obj
 0002:000075f4       __ehfuncinfo$?CallUnexpected@@YAXPBU_s_ESTypeList@@@Z 100225f4     libvcruntime:frame.obj
 0002:00007618       __sehtable$??$BuildCatchObjectHelperInternal@V__FrameHandler3@@@@YAHPAUEHExceptionRecord@@PAXPBU_s_HandlerType@@PBU_s_CatchableType@@@Z 10022618     libvcruntime:frame.obj
 0002:00007638       __sehtable$??$BuildCatchObjectInternal@V__FrameHandler3@@@@YAXPAUEHExceptionRecord@@PAXPBU_s_HandlerType@@PBU_s_CatchableType@@@Z 10022638     libvcruntime:frame.obj
 0002:000076a8       __sehtable$___DestructExceptionObject 100226a8     libvcruntime:ehhelpers.obj
 0002:000076c8       __sehtable$?common_exit@@YAXHW4_crt_exit_cleanup_mode@@W4_crt_exit_return_mode@@@Z 100226c8     libucrt:exit.obj
 0002:000076f0       __sehtable$??$?RV<lambda_800076c951b434888f4765a74a194fcc>@@AAV<lambda_4e60a939b0d047cfe11ddc22648dfba9>@@V<lambda_6dbb1268764f43b569ce7b67e331d33a>@@@?$__crt_seh_guarded_call@H@@QAEH$$QAV<lambda_800076c951b434888f4765a74a194fcc>@@AAV<lambda_4e60a939b0d047cfe11ddc22648dfba9>@@$$QAV<lambda_6dbb1268764f43b569ce7b67e331d33a>@@@Z 100226f0     libucrt:onexit.obj
 0002:00007710       __sehtable$??$?RV<lambda_995298e7d72eb4c2aab26c0585b3abe5>@@AAV<lambda_275893d493268fdec8709772e3fcec0e>@@V<lambda_293819299cbf9a7022e18b56a874bb5c>@@@?$__crt_seh_guarded_call@H@@QAEH$$QAV<lambda_995298e7d72eb4c2aab26c0585b3abe5>@@AAV<lambda_275893d493268fdec8709772e3fcec0e>@@$$QAV<lambda_293819299cbf9a7022e18b56a874bb5c>@@@Z 10022710     libucrt:onexit.obj
 0002:00007730       __sehtable$_terminate      10022730     libucrt:terminate.obj
 0002:00007750       __sehtable$??$?RV<lambda_9df27f884b057bc3edfc946cb5b7cf47>@@AAV<lambda_e69574bed617af4e071282c136b37893>@@V<lambda_cc0d902bcbbeb830f749456577db4721>@@@?$__crt_seh_guarded_call@X@@QAEX$$QAV<lambda_9df27f884b057bc3edfc946cb5b7cf47>@@AAV<lambda_e69574bed617af4e071282c136b37893>@@$$QAV<lambda_cc0d902bcbbeb830f749456577db4721>@@@Z 10022750     libucrt:per_thread_data.obj
 0002:00007770       __sehtable$??$?RV<lambda_3518db117f0e7cdb002338c5d3c47b6c>@@AAV<lambda_b2ea41f6bbb362cd97d94c6828d90b61>@@V<lambda_abdedf541bb04549bc734292b4a045d4>@@@?$__crt_seh_guarded_call@X@@QAEX$$QAV<lambda_3518db117f0e7cdb002338c5d3c47b6c>@@AAV<lambda_b2ea41f6bbb362cd97d94c6828d90b61>@@$$QAV<lambda_abdedf541bb04549bc734292b4a045d4>@@@Z 10022770     libucrt:per_thread_data.obj
 0002:00007790       __sehtable$??$?RV<lambda_51b6e8b1eb166f2a3faf91f424b38130>@@AAV<lambda_6250bd4b2a391816dd638c3bf72b0bcb>@@V<lambda_0b5a4a3e68152e1d9b943535f5f47bed>@@@?$__crt_seh_guarded_call@X@@QAEX$$QAV<lambda_51b6e8b1eb166f2a3faf91f424b38130>@@AAV<lambda_6250bd4b2a391816dd638c3bf72b0bcb>@@$$QAV<lambda_0b5a4a3e68152e1d9b943535f5f47bed>@@@Z 10022790     libucrt:per_thread_data.obj
 0002:000077b0       __sehtable$??$?RV<lambda_5b71d36f03204c0beab531769a5b5694>@@AAV<lambda_be2b3da3f62db62e9dad5dc70221a656>@@V<lambda_8f9ce462984622f9bf76b59e2aaaf805>@@@?$__crt_seh_guarded_call@X@@QAEX$$QAV<lambda_5b71d36f03204c0beab531769a5b5694>@@AAV<lambda_be2b3da3f62db62e9dad5dc70221a656>@@$$QAV<lambda_8f9ce462984622f9bf76b59e2aaaf805>@@@Z 100227b0     libucrt:per_thread_data.obj
 0002:000077d0       __sehtable$___acrt_uninitialize_locale 100227d0     libucrt:wsetlocale.obj
 0002:000077f0       __sehtable$___acrt_initialize_lowio 100227f0     libucrt:ioinit.obj
 0002:00007810       __sehtable$___acrt_update_thread_multibyte_data 10022810     libucrt:mbctype.obj
 0002:00007830       __sehtable$??$?RV<lambda_978dc153c237d78434369da87b74ff60>@@AAV<lambda_ad1ced32f4ac17aa236e5ef05d6b3b7c>@@V<lambda_4a8533e2866a575feecb8298ce776b0d>@@@?$__crt_seh_guarded_call@X@@QAEX$$QAV<lambda_978dc153c237d78434369da87b74ff60>@@AAV<lambda_ad1ced32f4ac17aa236e5ef05d6b3b7c>@@$$QAV<lambda_4a8533e2866a575feecb8298ce776b0d>@@@Z 10022830     libucrt:mbctype.obj
 0002:00007850       __sehtable$__query_new_handler 10022850     libucrt:new_handler.obj
 0002:00007870       __sehtable$_raise          10022870     libucrt:signal.obj
 0002:00007890       __sehtable$??$?RV<lambda_a048d3beccc847880fc8490e18b82769>@@AAV<lambda_ec61778202f4f5fc7e7711acc23c3bca>@@V<lambda_f7496a158712204296dd6628a163878e>@@@?$__crt_seh_guarded_call@P6AXH@Z@@QAEP6AXH@Z$$QAV<lambda_a048d3beccc847880fc8490e18b82769>@@AAV<lambda_ec61778202f4f5fc7e7711acc23c3bca>@@$$QAV<lambda_f7496a158712204296dd6628a163878e>@@@Z 10022890     libucrt:signal.obj
 0002:000078b0       __sehtable$___acrt_update_thread_locale_data 100228b0     libucrt:locale_refcounting.obj
 0002:000078d0       __sehtable$__fcloseall     100228d0     libucrt:closeall.obj
 0002:000078f0       __sehtable$_common_flush_all 100228f0     libucrt:fflush.obj
 0002:00007918       __sehtable$___acrt_lowio_ensure_fh_exists 10022918     libucrt:osfinfo.obj
 0002:00007938       __sehtable$__write         10022938     libucrt:write.obj
 0002:00007958       __sehtable$_fclose         10022958     libucrt:fclose.obj
 0002:00007978       __sehtable$??$?RV<lambda_61cee617f5178ae960314fd4d05640a0>@@AAV<lambda_6978c1fb23f02e42e1d9e99668cc68aa>@@V<lambda_9cd88cf8ad10232537feb2133f08c833>@@@?$__crt_seh_guarded_call@H@@QAEH$$QAV<lambda_61cee617f5178ae960314fd4d05640a0>@@AAV<lambda_6978c1fb23f02e42e1d9e99668cc68aa>@@$$QAV<lambda_9cd88cf8ad10232537feb2133f08c833>@@@Z 10022978     libucrt:commit.obj
 0002:00007998       __sehtable$??$?RV<lambda_123407a5e2ac06da108355a851863b7a>@@AAV<lambda_2fe9b910cf3cbf4a0ab98a02ba45b3ec>@@V<lambda_ae55bdf541ad94d75914d381c370e64d>@@@?$__crt_seh_guarded_call@H@@QAEH$$QAV<lambda_123407a5e2ac06da108355a851863b7a>@@AAV<lambda_2fe9b910cf3cbf4a0ab98a02ba45b3ec>@@$$QAV<lambda_ae55bdf541ad94d75914d381c370e64d>@@@Z 10022998     libucrt:close.obj
 0002:000079b8       __sehtable$__IsNonwritableInCurrentImage 100229b8     LIBCMT:pesect.obj
 0002:000079e0       .edata                     100229e0     ConEmuBg.exp
 0002:00007a08       rgpv                       10022a08     ConEmuBg.exp
 0002:00007a44       rgszName                   10022a44     ConEmuBg.exp
 0002:00007a80       rgwOrd                     10022a80     ConEmuBg.exp
 0002:00007a9e       szName                     10022a9e     ConEmuBg.exp
 0002:00007aab       $N00001                    10022aab     ConEmuBg.exp
 0002:00007aba       $N00002                    10022aba     ConEmuBg.exp
 0002:00007ac9       $N00003                    10022ac9     ConEmuBg.exp
 0002:00007acf       $N00004                    10022acf     ConEmuBg.exp
 0002:00007ad9       $N00005                    10022ad9     ConEmuBg.exp
 0002:00007ae4       $N00006                    10022ae4     ConEmuBg.exp
 0002:00007aec       $N00007                    10022aec     ConEmuBg.exp
 0002:00007af5       $N00008                    10022af5     ConEmuBg.exp
 0002:00007b04       $N00009                    10022b04     ConEmuBg.exp
 0002:00007b15       $N00010                    10022b15     ConEmuBg.exp
 0002:00007b27       $N00011                    10022b27     ConEmuBg.exp
 0002:00007b35       $N00012                    10022b35     ConEmuBg.exp
 0002:00007b40       $N00013                    10022b40     ConEmuBg.exp
 0002:00007b4c       $N00014                    10022b4c     ConEmuBg.exp
 0002:00007b5b       $N00015                    10022b5b     ConEmuBg.exp
 0002:00007e66       .idata$6                   10022e66     version:VERSION.dll
 0002:00008140       .idata$6                   10023140     kernel32:KERNEL32.dll
 0002:000081ac       .idata$6                   100231ac     user32:USER32.dll
 0002:00008272       .idata$6                   10023272     gdi32:GDI32.dll
 0002:000082d2       .idata$6                   100232d2     advapi32:ADVAPI32.dll
 0002:00008302       .idata$6                   10023302     ole32:ole32.dll
 0003:00000058       ?items@?1??ConfigureProc@@YAHH@Z@4PAUFarDialogItem@@A 10024058     ConEmuBg1900.obj
 0003:00000258       ?items@?1??ConfigureProc@@YAHH@Z@4PAUFarDialogItem@@A 10024258     ConEmuBg2800.obj
 0003:00000458       ?items@?1??ConfigureProc@@YAHH@Z@4PAUFarDialogItem@@A 10024458     ConEmuBg995.obj
 0003:000005b8       ?items@?1??ConfigureProc@@YAHH@Z@4PAUFarDialogItem@@A 100245b8     ConEmuBgA.obj
 0003:00001700       ?__vcrt_flsindex@@3KA      10025700     libvcruntime:per_thread_data.obj
 0003:00001730       _errno_no_memory           10025730     libucrt:errno.obj
 0003:00001734       _doserrno_no_memory        10025734     libucrt:errno.obj
 0003:0000173c       ___acrt_flsindex           1002573c     libucrt:per_thread_data.obj
 0003:000018b0       ___rgctypeflag             100258b0     libucrt:mbctype.obj
 0003:000018b8       ___rgcode_page_info        100258b8     libucrt:mbctype.obj
 0003:00002164       ?gfRegisterBackground@@3P6GHPAURegisterBackgroundArg@@@ZA 10026164     ConEmuBg.obj
 0003:00002170       ?bWasRegistered@?1??StartPlugin@@YAXH@Z@4_NA 10026170     ConEmuBg.obj
 0003:0000217c       ?szMenu@?1??GetPluginInfoW1900@@YAXPAX@Z@4PAPA_WA 1002617c     ConEmuBg1900.obj
 0003:00002180       ?szMenu1@?1??GetPluginInfoW1900@@YAXPAX@Z@4PA_WA 10026180     ConEmuBg1900.obj
 0003:00002380       ?$TSS0@?1??ConfigureProc@@YAHH@Z@4HA 10026380     ConEmuBg1900.obj
 0003:0000238c       ?szMenu@?1??GetPluginInfoW2800@@YAXPAX@Z@4PAPA_WA 1002638c     ConEmuBg2800.obj
 0003:00002390       ?szMenu1@?1??GetPluginInfoW2800@@YAXPAX@Z@4PA_WA 10026390     ConEmuBg2800.obj
 0003:00002590       ?$TSS0@?1??ConfigureProc@@YAHH@Z@4HA 10026590     ConEmuBg2800.obj
 0003:0000259c       ?gszRootKeyW995@@3PA_WA    1002659c     ConEmuBg995.obj
 0003:000025a0       ?szMenu@?1??GetPluginInfoW995@@YAXPAX@Z@4PAPA_WA 100265a0     ConEmuBg995.obj
 0003:000025a8       ?szMenu1@?1??GetPluginInfoW995@@YAXPAX@Z@4PA_WA 100265a8     ConEmuBg995.obj
 0003:000027a8       ?$TSS0@?1??ConfigureProc@@YAHH@Z@4HA 100267a8     ConEmuBg995.obj
 0003:000027b4       ?gszRootKeyA@@3PA_WA       100267b4     ConEmuBgA.obj
 0003:000027b8       ?szMenu@?1??GetPluginInfo@@9@4@4PAPADA 100267b8     ConEmuBgA.obj
 0003:000027c0       ?szMenu1@?1??GetPluginInfo@@9@4@4PADA 100267c0     ConEmuBgA.obj
 0003:000028c0       ?$TSS0@?1??ConfigureProc@@YAHH@Z@4HA 100268c0     ConEmuBgA.obj
 0003:000028cc       ?gHeapInit@@3U?$atomic@H@std@@A 100268cc     common-kernel32:Memory.obj
 0003:000028d0       ?gHeapCounter@@3U?$atomic@H@std@@A 100268d0     common-kernel32:Memory.obj
 0003:000028dc       ?gh_UnknownTerminatedThread@@3PAXA 100268dc     common-kernel32:WThreads.obj
 0003:000028e0       ?g_Threads@@3PAUConEmuThreadInfo@@A 100268e0     common-kernel32:WThreads.obj
 0003:0000a0e0       _GS_ExceptionRecord        1002e0e0     LIBCMT:gs_report.obj
 0003:0000a130       _GS_ContextRecord          1002e130     LIBCMT:gs_report.obj
 0003:0000a3fc       ?_Tss_mutex@@3U_RTL_CRITICAL_SECTION@@A 1002e3fc     LIBCMT:thread_safe_statics.obj
 0003:0000a414       ?_Tss_cv@@3U_RTL_CONDITION_VARIABLE@@A 1002e414     LIBCMT:thread_safe_statics.obj
 0003:0000a418       ?_Tss_event@@3PAXA         1002e418     LIBCMT:thread_safe_statics.obj
 0003:0000a41c       ?encoded_sleep_condition_variable_cs@@3P6GHPAU_RTL_CONDITION_VARIABLE@@PAU_RTL_CRITICAL_SECTION@@K@ZA 1002e41c     LIBCMT:thread_safe_statics.obj
 0003:0000a420       ?encoded_wake_all_condition_variable@@3P6GXPAU_RTL_CONDITION_VARIABLE@@@ZA 1002e420     LIBCMT:thread_safe_statics.obj
 0003:0000a428       ?__proc_attached@@3HA      1002e428     LIBCMT:dll_dllmain.obj
 0003:0000a434       ?is_initialized_as_dll@@3_NA 1002e434     LIBCMT:utility.obj
 0003:0000a435       ?module_local_atexit_table_initialized@@3_NA 1002e435     LIBCMT:utility.obj
 0003:0000a438       ?module_local_atexit_table@@3U_onexit_table_t@@A 1002e438     LIBCMT:utility.obj
 0003:0000a444       ?module_local_at_quick_exit_table@@3U_onexit_table_t@@A 1002e444     LIBCMT:utility.obj
 0003:0000a470       ?__vcrt_startup_thread_ptd@@3U__vcrt_ptd@@A 1002e470     libvcruntime:per_thread_data.obj
 0003:0000a498       ___vcrt_lock_table         1002e498     libvcruntime:locks.obj
 0003:0000a4b0       ___vcrt_locks_initialized  1002e4b0     libvcruntime:locks.obj
 0003:0000a4b4       ?module_handles@@3PAPAUHINSTANCE__@@A 1002e4b4     libvcruntime:winapi_downlevel.obj
 0003:0000a4c0       ?encoded_function_pointers@@3PAPAXA 1002e4c0     libvcruntime:winapi_downlevel.obj
 0003:0000a500       ?heap@@3V_HeapManager@@A   1002e500     libvcruntime:undname.obj
 0003:0000a518       _c_termination_complete    1002e518     libucrt:exit.obj
 0003:0000a51c       _thread_local_exit_callback_func 1002e51c     libucrt:exit.obj
 0003:0000a520       ?c_exit_complete@?5??common_exit@@YAXHW4_crt_exit_cleanup_mode@@W4_crt_exit_return_mode@@@Z@4_NA 1002e520     libucrt:exit.obj
 0003:0000a528       ?program_name@?5???$common_configure_argv@D@@YAHW4_crt_argv_mode@@@Z@4PADA 1002e528     libucrt:argv_parsing.obj
 0003:0000a658       ___acrt_invalid_parameter_handler 1002e658     libucrt:invalid_parameter.obj
 0003:0000a66c       _enable_percent_n          1002e66c     libucrt:printf_count_output.obj
 0003:0000a880       ___acrt_lock_table         1002e880     libucrt:locks.obj
 0003:0000a9b8       ___acrt_locks_initialized  1002e9b8     libucrt:locks.obj
 0003:0000a9c0       _module_handles            1002e9c0     libucrt:winapi_thunks.obj
 0003:0000aa10       _encoded_function_pointers 1002ea10     libucrt:winapi_thunks.obj
 0003:0000aa90       ?state_cache@?1??__acrt_is_packaged_app@@9@4JA 1002ea90     libucrt:winapi_thunks.obj
 0003:0000aaac       _fSystemSet                1002eaac     libucrt:mbctype.obj
 0003:0000aab0       ?initialized@?1??__acrt_initialize_multibyte@@9@4_NA 1002eab0     libucrt:mbctype.obj
 0003:0000aad0       ___acrt_new_handler        1002ead0     libucrt:new_handler.obj
 0003:0000aad4       _ctrlc_action              1002ead4     libucrt:signal.obj
 0003:0000aad8       _ctrlbreak_action          1002ead8     libucrt:signal.obj
 0003:0000aadc       _abort_action              1002eadc     libucrt:signal.obj
 0003:0000aae0       _term_action               1002eae0     libucrt:signal.obj
 0003:0000aae4       _user_matherr              1002eae4     libucrt:matherr.obj
 0003:0000aaf0       ___acrt_global_new_mode    1002eaf0     libucrt:new_mode.obj
 0003:0000aaf4       ___acrt_app_type           1002eaf4     libucrt:report_runtime_error.obj
 0003:0000aafc       __pmatherr_set             1002eafc     libucrt:libm_error.obj
 0004:000000a0       $R000000                   1002f0a0     ConEmuBg.res
 0004:000003b8       $R000318                   1002f3b8     ConEmuBg.res
