 ConEmu.x64

 Timestamp is 5d2b871f (Sun Jul 14 22:48:47 2019)

 Preferred load address is 0000000180000000

 Start         Length     Name                   Class
 0001:00000000 00000010H .text$di                CODE
 0001:00000010 0002efa0H .text$mn                CODE
 0001:0002efb0 00000020H .text$mn$00             CODE
 0001:0002efd0 000005e0H .text$x                 CODE
 0001:0002f5b0 0000003dH .text$yd                CODE
 0002:00000000 00000670H .idata$5                DATA
 0002:00000670 00000010H .00cfg                  DATA
 0002:00000680 00000008H .CRT$XCA                DATA
 0002:00000688 00000008H .CRT$XCU                DATA
 0002:00000690 00000008H .CRT$XCZ                DATA
 0002:00000698 00000008H .CRT$XIA                DATA
 0002:000006a0 00000020H .CRT$XIC                DATA
 0002:000006c0 00000008H .CRT$XIZ                DATA
 0002:000006c8 00000008H .CRT$XLA                DATA
 0002:000006d0 00000008H .CRT$XLZ                DATA
 0002:000006d8 00000008H .CRT$XPA                DATA
 0002:000006e0 00000010H .CRT$XPX                DATA
 0002:000006f0 00000008H .CRT$XPXA               DATA
 0002:000006f8 00000008H .CRT$XPZ                DATA
 0002:00000700 00000008H .CRT$XTA                DATA
 0002:00000708 00000008H .CRT$XTZ                DATA
 0002:00000710 00000000H .gfids$x                DATA
 0002:00000710 00000000H .gfids$y                DATA
 0002:00000710 0000c910H .rdata                  DATA
 0002:0000d020 00000028H .rdata$T                DATA
 0002:0000d048 0000075cH .rdata$r                DATA
 0002:0000d7a4 000003ccH .rdata$zzzdbg           DATA
 0002:0000db70 00000008H .rtc$IAA                DATA
 0002:0000db78 00000008H .rtc$IZZ                DATA
 0002:0000db80 00000008H .rtc$TAA                DATA
 0002:0000db88 00000008H .rtc$TZZ                DATA
 0002:0000db90 00000004H .tls                    DATA
 0002:0000db94 00000004H .tls$                   DATA
 0002:0000db98 00000008H .tls$ZZZ                DATA
 0002:0000dba0 00002650H .xdata                  DATA
 0002:000101f0 00000200H .xdata$x                DATA
 0002:000103f0 000002e4H .edata                  DATA
 0002:000106d4 00000064H .idata$2                DATA
 0002:00010738 00000018H .idata$3                DATA
 0002:00010750 00000670H .idata$4                DATA
 0002:00010dc0 00000ea8H .idata$6                DATA
 0003:00000000 00000ba0H .data                   DATA
 0003:00000ba0 000002a0H .data$r                 DATA
 0003:00000e40 0000bbc0H .bss                    DATA
 0004:00000000 000027f0H .pdata                  DATA
 0005:00000000 000000a0H .rsrc$01                DATA
 0005:000000a0 00000490H .rsrc$02                DATA

  Address         Publics by Value              Rva+Base               Lib:Object

 0000:00000000       __guard_longjmp_count      0000000000000000     <absolute>
 0000:00000000       __guard_longjmp_table      0000000000000000     <absolute>
 0000:00000000       __hybrid_code_map_count    0000000000000000     <absolute>
 0000:00000000       __guard_iat_table          0000000000000000     <absolute>
 0000:00000000       __hybrid_code_map          0000000000000000     <absolute>
 0000:00000000       __guard_iat_count          0000000000000000     <absolute>
 0000:00000000       __volatile_metadata        0000000000000000     <absolute>
 0000:00000000       __guard_fids_count         0000000000000000     <absolute>
 0000:00000000       __enclave_config           0000000000000000     <absolute>
 0000:00000000       ___safe_se_handler_count   0000000000000000     <absolute>
 0000:00000000       ___safe_se_handler_table   0000000000000000     <absolute>
 0000:00000000       __guard_fids_table         0000000000000000     <absolute>
 0000:00000000       __hybrid_auxiliary_iat     0000000000000000     <absolute>
 0000:00000000       __dynamic_value_reloc_table 0000000000000000     <absolute>
 0000:00000100       __guard_flags              0000000000000100     <absolute>
 0000:00000000       __ImageBase                0000000180000000     <linker-defined>
 0001:00000010       ??$swprintf_c@$0EA@@@YAHAEAY0EA@_WPEB_WZZ 0000000180001010 f i ConEmuInjects.obj
 0001:0000003c       ??$swprintf_c@$0IA@@@YAHAEAY0IA@_WPEB_WZZ 000000018000103c f i ConEmuInjects.obj
 0001:00000068       ??$swprintf_c@$0PP@@@YAHAEAY0PP@_WPEB_WZZ 0000000180001068 f i ConEmuInjects.obj
 0001:00000094       ?ShutdownHooks@@YAXXZ      0000000180001094 f   ConEmuInjects.obj
 0001:00000284       ?StartupConsoleHooks@@YAXXZ 0000000180001284 f   ConEmuInjects.obj
 0001:00000310       ?StartupHooks@@YA_NPEAUHINSTANCE__@@@Z 0000000180001310 f   ConEmuInjects.obj
 0001:00000710       ?StringCchCopyW@@YAJPEA_W_KPEB_W@Z 0000000180001710 f i ConEmuInjects.obj
 0001:00000788       ?StringCchVPrintfW@@YAJPEA_W_KPEB_WPEAD@Z 0000000180001788 f i ConEmuInjects.obj
 0001:0000082c       __local_stdio_printf_options 000000018000182c f i ConEmuInjects.obj
 0001:00000834       ?ProcessSynchroEventW3@@YA_JPEAX@Z 0000000180001834 f   ConEmuPlugin.obj
 0001:0000085c       ?ProcessEditorEventW3@@YA_JPEAX@Z 000000018000185c f   ConEmuPlugin.obj
 0001:00000884       ?ProcessViewerEventW3@@YA_JPEAX@Z 0000000180001884 f   ConEmuPlugin.obj
 0001:000008ac       ?ExitFARW3@@YAXPEAX@Z      00000001800018ac f   ConEmuPlugin.obj
 0001:00000904       ExitFARW                   0000000180001904 f   ConEmuPlugin.obj
 0001:0000095c       ProcessEditorEventW        000000018000195c f   ConEmuPlugin.obj
 0001:0000095c       ?ProcessEditorEvent@@YAHHPEAX@Z 000000018000195c f   ConEmuPlugin.obj
 0001:0000097c       ProcessSynchroEventW       000000018000197c f   ConEmuPlugin.obj
 0001:000009a8       ProcessViewerEventW        00000001800019a8 f   ConEmuPlugin.obj
 0001:000009a8       ?ProcessViewerEvent@@YAHHPEAX@Z 00000001800019a8 f   ConEmuPlugin.obj
 0001:000009c8       ?ActivateConsole@@YAHXZ    00000001800019c8 f   ConEmuPlugin.obj
 0001:00000a58       ?ExitFAR@@YAXXZ            0000000180001a58 f   ConEmuPlugin.obj
 0001:00000ab0       ?GetFarHWND2@@YAPEAUHWND__@@H@Z 0000000180001ab0 f   ConEmuPlugin.obj
 0001:00000b1c       ?GetFarHWND@@YAPEAUHWND__@@XZ 0000000180001b1c f   ConEmuPlugin.obj
 0001:00000b24       ?GetFarVersion@@YAXPEAUFarVersion@@@Z 0000000180001b24 f   ConEmuPlugin.obj
 0001:00000b40       ?GetMinFarVersion@@YAHXZ   0000000180001b40 f   ConEmuPlugin.obj
 0001:00000b70       ?GetPluginInfo@@YAXPEAX@Z  0000000180001b70 f   ConEmuPlugin.obj
 0001:00000bc4       ?GetPluginInfoW@@YAXPEAX@Z 0000000180001bc4 f   ConEmuPlugin.obj
 0001:00000be4       ?IsConsoleActive@@YAHXZ    0000000180001be4 f   ConEmuPlugin.obj
 0001:00000c3c       ?IsTerminalMode@@YAHXZ     0000000180001c3c f   ConEmuPlugin.obj
 0001:00000c44       ?OpenPlugin@@YAPEAXH_J@Z   0000000180001c44 f   ConEmuPlugin.obj
 0001:00000c74       ?OpenW@@YAPEAXPEBX@Z       0000000180001c74 f   ConEmuPlugin.obj
 0001:00000c98       ?ProcessEditorInput@@YAHPEBU_INPUT_RECORD@@@Z 0000000180001c98 f   ConEmuPlugin.obj
 0001:00000cbc       ?RegisterBackground@@YAHPEAURegisterBackgroundArg@@@Z 0000000180001cbc f   ConEmuPlugin.obj
 0001:00000d40       ?RegisterPanelView@@YAHPEAUPanelViewInit@@@Z 0000000180001d40 f   ConEmuPlugin.obj
 0001:00000ea8       ?SetStartupInfo@@YAXPEAX@Z 0000000180001ea8 f   ConEmuPlugin.obj
 0001:00000f0c       ?SetupExportsFar3@@YAXXZ   0000000180001f0c f   ConEmuPlugin.obj
 0001:0000107c       ?SyncExecute@@YAHPEAUHINSTANCE__@@P6AX_J@Z1@Z 000000018000207c f   ConEmuPlugin.obj
 0001:000010c8       DllMain                    00000001800020c8 f   ConEmuPlugin.obj
 0001:000010ec       GetMinFarVersionW          00000001800020ec f   ConEmuPlugin.obj
 0001:000010f4       OpenPluginW                00000001800020f4 f   ConEmuPlugin.obj
 0001:00001134       ProcessEditorInputW        0000000180002134 f   ConEmuPlugin.obj
 0001:00001158       SetStartupInfoW            0000000180002158 f   ConEmuPlugin.obj
 0001:00001188       ??0CPluginW1900@@QEAA@XZ   0000000180002188 f   ConEmuPlugin1900.obj
 0001:0000132c       ??_ECPluginW1900@@UEAAPEAXI@Z 000000018000232c f i ConEmuPlugin1900.obj
 0001:0000132c       ??_GCPluginW1900@@UEAAPEAXI@Z 000000018000232c f i ConEmuPlugin1900.obj
 0001:00001834       ?CheckPanelExist@CPluginW1900@@UEAA_NXZ 0000000180002834 f   ConEmuPlugin1900.obj
 0001:00001870       ?Color2BgIndex@Far3Color@@SAXKHAEAGPEBK@Z 0000000180002870 f i ConEmuPlugin1900.obj
 0001:00001980       ?Color2FgIndex@Far3Color@@SAXKAEAGPEBK@Z 0000000180002980 f i ConEmuPlugin1900.obj
 0001:00001a6c       ?ExecuteSynchroApi@CPluginW1900@@UEAA_NXZ 0000000180002a6c f   ConEmuPlugin1900.obj
 0001:00001aa0       ?ExitFar@CPluginW1900@@UEAAXXZ 0000000180002aa0 f   ConEmuPlugin1900.obj
 0001:00001b44       ?FarColor_3_2@@YAEAEBUFarColor@@_N@Z 0000000180002b44 f i ConEmuPlugin1900.obj
 0001:00001c04       ?GetActiveWindowType@CPluginW1900@@UEAAHXZ 0000000180002c04 f   ConEmuPlugin1900.obj
 0001:00001cb8       ?GetEditorModifiedState@CPluginW1900@@UEAAKXZ 0000000180002cb8 f   ConEmuPlugin1900.obj
 0001:00001d14       ?GetFarRect@CPluginW1900@@UEAA_NAEAU_SMALL_RECT@@@Z 0000000180002d14 f   ConEmuPlugin1900.obj
 0001:00001dc0       ?GetMacroArea@CPluginW1900@@UEAAHXZ 0000000180002dc0 f   ConEmuPlugin1900.obj
 0001:00001de0       ?GetMsg@CPluginW1900@@UEAAPEB_WHPEA_W_K@Z 0000000180002de0 f   ConEmuPlugin1900.obj
 0001:00001e50       ?GetPanelDir@CPluginW1900@@UEAAPEA_WKPEA_WH@Z 0000000180002e50 f   ConEmuPlugin1900.obj
 0001:00001fcc       ?GetPanelInfo@CPluginW1900@@UEAA_NKPEAUCEPanelInfo@@@Z 0000000180002fcc f   ConEmuPlugin1900.obj
 0001:00002268       ?GetPanelItemInfo@CPluginW1900@@UEAA_NAEBUCEPanelInfo@@_N_JAEAU_WIN32_FIND_DATAW@@PEAPEA_W@Z 0000000180003268 f   ConEmuPlugin1900.obj
 0001:00002448       ?GetPluginInfoPtr@CPluginW1900@@UEAAXPEAX@Z 0000000180003448 f   ConEmuPlugin1900.obj
 0001:000024a4       ?GetWindowCount@CPluginW1900@@UEAAHXZ 00000001800034a4 f   ConEmuPlugin1900.obj
 0001:000024d4       ?GetWindowTypeName@CPluginW2800@@UEAAPEB_WH@Z 00000001800034d4 f   ConEmuPlugin2800.obj
 0001:000024d4       ?GetWindowTypeName@CPluginW995@@UEAAPEB_WH@Z 00000001800034d4 f   ConEmuPlugin995.obj
 0001:000024d4       ?GetWindowTypeName@CPluginAnsi@@UEAAPEB_WH@Z 00000001800034d4 f   ConEmuPluginA.obj
 0001:000024d4       ?GetWindowTypeName@CPluginW1900@@UEAAPEB_WH@Z 00000001800034d4 f   ConEmuPlugin1900.obj
 0001:0000252c       ?GuiMacroDlg@CPluginW1900@@UEAAXXZ 000000018000352c f   ConEmuPlugin1900.obj
 0001:00002534       ?InputBox@CPluginW1900@@UEAA_NPEB_W000AEAPEA_W@Z 0000000180003534 f   ConEmuPlugin1900.obj
 0001:000025e4       ?IsMacroActive@CPluginW1900@@UEAA_NXZ 00000001800035e4 f   ConEmuPlugin1900.obj
 0001:00002628       ?LoadFarColors@CPluginW1900@@UEAAXAEAY0BAA@E@Z 0000000180003628 f   ConEmuPlugin1900.obj
 0001:000027d8       ?LoadFarSettings@CPluginW1900@@UEAAXPEAUCEFarInterfaceSettings@@PEAUCEFarPanelSettings@@@Z 00000001800037d8 f   ConEmuPlugin1900.obj
 0001:00002924       ?Open@CPluginW1900@@UEAAPEAXPEBX@Z 0000000180003924 f   ConEmuPlugin1900.obj
 0001:00002a00       ?OpenEditor@CPluginW1900@@UEAA_NPEB_W_N11HH@Z 0000000180003a00 f   ConEmuPlugin1900.obj
 0001:00002b14       ?PanelControlApi@CPluginW1900@@UEAA_JPEAXH_J0@Z 0000000180003b14 f   ConEmuPlugin1900.obj
 0001:00002b4c       ?PostMacroApi@CPluginW1900@@UEAAXPEB_WPEAU_INPUT_RECORD@@_N@Z 0000000180003b4c f   ConEmuPlugin1900.obj
 0001:00003160       ?ProcessEditorEventPtr@CPluginW2800@@UEAAHPEAX@Z 0000000180004160 f   ConEmuPlugin2800.obj
 0001:00003160       ?ProcessEditorEventPtr@CPluginW1900@@UEAAHPEAX@Z 0000000180004160 f   ConEmuPlugin1900.obj
 0001:0000316c       ?ProcessEditorInputPtr@CPluginW1900@@UEAAHPEBX@Z 000000018000416c f   ConEmuPlugin1900.obj
 0001:0000318c       ?ProcessSynchroEventPtr@CPluginW1900@@UEAAHPEAX@Z 000000018000418c f   ConEmuPlugin1900.obj
 0001:0000318c       ?ProcessSynchroEventPtr@CPluginW2800@@UEAAHPEAX@Z 000000018000418c f   ConEmuPlugin2800.obj
 0001:000031b0       ?ProcessViewerEventPtr@CPluginW2800@@UEAAHPEAX@Z 00000001800041b0 f   ConEmuPlugin2800.obj
 0001:000031b0       ?ProcessViewerEventPtr@CPluginW1900@@UEAAHPEAX@Z 00000001800041b0 f   ConEmuPlugin1900.obj
 0001:000031bc       ?RedrawAll@CPluginW1900@@UEAAXXZ 00000001800041bc f   ConEmuPlugin1900.obj
 0001:000031f4       ?SetStartupInfoPtr@CPluginW1900@@UEAAXPEAX@Z 00000001800041f4 f   ConEmuPlugin1900.obj
 0001:0000335c       ?SetWindow@CPluginW1900@@UEAAXH@Z 000000018000435c f   ConEmuPlugin1900.obj
 0001:000033b4       ?ShowMessage@CPluginW1900@@UEAAHPEB_WH_N@Z 00000001800043b4 f   ConEmuPlugin1900.obj
 0001:0000341c       ?ShowPluginMenu@CPluginW1900@@UEAAHPEAUConEmuPluginMenuItem@@HH@Z 000000018000441c f   ConEmuPlugin1900.obj
 0001:00003584       ?ShowUserScreen@CPluginW1900@@UEAAX_N@Z 0000000180004584 f   ConEmuPlugin1900.obj
 0001:000035b0       ?_Doraise@exception@stdext@@MEBAXXZ 00000001800045b0 f   common-kernel64:CEStr.obj
 0001:000035b0       _guard_check_icall_nop     00000001800045b0 f   LIBCMT:guard_support.obj
 0001:000035b0       ?ShutdownPluginStep@CPluginBase@@SAXPEB_WHHHH@Z 00000001800045b0 f   ConEmuPluginBase.obj
 0001:000035b0       ?PlugServerInit@@YAXXZ     00000001800045b0 f   PluginSrv.obj
 0001:000035b0       ?WaitEndSynchro@CPluginAnsi@@UEAAXXZ 00000001800045b0 f   ConEmuPluginA.obj
 0001:000035b0       ?StopWaitEndSynchro@CPluginW2800@@UEAAXXZ 00000001800045b0 f   ConEmuPlugin2800.obj
 0001:000035b0       ?WaitEndSynchro@CPluginW1900@@UEAAXXZ 00000001800045b0 f   ConEmuPlugin1900.obj
 0001:000035b0       ?WaitEndSynchro@CPluginW2800@@UEAAXXZ 00000001800045b0 f   ConEmuPlugin2800.obj
 0001:000035b0       ?StopWaitEndSynchro@CPluginAnsi@@UEAAXXZ 00000001800045b0 f   ConEmuPluginA.obj
 0001:000035b0       ?StopWaitEndSynchro@CPluginW1900@@UEAAXXZ 00000001800045b0 f   ConEmuPlugin1900.obj
 0001:000035b4       ?UpdateConEmuTabsApi@CPluginW1900@@UEAA_NH@Z 00000001800045b4 f   ConEmuPlugin1900.obj
 0001:00003a78       ??$_Emplace_reallocate@AEBUWindowInfo@@@?$vector@UWindowInfo@@V?$MArrayAllocator@UWindowInfo@@@@@std@@QEAAPEAUWindowInfo@@QEAU2@AEBU2@@Z 0000000180004a78 f i ConEmuPlugin2800.obj
 0001:00003c44       ??0CPluginW2800@@QEAA@XZ   0000000180004c44 f   ConEmuPlugin2800.obj
 0001:00003de8       ??0bad_alloc@std@@QEAA@AEBV01@@Z 0000000180004de8 f i ConEmuPlugin2800.obj
 0001:00003e28       ??0bad_alloc@std@@QEAA@XZ  0000000180004e28 f i ConEmuPlugin2800.obj
 0001:00003e48       ??0exception@std@@QEAA@AEBV01@@Z 0000000180004e48 f i ConEmuPlugin2800.obj
 0001:00003e80       ??1?$MArray@UWindowInfo@@@@QEAA@XZ 0000000180004e80 f i ConEmuPlugin2800.obj
 0001:00003ec4       ??1bad_alloc@std@@UEAA@XZ  0000000180004ec4 f i ConEmuPlugin2800.obj
 0001:00003ec4       ??1length_error@std@@UEAA@XZ 0000000180004ec4 f i libcpmt:xthrow.obj
 0001:00003ec4       ??1bad_exception@std@@UEAA@XZ 0000000180004ec4 f i libvcruntime:frame.obj
 0001:00003ed8       ??_ECPluginW2800@@UEAAPEAXI@Z 0000000180004ed8 f i ConEmuPlugin2800.obj
 0001:00003ed8       ??_GCPluginW2800@@UEAAPEAXI@Z 0000000180004ed8 f i ConEmuPlugin2800.obj
 0001:00003f18       ??_Ebad_exception@std@@UEAAPEAXI@Z 0000000180004f18 f i libvcruntime:frame.obj
 0001:00003f18       ??_Glength_error@std@@UEAAPEAXI@Z 0000000180004f18 f i libcpmt:xthrow.obj
 0001:00003f18       ??_Gexception@std@@UEAAPEAXI@Z 0000000180004f18 f i ConEmuPlugin2800.obj
 0001:00003f18       ??_Eexception@std@@UEAAPEAXI@Z 0000000180004f18 f i ConEmuPlugin2800.obj
 0001:00003f18       ??_Ebad_alloc@std@@UEAAPEAXI@Z 0000000180004f18 f i ConEmuPlugin2800.obj
 0001:00003f18       ??_Gbad_exception@std@@UEAAPEAXI@Z 0000000180004f18 f i libvcruntime:frame.obj
 0001:00003f18       ??_Elogic_error@std@@UEAAPEAXI@Z 0000000180004f18 f i libcpmt:xthrow.obj
 0001:00003f18       ??_Elength_error@std@@UEAAPEAXI@Z 0000000180004f18 f i libcpmt:xthrow.obj
 0001:00003f18       ??_Gbad_alloc@std@@UEAAPEAXI@Z 0000000180004f18 f i ConEmuPlugin2800.obj
 0001:00003f18       ??_Glogic_error@std@@UEAAPEAXI@Z 0000000180004f18 f i libcpmt:xthrow.obj
 0001:000044a0       ?CheckPanelExist@CPluginW2800@@UEAA_NXZ 00000001800054a0 f   ConEmuPlugin2800.obj
 0001:000044dc       ?ExecuteSynchroApi@CPluginW2800@@UEAA_NXZ 00000001800054dc f   ConEmuPlugin2800.obj
 0001:00004510       ?ExitFar@CPluginW2800@@UEAAXXZ 0000000180005510 f   ConEmuPlugin2800.obj
 0001:000045cc       ?GetActiveWindowType@CPluginW2800@@UEAAHXZ 00000001800055cc f   ConEmuPlugin2800.obj
 0001:00004684       ?GetEditorModifiedState@CPluginW2800@@UEAAKXZ 0000000180005684 f   ConEmuPlugin2800.obj
 0001:000046e4       ?GetFarRect@CPluginW2800@@UEAA_NAEAU_SMALL_RECT@@@Z 00000001800056e4 f   ConEmuPlugin2800.obj
 0001:00004798       ?GetMacroArea@CPluginW2800@@UEAAHXZ 0000000180005798 f   ConEmuPlugin2800.obj
 0001:000047b8       ?GetMsg@CPluginW2800@@UEAAPEB_WHPEA_W_K@Z 00000001800057b8 f   ConEmuPlugin2800.obj
 0001:00004828       ?GetPanelDir@CPluginW2800@@UEAAPEA_WKPEA_WH@Z 0000000180005828 f   ConEmuPlugin2800.obj
 0001:000049a4       ?GetPanelInfo@CPluginW2800@@UEAA_NKPEAUCEPanelInfo@@@Z 00000001800059a4 f   ConEmuPlugin2800.obj
 0001:00004c44       ?GetPanelItemInfo@CPluginW2800@@UEAA_NAEBUCEPanelInfo@@_N_JAEAU_WIN32_FIND_DATAW@@PEAPEA_W@Z 0000000180005c44 f   ConEmuPlugin2800.obj
 0001:00004e3c       ?GetPluginInfoPtr@CPluginW2800@@UEAAXPEAX@Z 0000000180005e3c f   ConEmuPlugin2800.obj
 0001:00004e98       ?GetWindowCount@CPluginW2800@@UEAAHXZ 0000000180005e98 f   ConEmuPlugin2800.obj
 0001:00004ec8       ?GuiMacroDlg@CPluginW2800@@UEAAXXZ 0000000180005ec8 f   ConEmuPlugin2800.obj
 0001:00004ed0       ?InputBox@CPluginW2800@@UEAA_NPEB_W000AEAPEA_W@Z 0000000180005ed0 f   ConEmuPlugin2800.obj
 0001:00004f80       ?IsMacroActive@CPluginW2800@@UEAA_NXZ 0000000180005f80 f   ConEmuPlugin2800.obj
 0001:00004fc4       ?LoadFarColors@CPluginW2800@@UEAAXAEAY0BAA@E@Z 0000000180005fc4 f   ConEmuPlugin2800.obj
 0001:00005174       ?LoadFarSettings@CPluginW2800@@UEAAXPEAUCEFarInterfaceSettings@@PEAUCEFarPanelSettings@@@Z 0000000180006174 f   ConEmuPlugin2800.obj
 0001:000052c0       ?Open@CPluginW2800@@UEAAPEAXPEBX@Z 00000001800062c0 f   ConEmuPlugin2800.obj
 0001:00005410       ?OpenEditor@CPluginW2800@@UEAA_NPEB_W_N11HH@Z 0000000180006410 f   ConEmuPlugin2800.obj
 0001:00005534       ?PanelControlApi@CPluginW2800@@UEAA_JPEAXH_J0@Z 0000000180006534 f   ConEmuPlugin2800.obj
 0001:0000556c       ?PostMacroApi@CPluginW2800@@UEAAXPEB_WPEAU_INPUT_RECORD@@_N@Z 000000018000656c f   ConEmuPlugin2800.obj
 0001:00005920       ?ProcessEditorInputPtr@CPluginW2800@@UEAAHPEBX@Z 0000000180006920 f   ConEmuPlugin2800.obj
 0001:00005940       ?RedrawAll@CPluginW2800@@UEAAXXZ 0000000180006940 f   ConEmuPlugin2800.obj
 0001:00005978       ?SetStartupInfoPtr@CPluginW2800@@UEAAXPEAX@Z 0000000180006978 f   ConEmuPlugin2800.obj
 0001:00005ae4       ?SetWindow@CPluginW2800@@UEAAXH@Z 0000000180006ae4 f   ConEmuPlugin2800.obj
 0001:00005c34       ?ShowMessage@CPluginW2800@@UEAAHPEB_WH_N@Z 0000000180006c34 f   ConEmuPlugin2800.obj
 0001:00005c9c       ?ShowPluginMenu@CPluginW2800@@UEAAHPEAUConEmuPluginMenuItem@@HH@Z 0000000180006c9c f   ConEmuPlugin2800.obj
 0001:00005e08       ?ShowUserScreen@CPluginW2800@@UEAAX_N@Z 0000000180006e08 f   ConEmuPlugin2800.obj
 0001:00005e34       ?UpdateConEmuTabsApi@CPluginW2800@@UEAA_NH@Z 0000000180006e34 f   ConEmuPlugin2800.obj
 0001:00006754       ?_Getal@?$_Vector_alloc@U?$_Vec_base_types@UWindowInfo@@V?$MArrayAllocator@UWindowInfo@@@@@std@@@std@@QEAAAEAV?$MArrayAllocator@UWindowInfo@@@@XZ 0000000180007754 f i ConEmuPlugin2800.obj
 0001:00006758       ?_Xlength@?$vector@UtagPROCESSENTRY32W@@V?$MArrayAllocator@UtagPROCESSENTRY32W@@@@@std@@CAXXZ 0000000180007758 f i common-kernel64:MProcess.obj
 0001:00006758       ?_Xlength@?$vector@UWindowInfo@@V?$MArrayAllocator@UWindowInfo@@@@@std@@CAXXZ 0000000180007758 f i ConEmuPlugin2800.obj
 0001:0000676c       ?deallocate@?$MArrayAllocator@UWindowInfo@@@@QEAAXPEAUWindowInfo@@_K@Z 000000018000776c f i ConEmuPlugin2800.obj
 0001:00006794       ?erase@?$MArray@UWindowInfo@@@@QEAAX_J0@Z 0000000180007794 f i ConEmuPlugin2800.obj
 0001:00006824       ?insert@?$MArray@UWindowInfo@@@@QEAA_J_JAEBUWindowInfo@@0@Z 0000000180007824 f i ConEmuPlugin2800.obj
 0001:000068c0       ?insert@?$vector@UWindowInfo@@V?$MArrayAllocator@UWindowInfo@@@@@std@@QEAA?AV?$_Vector_iterator@V?$_Vector_val@U?$_Simple_types@UWindowInfo@@@std@@@std@@@2@V?$_Vector_const_iterator@V?$_Vector_val@U?$_Simple_types@UWindowInfo@@@std@@@std@@@2@_KAEBUWindowInfo@@@Z 00000001800078c0 f i ConEmuPlugin2800.obj
 0001:00006ce0       ?push_back@?$MArray@UWindowInfo@@@@QEAA_JAEBUWindowInfo@@@Z 0000000180007ce0 f i ConEmuPlugin2800.obj
 0001:00006d64       ?what@exception@std@@UEBAPEBDXZ 0000000180007d64 f i ConEmuPlugin2800.obj
 0001:00006d78       GetGlobalInfoW             0000000180007d78 f   ConEmuPlugin2800.obj
 0001:00006e10       ??0CPluginW995@@QEAA@XZ    0000000180007e10 f   ConEmuPlugin995.obj
 0001:00006fb0       ??_GCPluginW995@@UEAAPEAXI@Z 0000000180007fb0 f i ConEmuPlugin995.obj
 0001:00006fb0       ??_ECPluginW995@@UEAAPEAXI@Z 0000000180007fb0 f i ConEmuPlugin995.obj
 0001:00007468       ?CheckPanelExist@CPluginW995@@UEAA_NXZ 0000000180008468 f   ConEmuPlugin995.obj
 0001:000074a0       ?ExecuteSynchroApi@CPluginW995@@UEAA_NXZ 00000001800084a0 f   ConEmuPlugin995.obj
 0001:000074d0       ?ExitFar@CPluginW995@@UEAAXXZ 00000001800084d0 f   ConEmuPlugin995.obj
 0001:00007574       ?GetActiveWindowType@CPluginW995@@UEAAHXZ 0000000180008574 f   ConEmuPlugin995.obj
 0001:00007654       ?GetEditorModifiedState@CPluginW995@@UEAAKXZ 0000000180008654 f   ConEmuPlugin995.obj
 0001:000076ac       ?GetFarRect@CPluginW995@@UEAA_NAEAU_SMALL_RECT@@@Z 00000001800086ac f   ConEmuPlugin995.obj
 0001:00007704       ?GetMacroArea@CPluginW995@@UEAAHXZ 0000000180008704 f   ConEmuPlugin995.obj
 0001:0000775c       ?GetMsg@CPluginW995@@UEAAPEB_WHPEA_W_K@Z 000000018000875c f   ConEmuPlugin995.obj
 0001:000077c8       ?GetPanelDir@CPluginW995@@UEAAPEA_WKPEA_WH@Z 00000001800087c8 f   ConEmuPlugin995.obj
 0001:00007910       ?GetPanelInfo@CPluginW995@@UEAA_NKPEAUCEPanelInfo@@@Z 0000000180008910 f   ConEmuPlugin995.obj
 0001:00007b50       ?GetPanelItemInfo@CPluginW995@@UEAA_NAEBUCEPanelInfo@@_N_JAEAU_WIN32_FIND_DATAW@@PEAPEA_W@Z 0000000180008b50 f   ConEmuPlugin995.obj
 0001:00007d14       ?GetPluginInfoPtr@CPluginW995@@UEAAXPEAX@Z 0000000180008d14 f   ConEmuPlugin995.obj
 0001:00007d80       ?GetWindowCount@CPluginW995@@UEAAHXZ 0000000180008d80 f   ConEmuPlugin995.obj
 0001:00007dac       ?GuiMacroDlg@CPluginW995@@UEAAXXZ 0000000180008dac f   ConEmuPlugin995.obj
 0001:00007db4       ?InputBox@CPluginW995@@UEAA_NPEB_W000AEAPEA_W@Z 0000000180008db4 f   ConEmuPlugin995.obj
 0001:00007e64       ?IsMacroActive@CPluginW995@@UEAA_NXZ 0000000180008e64 f   ConEmuPlugin995.obj
 0001:00007ed4       ?LoadFarColors@CPluginW995@@UEAAXAEAY0BAA@E@Z 0000000180008ed4 f   ConEmuPlugin995.obj
 0001:00007f90       ?LoadFarSettings@CPluginW995@@UEAAXPEAUCEFarInterfaceSettings@@PEAUCEFarPanelSettings@@@Z 0000000180008f90 f   ConEmuPlugin995.obj
 0001:00007fec       ?Open@CPluginAnsi@@UEAAPEAXPEBX@Z 0000000180008fec f i ConEmuPluginA.obj
 0001:00007fec       ?Open@CPluginW995@@UEAAPEAXPEBX@Z 0000000180008fec f i ConEmuPlugin995.obj
 0001:00007ff4       ?OpenEditor@CPluginW995@@UEAA_NPEB_W_N11HH@Z 0000000180008ff4 f   ConEmuPlugin995.obj
 0001:000080fc       ?PanelControlApi@CPluginW995@@UEAA_JPEAXH_J0@Z 00000001800090fc f   ConEmuPlugin995.obj
 0001:00008140       ?PostMacroApi@CPluginW995@@UEAAXPEB_WPEAU_INPUT_RECORD@@_N@Z 0000000180009140 f   ConEmuPlugin995.obj
 0001:000081e4       ?ProcessEditorEventPtr@CPluginAnsi@@UEAAHPEAX@Z 00000001800091e4 f i ConEmuPluginA.obj
 0001:000081e4       ?ProcessSynchroEventPtr@CPluginAnsi@@UEAAHPEAX@Z 00000001800091e4 f i ConEmuPluginA.obj
 0001:000081e4       ?ProcessViewerEventPtr@CPluginW995@@UEAAHPEAX@Z 00000001800091e4 f i ConEmuPlugin995.obj
 0001:000081e4       ?ProcessEditorInputPtr@CPluginAnsi@@UEAAHPEBX@Z 00000001800091e4 f i ConEmuPluginA.obj
 0001:000081e4       ?ProcessViewerEventPtr@CPluginAnsi@@UEAAHPEAX@Z 00000001800091e4 f i ConEmuPluginA.obj
 0001:000081e4       ?ProcessEditorEventPtr@CPluginW995@@UEAAHPEAX@Z 00000001800091e4 f i ConEmuPlugin995.obj
 0001:000081e4       ?ProcessSynchroEventPtr@CPluginW995@@UEAAHPEAX@Z 00000001800091e4 f i ConEmuPlugin995.obj
 0001:000081e8       ?ProcessEditorInputPtr@CPluginW995@@UEAAHPEBX@Z 00000001800091e8 f   ConEmuPlugin995.obj
 0001:00008204       ?RedrawAll@CPluginW995@@UEAAXXZ 0000000180009204 f   ConEmuPlugin995.obj
 0001:00008234       ?SetStartupInfoPtr@CPluginW995@@UEAAXPEAX@Z 0000000180009234 f   ConEmuPlugin995.obj
 0001:0000838c       ?SetWindow@CPluginW995@@UEAAXH@Z 000000018000938c f   ConEmuPlugin995.obj
 0001:000083d8       ?ShowMessage@CPluginW995@@UEAAHPEB_WH_N@Z 00000001800093d8 f   ConEmuPlugin995.obj
 0001:00008438       ?ShowPluginMenu@CPluginW995@@UEAAHPEAUConEmuPluginMenuItem@@HH@Z 0000000180009438 f   ConEmuPlugin995.obj
 0001:0000858c       ?ShowUserScreen@CPluginW995@@UEAAX_N@Z 000000018000958c f   ConEmuPlugin995.obj
 0001:000085b8       ?StopWaitEndSynchro@CPluginW995@@UEAAXXZ 00000001800095b8 f   ConEmuPlugin995.obj
 0001:000085e8       ?UpdateConEmuTabsApi@CPluginW995@@UEAA_NH@Z 00000001800095e8 f   ConEmuPlugin995.obj
 0001:00008864       ?WaitEndSynchro@CPluginW995@@UEAAXXZ 0000000180009864 f   ConEmuPlugin995.obj
 0001:000089f8       ??0CPluginAnsi@@QEAA@XZ    00000001800099f8 f   ConEmuPluginA.obj
 0001:00008b64       ??_GCPluginAnsi@@UEAAPEAXI@Z 0000000180009b64 f i ConEmuPluginA.obj
 0001:00008b64       ??_ECPluginAnsi@@UEAAPEAXI@Z 0000000180009b64 f i ConEmuPluginA.obj
 0001:0000914c       ?CheckPanelExist@CPluginAnsi@@UEAA_NXZ 000000018000a14c f   ConEmuPluginA.obj
 0001:00009184       ?GetFarRect@CPluginAnsi@@UEAA_NAEAU_SMALL_RECT@@@Z 000000018000a184 f i ConEmuPluginA.obj
 0001:00009184       ?ExecuteSynchroApi@CPluginAnsi@@UEAA_NXZ 000000018000a184 f i ConEmuPluginA.obj
 0001:00009188       ?ExitFar@CPluginAnsi@@UEAAXXZ 000000018000a188 f   ConEmuPluginA.obj
 0001:000091e4       ?GetActiveWindowType@CPluginAnsi@@UEAAHXZ 000000018000a1e4 f   ConEmuPluginA.obj
 0001:00009268       ?GetEditorModifiedState@CPluginAnsi@@UEAAKXZ 000000018000a268 f   ConEmuPluginA.obj
 0001:000092c0       ?GetMacroArea@CPluginAnsi@@UEAAHXZ 000000018000a2c0 f   ConEmuPluginA.obj
 0001:000092c0       _get_startup_argv_mode     000000018000a2c0 f   LIBCMT:argv_mode.obj
 0001:000092c8       ?GetMsg@CPluginAnsi@@UEAAPEB_WHPEA_W_K@Z 000000018000a2c8 f   ConEmuPluginA.obj
 0001:00009370       ?GetPanelDir@CPluginAnsi@@UEAAPEA_WKPEA_WH@Z 000000018000a370 f   ConEmuPluginA.obj
 0001:00009468       ?GetPanelInfo@CPluginAnsi@@UEAA_NKPEAUCEPanelInfo@@@Z 000000018000a468 f   ConEmuPluginA.obj
 0001:000096bc       ?GetPanelItemInfo@CPluginAnsi@@UEAA_NAEBUCEPanelInfo@@_N_JAEAU_WIN32_FIND_DATAW@@PEAPEA_W@Z 000000018000a6bc f   ConEmuPluginA.obj
 0001:000097e4       ?GetPluginInfoPtr@CPluginAnsi@@UEAAXPEAX@Z 000000018000a7e4 f   ConEmuPluginA.obj
 0001:00009870       ?GetWindowCount@CPluginAnsi@@UEAAHXZ 000000018000a870 f   ConEmuPluginA.obj
 0001:0000989c       ?GuiMacroDlg@CPluginAnsi@@UEAAXXZ 000000018000a89c f   ConEmuPluginA.obj
 0001:000098a4       ?InputBox@CPluginAnsi@@UEAA_NPEB_W000AEAPEA_W@Z 000000018000a8a4 f   ConEmuPluginA.obj
 0001:00009a04       ?IsMacroActive@CPluginAnsi@@UEAA_NXZ 000000018000aa04 f   ConEmuPluginA.obj
 0001:00009a78       ?LoadFarColors@CPluginAnsi@@UEAAXAEAY0BAA@E@Z 000000018000aa78 f   ConEmuPluginA.obj
 0001:00009b38       ?LoadFarSettings@CPluginAnsi@@UEAAXPEAUCEFarInterfaceSettings@@PEAUCEFarPanelSettings@@@Z 000000018000ab38 f   ConEmuPluginA.obj
 0001:00009b98       ?OpenEditor@CPluginAnsi@@UEAA_NPEB_W_N11HH@Z 000000018000ab98 f   ConEmuPluginA.obj
 0001:00009cd4       ?PanelControlApi@CPluginAnsi@@UEAA_JPEAXH_J0@Z 000000018000acd4 f   ConEmuPluginA.obj
 0001:00009d10       ?PostMacroApi@CPluginAnsi@@UEAAXPEB_WPEAU_INPUT_RECORD@@_N@Z 000000018000ad10 f   ConEmuPluginA.obj
 0001:00009de8       ?RedrawAll@CPluginAnsi@@UEAAXXZ 000000018000ade8 f   ConEmuPluginA.obj
 0001:00009e1c       ?SetStartupInfoPtr@CPluginAnsi@@UEAAXPEAX@Z 000000018000ae1c f   ConEmuPluginA.obj
 0001:00009f78       ?SetWindow@CPluginAnsi@@UEAAXH@Z 000000018000af78 f   ConEmuPluginA.obj
 0001:00009fcc       ?ShowMessage@CPluginAnsi@@UEAAHPEB_WH_N@Z 000000018000afcc f   ConEmuPluginA.obj
 0001:0000a0c4       ?ShowPluginMenu@CPluginAnsi@@UEAAHPEAUConEmuPluginMenuItem@@HH@Z 000000018000b0c4 f   ConEmuPluginA.obj
 0001:0000a278       ?ShowUserScreen@CPluginAnsi@@UEAAX_N@Z 000000018000b278 f   ConEmuPluginA.obj
 0001:0000a2a4       ?UpdateConEmuTabsApi@CPluginAnsi@@UEAA_NH@Z 000000018000b2a4 f   ConEmuPluginA.obj
 0001:0000a560       ??$swprintf_c@$0BAE@@@YAHAEAY0BAE@_WPEB_WZZ 000000018000b560 f i ConEmuPluginBase.obj
 0001:0000a58c       ??$swprintf_c@$0DAM@@@YAHAEAY0DAM@_WPEB_WZZ 000000018000b58c f i ConEmuPluginBase.obj
 0001:0000a5b8       ??$swprintf_c@$0EAA@@@YAHAEAY0EAA@_WPEB_WZZ 000000018000b5b8 f i ConEmuPluginBase.obj
 0001:0000a5e4       ??$swprintf_c@$0MI@@@YAHAEAY0MI@_WPEB_WZZ 000000018000b5e4 f i ConEmuPluginBase.obj
 0001:0000a610       ??0CPluginBase@@QEAA@XZ    000000018000b610 f   ConEmuPluginBase.obj
 0001:0000a738       ??0MWow64Disable@@QEAA@XZ  000000018000b738 f i ConEmuPluginBase.obj
 0001:0000a7ac       ??1?$MFileMapping@UCESERVER_CONSOLE_MAPPING_HDR@@@@QEAA@XZ 000000018000b7ac f i ConEmuPluginBase.obj
 0001:0000a7ac       ??1?$MFileMapping@UPanelViewSetMapping@@@@QEAA@XZ 000000018000b7ac f i PluginBackground.obj
 0001:0000a7ac       ??1?$MFileMapping@UConEmuGuiMapping@@@@QEAA@XZ 000000018000b7ac f i common-user64:ConEmuCheckEx.obj
 0001:0000a800       ??1CPluginBase@@UEAA@XZ    000000018000b800 f   ConEmuPluginBase.obj
 0001:0000a80c       ??1MWow64Disable@@QEAA@XZ  000000018000b80c f i ConEmuPluginBase.obj
 0001:0000a838       ??_G?$MFileMapping@UCESERVER_CONSOLE_MAPPING_HDR@@@@QEAAPEAXI@Z 000000018000b838 f i ConEmuPluginBase.obj
 0001:0000a8ac       ??_GCPluginBase@@UEAAPEAXI@Z 000000018000b8ac f i ConEmuPluginBase.obj
 0001:0000a8ac       ??_ECPluginBase@@UEAAPEAXI@Z 000000018000b8ac f i ConEmuPluginBase.obj
 0001:0000a8d8       ?ActivatePlugin@CPluginBase@@QEAA_NKPEAXK@Z 000000018000b8d8 f   ConEmuPluginBase.obj
 0001:0000aaa4       ?AddTab@CPluginBase@@QEAA_NAEAHH_N1HPEB_W2HHHH@Z 000000018000baa4 f   ConEmuPluginBase.obj
 0001:0000ae1c       ?AddTabFinish@CPluginBase@@QEAAXH@Z 000000018000be1c f   ConEmuPluginBase.obj
 0001:0000ae28       ?Attach2Gui@CPluginBase@@QEAA_N_N@Z 000000018000be28 f   ConEmuPluginBase.obj
 0001:0000b258       ?BackgroundMacroError@CPluginBase@@SAKPEAX@Z 000000018000c258 f   ConEmuPluginBase.obj
 0001:0000b290       ?CheckBufferEnabled@CPluginBase@@QEAA_NXZ 000000018000c290 f   ConEmuPluginBase.obj
 0001:0000b2f4       ?CheckConEmuDetached@CPluginBase@@SAXXZ 000000018000c2f4 f   ConEmuPluginBase.obj
 0001:0000b430       ?CheckResources@CPluginBase@@QEAAX_N@Z 000000018000c430 f   ConEmuPluginBase.obj
 0001:0000b610       ?CloseMapHeader@CPluginBase@@SAXXZ 000000018000c610 f   ConEmuPluginBase.obj
 0001:0000b66c       ?CloseTabs@CPluginBase@@SAXXZ 000000018000c66c f   ConEmuPluginBase.obj
 0001:0000b70c       ?CommonPluginStartup@CPluginBase@@QEAAXXZ 000000018000c70c f   ConEmuPluginBase.obj
 0001:0000b818       ?CreateTabs@CPluginBase@@SA_NH@Z 000000018000c818 f   ConEmuPluginBase.obj
 0001:0000b900       ?DllCheckUnique@CPluginBase@@KA_N_N@Z 000000018000c900 f   ConEmuPluginBase.obj
 0001:0000bb44       ?DllMain_ProcessAttach@CPluginBase@@KAXPEAUHINSTANCE__@@@Z 000000018000cb44 f   ConEmuPluginBase.obj
 0001:0000bc38       ?DllMain_ProcessDetach@CPluginBase@@KAXXZ 000000018000cc38 f   ConEmuPluginBase.obj
 0001:0000bd20       ?EditViewConsoleOutput@CPluginBase@@QEAAX_N@Z 000000018000cd20 f   ConEmuPluginBase.obj
 0001:0000bdf8       ?EmergencyShow@CPluginBase@@KAXXZ 000000018000cdf8 f   ConEmuPluginBase.obj
 0001:0000be54       ?ExecuteSynchro@CPluginBase@@QEAAXXZ 000000018000ce54 f   ConEmuPluginBase.obj
 0001:0000bed8       ?ExitFarCommon@CPluginBase@@QEAAX_N@Z 000000018000ced8 f   ConEmuPluginBase.obj
 0001:0000bf04       ?FarSetConsoleSize@CPluginBase@@SA_NFF@Z 000000018000cf04 f   ConEmuPluginBase.obj
 0001:0000c010       ?FillLoadedParm@CPluginBase@@SAXPEAUConEmuLoadedArg@@PEAUHINSTANCE__@@H@Z 000000018000d010 f   ConEmuPluginBase.obj
 0001:0000c0e8       ?FillUpdateBackground@CPluginBase@@QEAAXPEAUPaintBackgroundArg@@@Z 000000018000d0e8 f   ConEmuPluginBase.obj
 0001:0000c264       ?FindServerCmd@CPluginBase@@QEAA_NKAEAK_N@Z 000000018000d264 f   ConEmuPluginBase.obj
 0001:0000c360       ?GetMainThreadId@CPluginBase@@SAKXZ 000000018000d360 f   ConEmuPluginBase.obj
 0001:0000c414       ?GetPanelInfo@CPluginBase@@QEAA_NKPEAUBkPanelInfo@@@Z 000000018000d414 f   ConEmuPluginBase.obj
 0001:0000c4b8       ?InitHWND@CPluginBase@@SAXXZ 000000018000d4b8 f   ConEmuPluginBase.obj
 0001:0000c758       ?InitName@?$MFileMapping@UPanelViewSetMapping@@@@QEAAPEB_WPEB_WKK@Z 000000018000d758 f i PluginBackground.obj
 0001:0000c758       ?InitName@?$MFileMapping@UConEmuGuiMapping@@@@QEAAPEB_WPEB_WKK@Z 000000018000d758 f i common-kernel64:ConEmuCheck.obj
 0001:0000c758       ?InitName@?$MFileMapping@UCESERVER_CONSOLE_MAPPING_HDR@@@@QEAAPEB_WPEB_WKK@Z 000000018000d758 f i ConEmuPluginBase.obj
 0001:0000c7f0       ?InitResources@CPluginBase@@QEAAXXZ 000000018000d7f0 f   ConEmuPluginBase.obj
 0001:0000ca30       ?InitRootRegKey@CPluginBase@@IEAAXXZ 000000018000da30 f   ConEmuPluginBase.obj
 0001:0000cb38       ?InternalOpenCreate@?$MFileMapping@UCESERVER_CONSOLE_MAPPING_HDR@@@@IEAAPEAUCESERVER_CONSOLE_MAPPING_HDR@@HHH@Z 000000018000db38 f i ConEmuPluginBase.obj
 0001:0000cce0       ?IsCurrentTabModal@CPluginBase@@QEAA_NXZ 000000018000dce0 f   ConEmuPluginBase.obj
 0001:0000ce9c       ?LoadFarVersion@CPluginBase@@SA_NXZ 000000018000de9c f   ConEmuPluginBase.obj
 0001:0000d158       ?LoadPanelTabsFromRegistry@CPluginBase@@IEAAXXZ 000000018000e158 f   ConEmuPluginBase.obj
 0001:0000d294       ?MonitorThreadProcW@CPluginBase@@SAKPEAX@Z 000000018000e294 f   ConEmuPluginBase.obj
 0001:0000d6a8       ?NotifyConEmuUnloaded@CPluginBase@@SAXXZ 000000018000e6a8 f   ConEmuPluginBase.obj
 0001:0000d7cc       ?OnConsoleDetaching@CPluginBase@@SAHPEAUHookCallbackArg@@@Z 000000018000e7cc f   ConEmuPluginBase.obj
 0001:0000d8f8       ?OnConsolePeekInput@CPluginBase@@SAHPEAUHookCallbackArg@@@Z 000000018000e8f8 f   ConEmuPluginBase.obj
 0001:0000d960       ?OnConsolePeekInputPost@CPluginBase@@SAHPEAUHookCallbackArg@@@Z 000000018000e960 f   ConEmuPluginBase.obj
 0001:0000d990       ?OnConsolePeekReadInput@CPluginBase@@SAX_N@Z 000000018000e990 f   ConEmuPluginBase.obj
 0001:0000db88       ?OnConsoleReadInput@CPluginBase@@SAHPEAUHookCallbackArg@@@Z 000000018000eb88 f   ConEmuPluginBase.obj
 0001:0000db90       ?OnConsoleReadInputPost@CPluginBase@@SAHPEAUHookCallbackArg@@@Z 000000018000eb90 f   ConEmuPluginBase.obj
 0001:0000dd40       ?OnConsoleReadInputWork@CPluginBase@@SAHPEAUHookCallbackArg@@@Z 000000018000ed40 f   ConEmuPluginBase.obj
 0001:0000ddb4       ?OnConsoleWasAttached@CPluginBase@@SAHPEAUHookCallbackArg@@@Z 000000018000edb4 f   ConEmuPluginBase.obj
 0001:0000de1c       ?OnCurDirChanged@CPluginBase@@SAXXZ 000000018000ee1c f   ConEmuPluginBase.obj
 0001:0000de80       ?OnGetNumberOfConsoleInputEventsPost@CPluginBase@@SAHPEAUHookCallbackArg@@@Z 000000018000ee80 f   ConEmuPluginBase.obj
 0001:0000deb4       ?OnLibraryLoaded@CPluginBase@@SAXPEAUHINSTANCE__@@@Z 000000018000eeb4 f   ConEmuPluginBase.obj
 0001:0000df54       ?OnMainThreadActivated@CPluginBase@@QEAAXXZ 000000018000ef54 f   ConEmuPluginBase.obj
 0001:0000e0f8       ?OnPanelViewCallbacks@CPluginBase@@SA_NPEAUHookCallbackArg@@P6AHPEAXPEAU_INPUT_RECORD@@KPEAKPEAH@Z5@Z 000000018000f0f8 f   ConEmuPluginBase.obj
 0001:0000e1d0       ?OnPostWriteConsoleOutput@CPluginBase@@SAHPEAUHookCallbackArg@@@Z 000000018000f1d0 f   ConEmuPluginBase.obj
 0001:0000e1dc       ?OnShellExecuteExW_Except@CPluginBase@@SAHPEAUHookCallbackArg@@@Z 000000018000f1dc f   ConEmuPluginBase.obj
 0001:0000e21c       ?OnWriteConsoleOutput@CPluginBase@@SAHPEAUHookCallbackArg@@@Z 000000018000f21c f   ConEmuPluginBase.obj
 0001:0000e2f0       ?OpenMapHeader@CPluginBase@@SAHXZ 000000018000f2f0 f   ConEmuPluginBase.obj
 0001:0000e3f0       ?OpenPluginCommon@CPluginBase@@QEAAPEAXH_J_N@Z 000000018000f3f0 f   ConEmuPluginBase.obj
 0001:0000e710       ?OutDataAlloc@CPluginBase@@SA_NK@Z 000000018000f710 f   ConEmuPluginBase.obj
 0001:0000e780       ?OutDataRealloc@CPluginBase@@SA_NK@Z 000000018000f780 f   ConEmuPluginBase.obj
 0001:0000e860       ?OutDataWrite@CPluginBase@@SA_NPEAXK@Z 000000018000f860 f   ConEmuPluginBase.obj
 0001:0000e904       ?PanelControl@CPluginBase@@QEAA_JPEAXH_J0@Z 000000018000f904 f   ConEmuPluginBase.obj
 0001:0000e99c       ?Plugin@@YAPEAVCPluginBase@@XZ 000000018000f99c f   ConEmuPluginBase.obj
 0001:0000ea70       ?PrintText@CPluginBase@@QEAA_NPEB_W@Z 000000018000fa70 f   ConEmuPluginBase.obj
 0001:0000ebb8       ?ProcessCommand@CPluginBase@@QEAA_NKHPEAXPEAPEAUCESERVER_REQ@@_N@Z 000000018000fbb8 f   ConEmuPluginBase.obj
 0001:0000f058       ?ProcessCommandLine@CPluginBase@@QEAA_NPEA_W@Z 0000000180010058 f   ConEmuPluginBase.obj
 0001:0000f0a4       ?ProcessDragFrom@CPluginBase@@QEAAXXZ 00000001800100a4 f   ConEmuPluginBase.obj
 0001:0000f57c       ?ProcessDragTo@CPluginBase@@QEAAXXZ 000000018001057c f   ConEmuPluginBase.obj
 0001:0000f8d8       ?ProcessEditorInputInternal@CPluginBase@@QEAAXAEBU_INPUT_RECORD@@@Z 00000001800108d8 f   ConEmuPluginBase.obj
 0001:0000f904       ?ProcessEditorViewerEvent@CPluginBase@@QEAAHHH@Z 0000000180010904 f   ConEmuPluginBase.obj
 0001:0000f9b8       ?ProcessSetWindowCommand@CPluginBase@@QEAAXXZ 00000001800109b8 f   ConEmuPluginBase.obj
 0001:0000fadc       ?ProcessSynchroEvent@CPluginBase@@QEAAHHPEAX@Z 0000000180010adc f   ConEmuPluginBase.obj
 0001:0000fb60       ?ReloadFarInfo@CPluginBase@@QEAA_N_N@Z 0000000180010b60 f   ConEmuPluginBase.obj
 0001:0000fdec       ?ReloadFarInfoApi@CPluginBase@@IEAA_NXZ 0000000180010dec f   ConEmuPluginBase.obj
 0001:0000ffc0       ?RunExternalProgram@CPluginBase@@QEAA_NPEA_W@Z 0000000180010fc0 f   ConEmuPluginBase.obj
 0001:00010144       ?RunExternalProgramW@CPluginBase@@SA_NPEA_W0_N@Z 0000000180011144 f   ConEmuPluginBase.obj
 0001:000103c8       ?SendTabs@CPluginBase@@SAXH_N@Z 00000001800113c8 f   ConEmuPluginBase.obj
 0001:00010590       ?SetRootRegKey@CPluginBase@@IEAAXPEA_W@Z 0000000180011590 f   ConEmuPluginBase.obj
 0001:0001064c       ?ShowConsoleInfo@CPluginBase@@QEAAXXZ 000000018001164c f   ConEmuPluginBase.obj
 0001:00010850       ?ShowMessage@CPluginBase@@QEAAHHH@Z 0000000180011850 f   ConEmuPluginBase.obj
 0001:000108cc       ?ShowMessageBox@CPluginBase@@KAHPEB_WI@Z 00000001800118cc f   ConEmuPluginBase.obj
 0001:000109b0       ?ShowMessageGui@CPluginBase@@QEAAHHH@Z 00000001800119b0 f   ConEmuPluginBase.obj
 0001:00010a38       ?ShowPanelsList@CPluginBase@@QEAAXXZ 0000000180011a38 f   ConEmuPluginBase.obj
 0001:00010b9c       ?ShowPluginMenu@CPluginBase@@QEAAXW4PluginCallCommands@@@Z 0000000180011b9c f   ConEmuPluginBase.obj
 0001:00010d94       ?ShowProtocolWarning@CPluginBase@@KAXXZ 0000000180011d94 f   ConEmuPluginBase.obj
 0001:00010f18       ?ShowTabsList@CPluginBase@@QEAAXXZ 0000000180011f18 f   ConEmuPluginBase.obj
 0001:000111c8       ?StartDebugger@CPluginBase@@QEAA_NXZ 00000001800121c8 f   ConEmuPluginBase.obj
 0001:00011480       ?StopThread@CPluginBase@@QEAAX_N@Z 0000000180012480 f   ConEmuPluginBase.obj
 0001:00011718       ?StorePanelDirs@CPluginBase@@QEAA_NPEB_W0@Z 0000000180012718 f   ConEmuPluginBase.obj
 0001:0001188c       ?StringCchCatW@@YAJPEA_W_KPEB_W@Z 000000018001288c f i ConEmuPluginBase.obj
 0001:0001195c       ?SwitchTabCommand@CPluginBase@@QEAAXW4PluginMenuCommands@@@Z 000000018001295c f   ConEmuPluginBase.obj
 0001:000119e0       ?ToOem@CPluginBase@@SAPEADPEB_W@Z 00000001800129e0 f   ConEmuPluginBase.obj
 0001:00011a4c       ?ToOem@CPluginBase@@SAXPEB_WPEAD_J@Z 0000000180012a4c f   ConEmuPluginBase.obj
 0001:00011a8c       ?ToUnicode@CPluginBase@@SAPEA_WPEBD@Z 0000000180012a8c f   ConEmuPluginBase.obj
 0001:00011b18       ?TouchReadPeekConsoleInputs@CPluginBase@@SAXH@Z 0000000180012b18 f   ConEmuPluginBase.obj
 0001:00011b64       ?UngetDummyMouseEvent@CPluginBase@@SA_N_NPEAUHookCallbackArg@@@Z 0000000180012b64 f   ConEmuPluginBase.obj
 0001:00011d10       ?UpdateConEmuTabs@CPluginBase@@QEAA_N_N@Z 0000000180012d10 f   ConEmuPluginBase.obj
 0001:00011f9c       ?UpdatePanelDirs@CPluginBase@@QEAAXXZ 0000000180012f9c f   ConEmuPluginBase.obj
 0001:00012160       ?WaitPluginActivation@CPluginBase@@SAKKPEAPEAXHK@Z 0000000180013160 f   ConEmuPluginBase.obj
 0001:00012270       ?cmd_CloseQSearch@CPluginBase@@QEAAXXZ 0000000180013270 f   ConEmuPluginBase.obj
 0001:000122ac       ?cmd_ConSetFont@CPluginBase@@QEAAXPEAX@Z 00000001800132ac f   ConEmuPluginBase.obj
 0001:00012300       ?cmd_EMenu@CPluginBase@@QEAAXPEAX@Z 0000000180013300 f   ConEmuPluginBase.obj
 0001:00012420       ?cmd_ExternalCallback@CPluginBase@@QEAA_NPEAX@Z 0000000180013420 f   ConEmuPluginBase.obj
 0001:00012484       ?cmd_GuiChanged@CPluginBase@@QEAAXPEAX@Z 0000000180013484 f   ConEmuPluginBase.obj
 0001:00012510       ?cmd_LeftClickSync@CPluginBase@@QEAAXPEAX@Z 0000000180013510 f   ConEmuPluginBase.obj
 0001:00012604       ?cmd_OpenEditorLine@CPluginBase@@QEAA_NPEAUCESERVER_REQ_FAREDITOR@@@Z 0000000180013604 f   ConEmuPluginBase.obj
 0001:000126d8       ?cmd_RedrawFarCall@CPluginBase@@QEAA_NAEAPEAUCESERVER_REQ@@PEAPEAU2@@Z 00000001800136d8 f   ConEmuPluginBase.obj
 0001:000127ac       ?cmd_SetWindow@CPluginBase@@QEAA_NPEAX_N@Z 00000001800137ac f   ConEmuPluginBase.obj
 0001:00012838       ?isMacroActive@CPluginBase@@QEAA_NAEAH@Z 0000000180013838 f   ConEmuPluginBase.obj
 0001:00012874       ?isModalEditorViewer@CPluginBase@@QEAA_NXZ 0000000180013874 f   ConEmuPluginBase.obj
 0001:000128a0       ?pcc_Disabled@CPluginBase@@SA_NW4PluginMenuCommands@@@Z 00000001800138a0 f   ConEmuPluginBase.obj
 0001:00012914       ?pcc_Selected@CPluginBase@@SA_NW4PluginMenuCommands@@@Z 0000000180013914 f   ConEmuPluginBase.obj
 0001:00012970       ??0CPluginBackground@@QEAA@XZ 0000000180013970 f   PluginBackground.obj
 0001:00012b9c       ??1CPluginBackground@@QEAA@XZ 0000000180013b9c f   PluginBackground.obj
 0001:00012d90       ?CheckPanelFolders@CPluginBackground@@IEAAXH@Z 0000000180013d90 f   PluginBackground.obj
 0001:00012e60       ?InternalOpenCreate@?$MFileMapping@UPanelViewSetMapping@@@@IEAAPEAUPanelViewSetMapping@@HHH@Z 0000000180013e60 f i PluginBackground.obj
 0001:00013008       ?IsParmChanged@CPluginBackground@@IEAA_NPEAUPaintBackgroundArg@@0@Z 0000000180014008 f   PluginBackground.obj
 0001:00013280       ?LoadThSet@CPluginBackground@@IEAAHH@Z 0000000180014280 f   PluginBackground.obj
 0001:00013538       ?MonitorBackground@CPluginBackground@@QEAAXXZ 0000000180014538 f   PluginBackground.obj
 0001:000135a0       ?OnMainThreadActivated@CPluginBackground@@QEAAXHH@Z 00000001800145a0 f   PluginBackground.obj
 0001:00013664       ?ReallocItems@CPluginBackground@@IEAAXH@Z 0000000180014664 f   PluginBackground.obj
 0001:000136e8       ?RegisterSubplugin@CPluginBackground@@QEAAHPEAURegisterBackgroundArg@@@Z 00000001800146e8 f   PluginBackground.obj
 0001:00013988       ?SetDcPanelRect@CPluginBackground@@IEAAXPEAUtagRECT@@PEAUBkPanelInfo@@PEAUPaintBackgroundArg@@@Z 0000000180014988 f   PluginBackground.obj
 0001:00013a5c       ?SetForceThLoad@CPluginBackground@@QEAAXXZ 0000000180014a5c f   PluginBackground.obj
 0001:00013a74       ?SetForceUpdate@CPluginBackground@@QEAAX_N@Z 0000000180014a74 f   PluginBackground.obj
 0001:00013a94       ?UpdateBackground@CPluginBackground@@IEAAXXZ 0000000180014a94 f   PluginBackground.obj
 0001:00014338       ?UpdateBackground_Exec@CPluginBackground@@KAXPEAURegisterBackgroundArg@@PEAUPaintBackgroundArg@@@Z 0000000180015338 f   PluginBackground.obj
 0001:0001437c       ??$swprintf_c@$09@@YAHAEAY09_WPEB_WZZ 000000018001537c f i PluginSrv.obj
 0001:000143a8       ?DumpError@?$PipeServer@UCESERVER_REQ@@@@IEAAXPEAUPipeInst@1@PEB_WH@Z 00000001800153a8 f i PluginSrv.obj
 0001:000144bc       ?PipeServerRead@?$PipeServer@UCESERVER_REQ@@@@IEAAHPEAUPipeInst@1@@Z 00000001800154bc f i PluginSrv.obj
 0001:00014784       ?PipeServerThread@?$PipeServer@UCESERVER_REQ@@@@IEAAKPEAUPipeInst@1@@Z 0000000180015784 f i PluginSrv.obj
 0001:00014a54       ?PipeServerWrite@?$PipeServer@UCESERVER_REQ@@@@IEAAHPEAUPipeInst@1@PEBXKPEAKH@Z 0000000180015a54 f i PluginSrv.obj
 0001:00014b80       ?PlugServerCommand@@YAHPEAXPEAUCESERVER_REQ@@AEAPEAU1@AEAK3_J@Z 0000000180015b80 f   PluginSrv.obj
 0001:00015138       ?PlugServerFree@@YAXPEAUCESERVER_REQ@@_J@Z 0000000180016138 f   PluginSrv.obj
 0001:00015150       ?PlugServerStart@@YA_NXZ   0000000180016150 f   PluginSrv.obj
 0001:00015270       ?PlugServerStop@@YAX_N@Z   0000000180016270 f   PluginSrv.obj
 0001:000152c4       ?StartPipeInstance@?$PipeServer@UCESERVER_REQ@@@@IEAA_NPEAUPipeInst@1@@Z 00000001800162c4 f i PluginSrv.obj
 0001:00015450       ?StartPipeServer@?$PipeServer@UCESERVER_REQ@@@@QEAA_N_NPEB_W_JPEAU_SECURITY_ATTRIBUTES@@P6AHPEAXPEAUCESERVER_REQ@@AEAPEAU3@AEAK72@ZP6AX52@ZP6AH42@ZP6AH42@ZP6AH42@Z@Z 0000000180016450 f i PluginSrv.obj
 0001:000155e8       ?StopPipeServer@?$PipeServer@UCESERVER_REQ@@@@QEAAX_NAEA_N@Z 00000001800165e8 f i PluginSrv.obj
 0001:00015950       ?TerminatePipeThread@?$PipeServer@UCESERVER_REQ@@@@KAXAEAPEAXAEBUPipeInst@1@AEA_N@Z 0000000180016950 f i PluginSrv.obj
 0001:000159bc       ?WaitForClient@?$PipeServer@UCESERVER_REQ@@@@IEAA_NPEAUPipeInst@1@AEAH1@Z 00000001800169bc f i PluginSrv.obj
 0001:00015cd4       ?WaitOverlapped@?$PipeServer@UCESERVER_REQ@@@@IEAAHPEAUPipeInst@1@PEAK@Z 0000000180016cd4 f i PluginSrv.obj
 0001:00015ea8       ?WriteDummyAnswer@?$PipeServer@UCESERVER_REQ@@@@IEAAHPEAUPipeInst@1@@Z 0000000180016ea8 f i PluginSrv.obj
 0001:00015f40       ?_PipeServerThread@?$PipeServer@UCESERVER_REQ@@@@KAKPEAX@Z 0000000180016f40 f i PluginSrv.obj
 0001:00015f9c       ?cmd_FarSetChanged@@YAXPEAUFAR_REQ_FARSETCHANGED@@@Z 0000000180016f9c f   PluginSrv.obj
 0001:00015ff6       GetFileVersionInfoSizeW    0000000180016ff6 f   version:VERSION.dll
 0001:00015ffc       GetFileVersionInfoW        0000000180016ffc f   version:VERSION.dll
 0001:00016002       VerQueryValueW             0000000180017002 f   version:VERSION.dll
 0001:00016008       CreateToolhelp32Snapshot   0000000180017008 f   kernel32:KERNEL32.dll
 0001:0001600e       Thread32First              000000018001700e f   kernel32:KERNEL32.dll
 0001:00016014       Thread32Next               0000000180017014 f   kernel32:KERNEL32.dll
 0001:0001601a       Module32FirstW             000000018001701a f   kernel32:KERNEL32.dll
 0001:00016020       Module32NextW              0000000180017020 f   kernel32:KERNEL32.dll
 0001:00016028       ??2@YAPEAX_K@Z             0000000180017028 f   common-kernel64:Memory.obj
 0001:0001605c       ??3@YAXPEAX@Z              000000018001705c f   common-kernel64:Memory.obj
 0001:00016070       ??_U@YAPEAX_K@Z            0000000180017070 f   common-kernel64:Memory.obj
 0001:00016084       ??_V@YAXPEAX@Z             0000000180017084 f   common-kernel64:Memory.obj
 0001:00016098       ?HeapDeinitialize@@YAXXZ   0000000180017098 f   common-kernel64:Memory.obj
 0001:000160f8       ?HeapInitialize@@YA_NXZ    00000001800170f8 f   common-kernel64:Memory.obj
 0001:00016138       ?xf_calloc@@YAPEAX_K0PEBDH@Z 0000000180017138 f   common-kernel64:Memory.obj
 0001:000161e4       ?xf_free@@YAXPEAXPEBDH@Z   00000001800171e4 f   common-kernel64:Memory.obj
 0001:00016274       ?xf_malloc@@YAPEAX_KPEBDH@Z 0000000180017274 f   common-kernel64:Memory.obj
 0001:00016318       ?xf_realloc@@YAPEAXPEAX_KPEBDH@Z 0000000180017318 f   common-kernel64:Memory.obj
 0001:000163e0       ?xf_set_tag@@YAXPEAXPEBDH_N@Z 00000001800173e0 f   common-kernel64:Memory.obj
 0001:00016488       ?ExecuteCmd@@YAPEAUCESERVER_REQ@@PEB_WPEAU1@KPEAUHWND__@@HKH@Z 0000000180017488 f   common-kernel64:ConEmuCheck.obj
 0001:00016694       ?ExecuteFreeResult@@YAXAEAPEAUCESERVER_REQ@@@Z 0000000180017694 f   common-kernel64:ConEmuCheck.obj
 0001:000166c0       ?ExecuteGuiCmd@@YAPEAUCESERVER_REQ@@PEAUHWND__@@PEAU1@0H@Z 00000001800176c0 f   common-kernel64:ConEmuCheck.obj
 0001:00016780       ?ExecuteNewCmd@@YAPEAUCESERVER_REQ@@K_K@Z 0000000180017780 f   common-kernel64:ConEmuCheck.obj
 0001:000167f0       ?ExecuteNewCmd@@YA_NAEAPEAUCESERVER_REQ@@AEAKK_K@Z 00000001800177f0 f   common-kernel64:ConEmuCheck.obj
 0001:00016880       ?ExecuteOpenPipe@@YAPEAXPEB_WAEAY0CAI@_W0KKHPEAXH@Z 0000000180017880 f   common-kernel64:ConEmuCheck.obj
 0001:00016a30       ?ExecutePrepareCmd@@YAXPEAUCESERVER_REQ@@K_K@Z 0000000180017a30 f   common-kernel64:ConEmuCheck.obj
 0001:00016a6c       ?ExecutePrepareCmd@@YAXPEAUCESERVER_REQ_HDR@@K_K@Z 0000000180017a6c f   common-kernel64:ConEmuCheck.obj
 0001:00016adc       ?ExecuteSrvCmd@@YAPEAUCESERVER_REQ@@KPEAU1@PEAUHWND__@@HKH@Z 0000000180017adc f   common-kernel64:ConEmuCheck.obj
 0001:00016bb0       ?GetConEmuHWND@@YAPEAUHWND__@@H@Z 0000000180017bb0 f   common-kernel64:ConEmuCheck.obj
 0001:00016d0c       ?GuiMessageBox@@YAHPEAUHWND__@@PEB_W1H@Z 0000000180017d0c f   common-kernel64:ConEmuCheck.obj
 0001:00016e9c       ?InternalOpenCreate@?$MFileMapping@UConEmuGuiMapping@@@@IEAAPEAUConEmuGuiMapping@@HHH@Z 0000000180017e9c f i common-kernel64:ConEmuCheck.obj
 0001:00017044       ?LoadSrvMapping@@YAHPEAUHWND__@@AEAUCESERVER_CONSOLE_MAPPING_HDR@@@Z 0000000180018044 f   common-kernel64:ConEmuCheck.obj
 0001:00017194       ?ModuleName@@YAPEB_WPEB_W@Z 0000000180018194 f   common-kernel64:ConEmuCheck.obj
 0001:00017258       ?isConsoleClass@@YA_NPEB_W@Z 0000000180018258 f   common-kernel64:ConEmuCheck.obj
 0001:000172a8       ?isConsoleWindow@@YA_NPEAUHWND__@@@Z 00000001800182a8 f   common-kernel64:ConEmuCheck.obj
 0001:00017398       ?myGetConsoleWindow@@YAPEAUHWND__@@XZ 0000000180018398 f   common-kernel64:ConEmuCheck.obj
 0001:00017434       ?StringCchVPrintfA@@YAJPEAD_KPEBD0@Z 0000000180018434 f i common-kernel64:MStrSafe.obj
 0001:000174dc       ?lstrcmpni@@YAHPEB_W0H@Z   00000001800184dc f   common-kernel64:MStrSafe.obj
 0001:000175ec       ?msprintf@@YAPEB_WPEA_W_KPEB_WZZ 00000001800185ec f   common-kernel64:MStrSafe.obj
 0001:000179fc       ?sprintf_c@@YAHPEAD_JPEBDZZ 00000001800189fc f   common-kernel64:MStrSafe.obj
 0001:00017a3c       ?swprintf_c@@YAHPEA_W_JPEB_WZZ 0000000180018a3c f   common-kernel64:MStrSafe.obj
 0001:00017a7c       ?IsFilePath@@YA_NPEB_W_N@Z 0000000180018a7c f   common-kernel64:CmdLine.obj
 0001:00017bcc       ?PointToExt@@YAPEB_WPEB_W@Z 0000000180018bcc f   common-kernel64:CmdLine.obj
 0001:00017bf0       ?PointToName@@YAPEB_WPEB_W@Z 0000000180018bf0 f   common-kernel64:CmdLine.obj
 0001:00017c4c       ?Unquote@@YAPEB_WPEA_W_N@Z 0000000180018c4c f   common-kernel64:CmdLine.obj
 0001:00017cb4       ??$sprintf_c@$0CI@@@YAHAEAY0CI@DPEBDZZ 0000000180018cb4 f i common-kernel64:WThreads.obj
 0001:00017ce0       ?SetThreadName@@YAXKPEAD@Z 0000000180018ce0 f   common-kernel64:WThreads.obj
 0001:00017d18       ?apiCreateThread@@YAPEAXP6AKPEAX@Z0PEAKPEBDH@Z 0000000180018d18 f   common-kernel64:WThreads.obj
 0001:00017e6c       ?apiTerminateThreadEx@@YAHPEAXKPEBDH@Z 0000000180018e6c f   common-kernel64:WThreads.obj
 0001:00017f74       ?apiThreadHelper@@YAKPEAX@Z 0000000180018f74 f   common-kernel64:WThreads.obj
 0001:00018180       ?lstrdup@@YAPEA_WPEB_W_K@Z 0000000180019180 f   common-kernel64:MStrDup.obj
 0001:00018200       ?lstrmerge@@YAPEA_WPEB_W00000000@Z 0000000180019200 f   common-kernel64:MStrDup.obj
 0001:0001834c       ?lstrmerge@@YA_NPEAPEA_WPEB_W1111111@Z 000000018001934c f   common-kernel64:MStrDup.obj
 0001:000183d4       ??0CEnvStrings@@QEAA@PEA_W@Z 00000001800193d4 f   common-kernel64:EnvVar.obj
 0001:00018448       ??1CEnvStrings@@QEAA@XZ    0000000180019448 f   common-kernel64:EnvVar.obj
 0001:0001846c       ?Clear@CEnvRestorer@@QEAAXXZ 000000018001946c f   common-kernel64:EnvVar.obj
 0001:00018490       ?ExpandEnvStr@@YAPEA_WPEB_W@Z 0000000180019490 f   common-kernel64:EnvVar.obj
 0001:00018558       ?GetEnvVar@@YAPEA_WPEB_W@Z 0000000180019558 f   common-kernel64:EnvVar.obj
 0001:00018628       ?SavePathVar@CEnvRestorer@@QEAAXPEB_W@Z 0000000180019628 f   common-kernel64:EnvVar.obj
 0001:0001865c       ?CommonShutdown@@YAXXZ     000000018001965c f   common-kernel64:Common.obj
 0001:0001866c       ?IsEnvBlockVariableValid@@YA_NPEB_W@Z 000000018001966c f   common-kernel64:Common.obj
 0001:000186a0       ?IsEnvBlockVariableValid@@YA_NPEB_WAEAPEB_W@Z 00000001800196a0 f   common-kernel64:Common.obj
 0001:000186f4       ?SetCommand@CESERVER_REQ_NEWCMD@@QEAAXPEB_W@Z 00000001800196f4 f   common-kernel64:Common.obj
 0001:0001875c       ?SetEnvStrings@CESERVER_REQ_NEWCMD@@QEAAXPEB_WK@Z 000000018001975c f   common-kernel64:Common.obj
 0001:00018874       ??_GMNullDesc@@QEAAPEAXI@Z 0000000180019874 f i common-kernel64:MSecurity.obj
 0001:000188ec       ?LoadAdvApi@MNullDesc@@IEAAHXZ 00000001800198ec f i common-kernel64:MSecurity.obj
 0001:00018aa0       ?LocalSecurity@@YAPEAU_SECURITY_ATTRIBUTES@@XZ 0000000180019aa0 f   common-kernel64:MSecurity.obj
 0001:00018afc       ?LocalSecurity@MNullDesc@@QEAAPEAU_SECURITY_ATTRIBUTES@@XZ 0000000180019afc f i common-kernel64:MSecurity.obj
 0001:00018c78       ?ShutdownSecurity@@YAXXZ   0000000180019c78 f   common-kernel64:MSecurity.obj
 0001:00018ca0       ??0CEStr@@QEAA@$$QEAPEA_W@Z 0000000180019ca0 f   common-kernel64:CEStr.obj
 0001:00018cc0       ??0CEStr@@QEAA@PEB_W00000000@Z 0000000180019cc0 f   common-kernel64:CEStr.obj
 0001:00018d58       ??0CEStr@@QEAA@XZ          0000000180019d58 f   common-kernel64:CEStr.obj
 0001:00018d68       ??0bad_alloc@stdext@@QEAA@AEBV01@@Z 0000000180019d68 f i common-kernel64:CEStr.obj
 0001:00018d88       ??0bad_alloc@stdext@@QEAA@XZ 0000000180019d88 f i common-kernel64:CEStr.obj
 0001:00018da4       ??0exception@stdext@@QEAA@AEBV01@@Z 0000000180019da4 f i common-kernel64:CEStr.obj
 0001:00018dbc       ??1CEStr@@QEAA@XZ          0000000180019dbc f   common-kernel64:CEStr.obj
 0001:00018dec       ??1bad_alloc@stdext@@UEAA@XZ 0000000180019dec f i common-kernel64:CEStr.obj
 0001:00018df8       ??4CEStr@@QEAAAEAU0@PEB_W@Z 0000000180019df8 f   common-kernel64:CEStr.obj
 0001:00018e14       ??BCEStr@@QEBAPEB_WXZ      0000000180019e14 f   common-kernel64:CEStr.obj
 0001:00018e18       ??_Eexception@stdext@@UEAAPEAXI@Z 0000000180019e18 f i common-kernel64:CEStr.obj
 0001:00018e18       ??_Ebad_alloc@stdext@@UEAAPEAXI@Z 0000000180019e18 f i common-kernel64:CEStr.obj
 0001:00018e18       ??_Gbad_alloc@stdext@@UEAAPEAXI@Z 0000000180019e18 f i common-kernel64:CEStr.obj
 0001:00018e18       ??_Gexception@stdext@@UEAAPEAXI@Z 0000000180019e18 f i common-kernel64:CEStr.obj
 0001:00018e44       ?AttachInt@CEStr@@AEAAPEB_WAEAPEA_W@Z 0000000180019e44 f   common-kernel64:CEStr.obj
 0001:00018ec8       ?Clear@CEStr@@QEAAXXZ      0000000180019ec8 f   common-kernel64:CEStr.obj
 0001:00018ef8       ?GetBuffer@CEStr@@QEAAPEA_W_J@Z 0000000180019ef8 f   common-kernel64:CEStr.obj
 0001:00018fc8       ?GetLen@CEStr@@QEBA_JXZ    0000000180019fc8 f   common-kernel64:CEStr.obj
 0001:00018fec       ?GetMaxCount@CEStr@@QEAA_JXZ 0000000180019fec f   common-kernel64:CEStr.obj
 0001:00019018       ?Set@CEStr@@QEAAPEB_WPEB_W_J@Z 000000018001a018 f   common-kernel64:CEStr.obj
 0001:000190f0       ?StringCchCopyNW@@YAJPEA_W_KPEB_W1@Z 000000018001a0f0 f i common-kernel64:CEStr.obj
 0001:00019178       ?_Doraise@bad_alloc@stdext@@MEBAXXZ 000000018001a178 f i common-kernel64:CEStr.obj
 0001:00019194       ?what@exception@stdext@@UEBAPEBDXZ 000000018001a194 f i common-kernel64:CEStr.obj
 0001:000191a8       ?FileExists@@YA_NPEB_WPEAK@Z 000000018001a1a8 f   common-kernel64:WObjects.obj
 0001:00019334       ?IsWin6@@YA_NXZ            000000018001a334 f   common-kernel64:WObjects.obj
 0001:00019368       ?IsWinVerOrHigher@@YA_NG@Z 000000018001a368 f   common-kernel64:WObjects.obj
 0001:000193fc       ?IsWindows64@@YA_NXZ       000000018001a3fc f   common-kernel64:WObjects.obj
 0001:00019420       ?_VerifyVersionInfo@@YA_NPEAU_OSVERSIONINFOEXW@@K_K@Z 000000018001a420 f   common-kernel64:WObjects.obj
 0001:000194d0       ?Init@HkFunc@@QEAA_NPEB_WPEAUHINSTANCE__@@@Z 000000018001a4d0 f   common-kernel64:HkFunc.obj
 0001:00019560       ?isConEmuHk@HkFunc@@QEAA_NXZ 000000018001a560 f   common-kernel64:HkFunc.obj
 0001:00019568       ??$_Emplace_reallocate@AEBUtagPROCESSENTRY32W@@@?$vector@UtagPROCESSENTRY32W@@V?$MArrayAllocator@UtagPROCESSENTRY32W@@@@@std@@QEAAPEAUtagPROCESSENTRY32W@@QEAU2@AEBU2@@Z 000000018001a568 f i common-kernel64:MProcess.obj
 0001:00019770       ??$emplace_back@AEBUtagPROCESSENTRY32W@@@?$vector@UtagPROCESSENTRY32W@@V?$MArrayAllocator@UtagPROCESSENTRY32W@@@@@std@@QEAAXAEBUtagPROCESSENTRY32W@@@Z 000000018001a770 f i common-kernel64:MProcess.obj
 0001:0001980c       ??0?$MToolHelp@UtagPROCESSENTRY32W@@$1?Process32FirstW@@YAHPEAXPEAU1@@Z$1?Process32NextW@@YAH01@Z@@QEAA@KK@Z 000000018001a80c f i common-kernel64:MProcess.obj
 0001:00019878       ??_EMToolHelpProcess@@UEAAPEAXI@Z 000000018001a878 f i common-kernel64:MProcess.obj
 0001:00019878       ??_GMToolHelpProcess@@UEAAPEAXI@Z 000000018001a878 f i common-kernel64:MProcess.obj
 0001:00019878       ??_E?$MToolHelp@UtagPROCESSENTRY32W@@$1?Process32FirstW@@YAHPEAXPEAU1@@Z$1?Process32NextW@@YAH01@Z@@UEAAPEAXI@Z 000000018001a878 f i common-kernel64:MProcess.obj
 0001:00019878       ??_G?$MToolHelp@UtagPROCESSENTRY32W@@$1?Process32FirstW@@YAHPEAXPEAU1@@Z$1?Process32NextW@@YAH01@Z@@UEAAPEAXI@Z 000000018001a878 f i common-kernel64:MProcess.obj
 0001:000198f0       ?Close@?$MToolHelp@UtagPROCESSENTRY32W@@$1?Process32FirstW@@YAHPEAXPEAU1@@Z$1?Process32NextW@@YAH01@Z@@QEAAX_N@Z 000000018001a8f0 f i common-kernel64:MProcess.obj
 0001:00019980       ?Filter@?$MToolHelp@UtagPROCESSENTRY32W@@$1?Process32FirstW@@YAHPEAXPEAU1@@Z$1?Process32NextW@@YAH01@Z@@MEAA_NPEAUtagPROCESSENTRY32W@@@Z 000000018001a980 f i common-kernel64:MProcess.obj
 0001:00019980       __acrt_uninitialize_command_line 000000018001a980 f i libucrt:argv_data.obj
 0001:00019984       ?Find@?$MToolHelp@UtagPROCESSENTRY32W@@$1?Process32FirstW@@YAHPEAXPEAU1@@Z$1?Process32NextW@@YAH01@Z@@QEAA_NP6A_NPEAUtagPROCESSENTRY32W@@_J@Z10@Z 000000018001a984 f i common-kernel64:MProcess.obj
 0001:00019a24       ?Next@?$MToolHelp@UtagPROCESSENTRY32W@@$1?Process32FirstW@@YAHPEAXPEAU1@@Z$1?Process32NextW@@YAH01@Z@@QEAA_NPEAUtagPROCESSENTRY32W@@@Z 000000018001aa24 f i common-kernel64:MProcess.obj
 0001:00019aa4       ?compare@cmp@?1??Find@MToolHelpProcess@@QEAA_NKPEAUtagPROCESSENTRY32W@@@Z@SA_N0_J@Z 000000018001aaa4 f i common-kernel64:MProcess.obj
 0001:00019aac       ?getNext@?$MToolHelp@UtagPROCESSENTRY32W@@$1?Process32FirstW@@YAHPEAXPEAU1@@Z$1?Process32NextW@@YAH01@Z@@IEAA_NXZ 000000018001aaac f i common-kernel64:MProcess.obj
 0001:00019b70       ?isTerminalMode@@YA_NXZ    000000018001ab70 f   common-kernel64:MProcess.obj
 0001:00019cd4       ??0MSection@@QEAA@XZ       000000018001acd4 f   common-kernel64:MSection.obj
 0001:00019d5c       ??0MSectionLock@@QEAA@XZ   000000018001ad5c f   common-kernel64:MSection.obj
 0001:00019d6c       ??0MSectionThread@@QEAA@PEAVMSection@@@Z 000000018001ad6c f   common-kernel64:MSection.obj
 0001:00019d8c       ??1MSection@@QEAA@XZ       000000018001ad8c f   common-kernel64:MSection.obj
 0001:00019e00       ??1MSectionLock@@QEAA@XZ   000000018001ae00 f   common-kernel64:MSection.obj
 0001:00019e24       ??1MSectionThread@@QEAA@XZ 000000018001ae24 f   common-kernel64:MSection.obj
 0001:00019e60       ?AddRef@MSection@@IEAAXK@Z 000000018001ae60 f   common-kernel64:MSection.obj
 0001:00019ef4       ?Lock@MSection@@IEAAHHK@Z  000000018001aef4 f   common-kernel64:MSection.obj
 0001:00019ff0       ?Lock@MSectionLock@@QEAAHPEAVMSection@@HK@Z 000000018001aff0 f   common-kernel64:MSection.obj
 0001:0001a044       ?MyEnterCriticalSection@MSection@@IEAA_NK@Z 000000018001b044 f   common-kernel64:MSection.obj
 0001:0001a174       ?ReleaseRef@MSection@@IEAAHK@Z 000000018001b174 f   common-kernel64:MSection.obj
 0001:0001a214       ?Unlock@MSection@@IEAAXH@Z 000000018001b214 f   common-kernel64:MSection.obj
 0001:0001a26c       ?Unlock@MSectionLock@@QEAAXXZ 000000018001b26c f   common-kernel64:MSection.obj
 0001:0001a298       ?WaitUnlocked@MSection@@IEAAXKK@Z 000000018001b298 f   common-kernel64:MSection.obj
 0001:0001a32c       ?CheckCallbackPtr@@YA_NPEAUHINSTANCE__@@_KPEAP6A_JXZHHH@Z 000000018001b32c f   common-kernel64:WModuleCheck.obj
 0001:0001a438       ?IsModuleValid@@YA_NPEAUHINSTANCE__@@H@Z 000000018001b438 f   common-kernel64:WModuleCheck.obj
 0001:0001a544       ??0MModule@@QEAA@PEAUHINSTANCE__@@@Z 000000018001b544 f   common-kernel64:MModule.obj
 0001:0001a550       ??1MModule@@QEAA@XZ        000000018001b550 f   common-kernel64:MModule.obj
 0001:0001a558       ?Free@MModule@@QEAAXXZ     000000018001b558 f   common-kernel64:MModule.obj
 0001:0001a588       ??0MSectionSimple@@QEAA@_N@Z 000000018001b588 f   common-kernel64:MSectionSimple.obj
 0001:0001a5c0       ?Close@MSectionSimple@@QEAAXXZ 000000018001b5c0 f   common-kernel64:MSectionSimple.obj
 0001:0001a5c0       ??1MSectionSimple@@QEAA@XZ 000000018001b5c0 f   common-kernel64:MSectionSimple.obj
 0001:0001a5e0       ?Enter@MSectionSimple@@QEAAXXZ 000000018001b5e0 f   common-kernel64:MSectionSimple.obj
 0001:0001a5e8       ?Init@MSectionSimple@@QEAAXXZ 000000018001b5e8 f   common-kernel64:MSectionSimple.obj
 0001:0001a608       ?Leave@MSectionSimple@@QEAAXXZ 000000018001b608 f   common-kernel64:MSectionSimple.obj
 0001:0001a610       ?RecreateAndLock@MSectionSimple@@QEAA_NXZ 000000018001b610 f   common-kernel64:MSectionSimple.obj
 0001:0001a680       ?TryEnter@MSectionSimple@@QEAA_NXZ 000000018001b680 f   common-kernel64:MSectionSimple.obj
 0001:0001a6a8       ?SetConEmuEnvHWND@@YAXPEB_WPEAUHWND__@@@Z 000000018001b6a8 f   common-user64:SetEnvVar.obj
 0001:0001a700       ?SetConEmuEnvVar@@YAXPEAUHWND__@@@Z 000000018001b700 f   common-user64:SetEnvVar.obj
 0001:0001a784       ?SetConEmuEnvVarChild@@YAXPEAUHWND__@@0@Z 000000018001b784 f   common-user64:SetEnvVar.obj
 0001:0001a7b0       ?FindConEmuBaseDir@@YAHAEAY0BAF@_W0PEAUHINSTANCE__@@@Z 000000018001b7b0 f   common-user64:ConEmuCheckEx.obj
 0001:0001ad30       ?IsConEmuExeExist@@YAHPEB_WAEAY0BAF@_W@Z 000000018001bd30 f   common-user64:ConEmuCheckEx.obj
 0001:0001add8       ??$swprintf_c@$0FA@@@YAHAEAY0FA@_WPEB_WZZ 000000018001bdd8 f i common-user64:EmergencyShow.obj
 0001:0001ae04       ?CorrectConsolePos@@YAXPEAUHWND__@@@Z 000000018001be04 f   common-user64:EmergencyShow.obj
 0001:0001af24       ?EmergencyShow@@YAXPEAUHWND__@@HH@Z 000000018001bf24 f   common-user64:EmergencyShow.obj
 0001:0001b064       ?EvaluateDefaultFontWidth@@YAHHPEB_W@Z 000000018001c064 f   common-user64:EmergencyShow.obj
 0001:0001b178       ?SetUserFriendlyFont@@YAXPEAUHWND__@@HH@Z 000000018001c178 f   common-user64:EmergencyShow.obj
 0001:0001b554       ??0MSetter@@QEAA@PEAJ@Z    000000018001c554 f   common-user64:MSetter.obj
 0001:0001b56c       ??1MSetter@@QEAA@XZ        000000018001c56c f   common-user64:MSetter.obj
 0001:0001b574       ?Unlock@MSetter@@QEAAXXZ   000000018001c574 f   common-user64:MSetter.obj
 0001:0001b5d4       ?IsDotsName@@YA_NPEB_W@Z   000000018001c5d4 f   common-user64:WFiles.obj
 0001:0001b5f8       ?SearchAppPaths@@YA_NPEB_WAEAUCEStr@@_NPEAVCEnvRestorer@@@Z 000000018001c5f8 f   common-user64:WFiles.obj
 0001:0001ba38       ?GetConsoleSizeInfo@@YAXPEAUCONSOLE_INFO@@@Z 000000018001ca38 f   common-user64:WConsoleEx.obj
 0001:0001bac4       ?SetConsoleFontSizeTo@@YAXPEAUHWND__@@HHPEB_WGG@Z 000000018001cac4 f   common-user64:WConsoleEx.obj
 0001:0001beac       ?SetConsoleInfo@@YAHPEAUHWND__@@PEAUCONSOLE_INFO@@@Z 000000018001ceac f   common-user64:WConsoleEx.obj
 0001:0001c0a8       ?SetEnvVarExpanded@@YAXPEB_W0@Z 000000018001d0a8 f   common-user64:WUser.obj
 0001:0001c1c0       ?UpdateComspec@@YAXPEAUConEmuComspec@@_N@Z 000000018001d1c0 f   common-user64:WUser.obj
 0001:0001c47c       ?apiShowWindow@@YA_NPEAUHWND__@@H@Z 000000018001d47c f   common-user64:WUser.obj
 0001:0001c490       ?apiShowWindowAsync@@YA_NPEAUHWND__@@H@Z 000000018001d490 f   common-user64:WUser.obj
 0001:0001c4a4       ?FindMonitorsWorkspace@@YAHPEAUHMONITOR__@@PEAUHDC__@@PEAUtagRECT@@_J@Z 000000018001d4a4 f   common-user64:Monitors.obj
 0001:0001c4e0       ?GetAllMonitorsWorkspace@@YA?AUtagRECT@@XZ 000000018001d4e0 f   common-user64:Monitors.obj
 0001:0001c544       ??0length_error@std@@QEAA@AEBV01@@Z 000000018001d544 f i libcpmt:xthrow.obj
 0001:0001c584       ??0length_error@std@@QEAA@PEBD@Z 000000018001d584 f i libcpmt:xthrow.obj
 0001:0001c5d0       ??0logic_error@std@@QEAA@AEBV01@@Z 000000018001d5d0 f i libcpmt:xthrow.obj
 0001:0001c610       ?_Xlength_error@std@@YAXPEBD@Z 000000018001d610 f   libcpmt:xthrow.obj
 0001:0001c634       __GSHandlerCheck           000000018001d634 f   LIBCMT:gshandler.obj
 0001:0001c654       __GSHandlerCheckCommon     000000018001d654 f   LIBCMT:gshandler.obj
 0001:0001c6c0       __security_check_cookie    000000018001d6c0 f   LIBCMT:amdsecgs.obj
 0001:0001c6e4       ??3@YAXPEAX_K@Z            000000018001d6e4 f   LIBCMT:delete_scalar_size.obj
 0001:0001c700       _alloca_probe              000000018001d700 f   LIBCMT:chkstk.obj
 0001:0001c700       __chkstk                   000000018001d700 f   LIBCMT:chkstk.obj
 0001:0001c754       ??_Gtype_info@@UEAAPEAXI@Z 000000018001d754 f i LIBCMT:std_type_info_static.obj
 0001:0001c754       ??_Etype_info@@UEAAPEAXI@Z 000000018001d754 f i LIBCMT:std_type_info_static.obj
 0001:0001c780       __GSHandlerCheck_EH        000000018001d780 f   LIBCMT:gshandlereh.obj
 0001:0001c988       _Init_thread_footer        000000018001d988 f   LIBCMT:thread_safe_statics.obj
 0001:0001c9e8       _Init_thread_header        000000018001d9e8 f   LIBCMT:thread_safe_statics.obj
 0001:0001ca50       _Init_thread_notify        000000018001da50 f   LIBCMT:thread_safe_statics.obj
 0001:0001caa0       _Init_thread_wait          000000018001daa0 f   LIBCMT:thread_safe_statics.obj
 0001:0001ce48       _DllMainCRTStartup         000000018001de48 f   LIBCMT:dll_dllmain.obj
 0001:0001ce88       __scrt_acquire_startup_lock 000000018001de88 f   LIBCMT:utility.obj
 0001:0001cec4       __scrt_dllmain_after_initialize_c 000000018001dec4 f   LIBCMT:utility.obj
 0001:0001cef8       __scrt_dllmain_before_initialize_c 000000018001def8 f   LIBCMT:utility.obj
 0001:0001cf10       __scrt_dllmain_crt_thread_attach 000000018001df10 f   LIBCMT:utility.obj
 0001:0001cf38       __scrt_dllmain_crt_thread_detach 000000018001df38 f   LIBCMT:utility.obj
 0001:0001cf50       __scrt_dllmain_exception_filter 000000018001df50 f   LIBCMT:utility.obj
 0001:0001cfb0       __scrt_dllmain_uninitialize_c 000000018001dfb0 f   LIBCMT:utility.obj
 0001:0001cfe0       __scrt_dllmain_uninitialize_critical 000000018001dfe0 f   LIBCMT:utility.obj
 0001:0001cff4       __scrt_initialize_crt      000000018001dff4 f   LIBCMT:utility.obj
 0001:0001d040       __scrt_initialize_onexit_tables 000000018001e040 f   LIBCMT:utility.obj
 0001:0001d118       __scrt_is_nonwritable_in_current_image 000000018001e118 f   LIBCMT:utility.obj
 0001:0001d1b4       __scrt_release_startup_lock 000000018001e1b4 f   LIBCMT:utility.obj
 0001:0001d1d8       __scrt_uninitialize_crt    000000018001e1d8 f   LIBCMT:utility.obj
 0001:0001d204       _onexit                    000000018001e204 f   LIBCMT:utility.obj
 0001:0001d254       atexit                     000000018001e254 f   LIBCMT:utility.obj
 0001:0001d26c       __raise_securityfailure    000000018001e26c f   LIBCMT:gs_report.obj
 0001:0001d2a0       __report_gsfailure         000000018001e2a0 f   LIBCMT:gs_report.obj
 0001:0001d374       __report_rangecheckfailure 000000018001e374 f   LIBCMT:gs_report.obj
 0001:0001d388       __report_securityfailure   000000018001e388 f   LIBCMT:gs_report.obj
 0001:0001d508       __crt_debugger_hook        000000018001e508 f   LIBCMT:utility_desktop.obj
 0001:0001d510       __scrt_fastfail            000000018001e510 f   LIBCMT:utility_desktop.obj
 0001:0001d65c       __security_init_cookie     000000018001e65c f   LIBCMT:gs_support.obj
 0001:0001d708       ?__scrt_initialize_type_info@@YAXXZ 000000018001e708 f   LIBCMT:tncleanup.obj
 0001:0001d718       ?__scrt_uninitialize_type_info@@YAXXZ 000000018001e718 f   LIBCMT:tncleanup.obj
 0001:0001d724       __local_stdio_scanf_options 000000018001e724 f i LIBCMT:default_local_stdio_options.obj
 0001:0001d72c       __scrt_initialize_default_local_stdio_options 000000018001e72c f   LIBCMT:default_local_stdio_options.obj
 0001:0001d748       __scrt_get_dyn_tls_init_callback 000000018001e748 f   LIBCMT:dyn_tls_init.obj
 0001:0001d750       _RTC_Initialize            000000018001e750 f   LIBCMT:initsect.obj
 0001:0001d78c       _RTC_Terminate             000000018001e78c f   LIBCMT:initsect.obj
 0001:0001d7c8       __isa_available_init       000000018001e7c8 f   LIBCMT:cpu_disp.obj
 0001:0001d984       __scrt_is_ucrt_dll_in_use  000000018001e984 f   LIBCMT:ucrt_detection.obj
 0001:0001d990       ??$_CallSETranslator@V__FrameHandler3@@@@YAHPEAUEHExceptionRecord@@PEA_KPEAU_CONTEXT@@PEAU_xDISPATCHER_CONTEXT@@PEBU_s_FuncInfo@@K1@Z 000000018001e990 f i libvcruntime:risctrnsctrl.obj
 0001:0001d9e4       ?CatchTryBlock@__FrameHandler3@@SAPEBU_s_TryBlockMapEntry@@PEBU_s_FuncInfo@@H@Z 000000018001e9e4 f   libvcruntime:risctrnsctrl.obj
 0001:0001da3c       ?ExecutionInCatch@__FrameHandler3@@SA_NPEAU_xDISPATCHER_CONTEXT@@PEBU_s_FuncInfo@@@Z 000000018001ea3c f   libvcruntime:risctrnsctrl.obj
 0001:0001da68       ?FrameUnwindToEmptyState@__FrameHandler3@@SAXPEA_KPEAU_xDISPATCHER_CONTEXT@@PEBU_s_FuncInfo@@@Z 000000018001ea68 f   libvcruntime:risctrnsctrl.obj
 0001:0001dacc       ?GetEstablisherFrame@__FrameHandler3@@SAPEA_KPEA_KPEAU_xDISPATCHER_CONTEXT@@PEBU_s_FuncInfo@@0@Z 000000018001eacc f   libvcruntime:risctrnsctrl.obj
 0001:0001db98       ?GetRangeOfTrysToCheck@__FrameHandler3@@SA?AU?$pair@Viterator@TryBlockMap@__FrameHandler3@@V123@@std@@AEAVTryBlockMap@1@HH@Z 000000018001eb98 f   libvcruntime:risctrnsctrl.obj
 0001:0001dcf4       ?UnwindNestedFrames@__FrameHandler3@@SAXPEA_KPEAUEHExceptionRecord@@PEAU_CONTEXT@@0PEAXPEBU_s_FuncInfo@@HHPEBU_s_HandlerType@@PEAU_xDISPATCHER_CONTEXT@@E@Z 000000018001ecf4 f   libvcruntime:risctrnsctrl.obj
 0001:0001de18       _CreateFrameInfo           000000018001ee18 f   libvcruntime:risctrnsctrl.obj
 0001:0001de54       _FindAndUnlinkFrame        000000018001ee54 f   libvcruntime:risctrnsctrl.obj
 0001:0001dea8       _GetImageBase              000000018001eea8 f   libvcruntime:risctrnsctrl.obj
 0001:0001debc       _GetThrowImageBase         000000018001eebc f   libvcruntime:risctrnsctrl.obj
 0001:0001ded0       _SetImageBase              000000018001eed0 f   libvcruntime:risctrnsctrl.obj
 0001:0001dee8       _SetThrowImageBase         000000018001eee8 f   libvcruntime:risctrnsctrl.obj
 0001:0001df00       __CxxFrameHandler3         000000018001ef00 f   libvcruntime:risctrnsctrl.obj
 0001:0001df90       memcpy_repmovs             000000018001ef90 f   libvcruntime:memcpy.obj
 0001:0001dfb0       memcpy                     000000018001efb0 f   libvcruntime:memcpy.obj
 0001:0001dfb0       memmove                    000000018001efb0 f   libvcruntime:memcpy.obj
 0001:0001e3e8       wcschr                     000000018001f3e8 f   libvcruntime:wcschr.obj
 0001:0001e47c       wcsstr                     000000018001f47c f   libvcruntime:wcsstr.obj
 0001:0001e6b0       memset_repmovs             000000018001f6b0 f   libvcruntime:memset.obj
 0001:0001e6d0       memset                     000000018001f6d0 f   libvcruntime:memset.obj
 0001:0001e860       __DestructExceptionObject  000000018001f860 f   libvcruntime:ehhelpers.obj
 0001:0001e8d4       ?_CallMemberFunction0@@YAXQEAX0@Z 000000018001f8d4 f i libvcruntime:ehhelpers.obj
 0001:0001e8d8       _IsExceptionObjectToBeDestroyed 000000018001f8d8 f   libvcruntime:ehhelpers.obj
 0001:0001e908       __AdjustPointer            000000018001f908 f   libvcruntime:ehhelpers.obj
 0001:0001e92c       __FrameUnwindFilter        000000018001f92c f   libvcruntime:ehhelpers.obj
 0001:0001e978       __std_terminate            000000018001f978 f   libvcruntime:ehhelpers.obj
 0001:0001e984       __std_exception_copy       000000018001f984 f   libvcruntime:std_exception.obj
 0001:0001ea14       __std_exception_destroy    000000018001fa14 f   libvcruntime:std_exception.obj
 0001:0001ea3c       _CxxThrowException         000000018001fa3c f   libvcruntime:throw.obj
 0001:0001eafc       _purecall                  000000018001fafc f   libvcruntime:purevirt.obj
 0001:0001eb2c       wcsrchr                    000000018001fb2c f   libvcruntime:wcsrchr.obj
 0001:0001ebf0       memcmp                     000000018001fbf0 f   libvcruntime:memcmp.obj
 0001:0001ecb8       strrchr                    000000018001fcb8 f   libvcruntime:strrchr.obj
 0001:0001ee04       strchr                     000000018001fe04 f   libvcruntime:strchr.obj
 0001:0001ee90       __C_specific_handler       000000018001fe90 f   libvcruntime:riscchandler.obj
 0001:0001f09c       __vcrt_initialize          000000018002009c f   libvcruntime:initialization.obj
 0001:0001f0d0       __vcrt_thread_attach       00000001800200d0 f   libvcruntime:initialization.obj
 0001:0001f0e4       __vcrt_thread_detach       00000001800200e4 f   libvcruntime:initialization.obj
 0001:0001f0f8       __vcrt_uninitialize        00000001800200f8 f   libvcruntime:initialization.obj
 0001:0001f118       __vcrt_uninitialize_critical 0000000180020118 f   libvcruntime:initialization.obj
 0001:0001f128       __std_type_info_compare    0000000180020128 f   libvcruntime:std_type_info.obj
 0001:0001f150       __std_type_info_destroy_list 0000000180020150 f   libvcruntime:std_type_info.obj
 0001:0001f17c       __vcrt_freefls             000000018002017c f   libvcruntime:per_thread_data.obj
 0001:0001f19c       __vcrt_freeptd             000000018002019c f   libvcruntime:per_thread_data.obj
 0001:0001f1ec       __vcrt_getptd              00000001800201ec f   libvcruntime:per_thread_data.obj
 0001:0001f208       __vcrt_getptd_noexit       0000000180020208 f   libvcruntime:per_thread_data.obj
 0001:0001f2d4       __vcrt_initialize_ptd      00000001800202d4 f   libvcruntime:per_thread_data.obj
 0001:0001f328       __vcrt_uninitialize_ptd    0000000180020328 f   libvcruntime:per_thread_data.obj
 0001:0001f34c       ?GetCurrentState@__FrameHandler3@@SAHPEA_KPEAU_xDISPATCHER_CONTEXT@@PEBU_s_FuncInfo@@@Z 000000018002034c f   libvcruntime:ehstate.obj
 0001:0001f374       ?GetUnwindTryBlock@__FrameHandler3@@SAHPEA_KPEAU_xDISPATCHER_CONTEXT@@PEBU_s_FuncInfo@@@Z 0000000180020374 f   libvcruntime:ehstate.obj
 0001:0001f3a0       ?SetState@__FrameHandler3@@SAXPEA_KPEBU_s_FuncInfo@@H@Z 00000001800203a0 f   libvcruntime:ehstate.obj
 0001:0001f3ac       ?SetUnwindTryBlock@__FrameHandler3@@SAXPEA_KPEAU_xDISPATCHER_CONTEXT@@PEBU_s_FuncInfo@@H@Z 00000001800203ac f   libvcruntime:ehstate.obj
 0001:0001f3e8       ?StateFromControlPc@__FrameHandler3@@SAHPEBU_s_FuncInfo@@PEAU_xDISPATCHER_CONTEXT@@@Z 00000001800203e8 f   libvcruntime:ehstate.obj
 0001:0001f3f0       ?StateFromIp@__FrameHandler3@@SAHPEBU_s_FuncInfo@@PEAU_xDISPATCHER_CONTEXT@@_K@Z 00000001800203f0 f   libvcruntime:ehstate.obj
 0001:0001fe7c       ??$TypeMatchHelper@V__FrameHandler3@@@@YAHPEBU_s_HandlerType@@PEBU_s_CatchableType@@PEBU_s_ThrowInfo@@@Z 0000000180020e7c f i libvcruntime:frame.obj
 0001:0001ffc0       ??$__InternalCxxFrameHandler@V__FrameHandler3@@@@YA?AW4_EXCEPTION_DISPOSITION@@PEAUEHExceptionRecord@@PEA_KPEAU_CONTEXT@@PEAU_xDISPATCHER_CONTEXT@@PEBU_s_FuncInfo@@H1E@Z 0000000180020fc0 f i libvcruntime:frame.obj
 0001:00020208       ??0bad_exception@std@@QEAA@AEBV01@@Z 0000000180021208 f i libvcruntime:frame.obj
 0001:00020248       ??0bad_exception@std@@QEAA@XZ 0000000180021248 f i libvcruntime:frame.obj
 0001:00020268       ?CxxCallCatchBlock@__FrameHandler3@@SAPEAXPEAU_EXCEPTION_RECORD@@@Z 0000000180021268 f   libvcruntime:frame.obj
 0001:000204dc       ?FrameUnwindToState@__FrameHandler3@@SAXPEA_KPEAU_xDISPATCHER_CONTEXT@@PEBU_s_FuncInfo@@H@Z 00000001800214dc f   libvcruntime:frame.obj
 0001:00020670       ?GetHandlerSearchState@__FrameHandler3@@SAHPEA_KPEAU_xDISPATCHER_CONTEXT@@PEBU_s_FuncInfo@@@Z 0000000180021670 f i libvcruntime:frame.obj
 0001:00020874       ?_CallMemberFunction1@@YAXQEAX00@Z 0000000180021874 f i libvcruntime:frame.obj
 0001:00020880       ?_CallMemberFunction2@@YAXQEAX00H@Z 0000000180021880 f i libvcruntime:frame.obj
 0001:00020890       __vcrt_initialize_pure_virtual_call_handler 0000000180021890 f   libvcruntime:purevirt_data.obj
 0001:000208b0       _NLG_Notify                00000001800218b0 f   libvcruntime:notify.obj
 0001:000208d0       __NLG_Dispatch2            00000001800218d0 f   libvcruntime:notify.obj
 0001:000208e0       __NLG_Return2              00000001800218e0 f   libvcruntime:notify.obj
 0001:000208e4       __except_validate_context_record 00000001800218e4 f   libvcruntime:jbcxrval.obj
 0001:0002091c       __vcrt_initialize_locks    000000018002191c f   libvcruntime:locks.obj
 0001:00020964       __vcrt_uninitialize_locks  0000000180021964 f   libvcruntime:locks.obj
 0001:00020b74       __vcrt_FlsAlloc            0000000180021b74 f   libvcruntime:winapi_downlevel.obj
 0001:00020bbc       __vcrt_FlsFree             0000000180021bbc f   libvcruntime:winapi_downlevel.obj
 0001:00020c04       __vcrt_FlsGetValue         0000000180021c04 f   libvcruntime:winapi_downlevel.obj
 0001:00020c4c       __vcrt_FlsSetValue         0000000180021c4c f   libvcruntime:winapi_downlevel.obj
 0001:00020ca0       __vcrt_InitializeCriticalSectionEx 0000000180021ca0 f   libvcruntime:winapi_downlevel.obj
 0001:00020d04       __vcrt_initialize_winapi_thunks 0000000180021d04 f   libvcruntime:winapi_downlevel.obj
 0001:00020d34       __vcrt_uninitialize_winapi_thunks 0000000180021d34 f   libvcruntime:winapi_downlevel.obj
 0001:00020d90       _CallSettingFrame          0000000180021d90 f   libvcruntime:handlers.obj
 0001:00020de0       _CallSettingFrameEncoded   0000000180021de0 f   libvcruntime:handlers.obj
 0001:00020e28       ??$ensure_buffer_is_big_enough@D@formatting_buffer@__crt_stdio_output@@QEAA_N_K@Z 0000000180021e28 f i libucrt:output.obj
 0001:00020ed4       ??$is_wide_character_specifier@D@__crt_stdio_output@@YA_N_KDW4length_modifier@0@@Z 0000000180021ed4 f i libucrt:output.obj
 0001:00020f04       ??$is_wide_character_specifier@_W@__crt_stdio_output@@YA_N_K_WW4length_modifier@0@@Z 0000000180021f04 f i libucrt:output.obj
 0001:00020f48       ??$type_case_integer_parse_into_buffer@I@?$output_processor@_WV?$string_output_adapter@_W@__crt_stdio_output@@V?$standard_base@_WV?$string_output_adapter@_W@__crt_stdio_output@@@2@@__crt_stdio_output@@AEAAXII_N@Z 0000000180021f48 f i libucrt:output.obj
 0001:00020f48       ??$type_case_integer_parse_into_buffer@I@?$output_processor@DV?$string_output_adapter@D@__crt_stdio_output@@V?$standard_base@DV?$string_output_adapter@D@__crt_stdio_output@@@2@@__crt_stdio_output@@AEAAXII_N@Z 0000000180021f48 f i libucrt:output.obj
 0001:00020fe4       ??$type_case_integer_parse_into_buffer@_K@?$output_processor@DV?$string_output_adapter@D@__crt_stdio_output@@V?$standard_base@DV?$string_output_adapter@D@__crt_stdio_output@@@2@@__crt_stdio_output@@AEAAX_KI_N@Z 0000000180021fe4 f i libucrt:output.obj
 0001:00020fe4       ??$type_case_integer_parse_into_buffer@_K@?$output_processor@_WV?$string_output_adapter@_W@__crt_stdio_output@@V?$standard_base@_WV?$string_output_adapter@_W@__crt_stdio_output@@@2@@__crt_stdio_output@@AEAAX_KI_N@Z 0000000180021fe4 f i libucrt:output.obj
[...]
 0004:00002034       $pdata$??$?RV<lambda_5e887d1dcbef67a5eb4283622ba103bf>@@AEAV<lambda_4466841279450cc726390878d4a41900>@@V<lambda_341c25c0346d94847f1f3c463c57e077>@@@?$__crt_seh_guarded_call@X@@QEAAX$$QEAV<lambda_5e887d1dcbef67a5eb4283622ba103bf>@@AEAV<lambda_4466841279450cc726390878d4a41900>@@$$QEAV<lambda_341c25c0346d94847f1f3c463c57e077>@@@Z 0000000180052034     libucrt:per_thread_data.obj
 0004:00002040       $pdata$??$?RV<lambda_46352004c1216016012b18bd6f87e700>@@AEAV<lambda_3bd07e1a1191394380780325891bf33f>@@V<lambda_334532d3f185bcaa59b5be82d7d22bff>@@@?$__crt_seh_guarded_call@X@@QEAAX$$QEAV<lambda_46352004c1216016012b18bd6f87e700>@@AEAV<lambda_3bd07e1a1191394380780325891bf33f>@@$$QEAV<lambda_334532d3f185bcaa59b5be82d7d22bff>@@@Z 0000000180052040     libucrt:per_thread_data.obj
 0004:0000204c       $pdata$??$?RV<lambda_fb3a7dec4e47f37f22dae91bb15c9095>@@AEAV<lambda_698284760c8add0bfb0756c19673e34b>@@V<lambda_dfb8eca1e75fef3034a8fb18dd509707>@@@?$__crt_seh_guarded_call@X@@QEAAX$$QEAV<lambda_fb3a7dec4e47f37f22dae91bb15c9095>@@AEAV<lambda_698284760c8add0bfb0756c19673e34b>@@$$QEAV<lambda_dfb8eca1e75fef3034a8fb18dd509707>@@@Z 000000018005204c     libucrt:per_thread_data.obj
 0004:00002058       $pdata$__acrt_update_locale_info 0000000180052058     libucrt:locale_update.obj
 0004:00002064       $pdata$__acrt_update_multibyte_info 0000000180052064     libucrt:locale_update.obj
 0004:00002070       $pdata$__acrt_fp_format    0000000180052070     libucrt:cvt.obj
 0004:0000207c       $pdata$?fp_format_nan_or_infinity@@YAHW4__acrt_fp_class@@_NPEAD_K1@Z 000000018005207c     libucrt:cvt.obj
 0004:00002088       $pdata$?fp_format_e_internal@@YAHQEAD_KH_NIQEAU_strflt@@2QEAU__crt_locale_pointers@@@Z 0000000180052088     libucrt:cvt.obj
 0004:00002094       $pdata$?fp_format_e@@YAHQEBNQEAD_K12H_NIQEAU__crt_locale_pointers@@@Z 0000000180052094     libucrt:cvt.obj
 0004:000020a0       $pdata$?fp_format_a@@YAHQEBNPEAD_KQEAD2H_NIQEAU__crt_locale_pointers@@@Z 00000001800520a0     libucrt:cvt.obj
 0004:000020ac       $pdata$?fp_format_f_internal@@YAHQEAD_KHQEAU_strflt@@_NQEAU__crt_locale_pointers@@@Z 00000001800520ac     libucrt:cvt.obj
 0004:000020b8       $pdata$?fp_format_g@@YAHQEBNQEAD_K12H_NIQEAU__crt_locale_pointers@@@Z 00000001800520b8     libucrt:cvt.obj
 0004:000020c4       $pdata$_fileno             00000001800520c4     libucrt:fileno.obj
 0004:000020d0       $pdata$__acrt_initialize_stdio 00000001800520d0     libucrt:_file.obj
 0004:000020dc       $pdata$__acrt_uninitialize_stdio 00000001800520dc     libucrt:_file.obj
 0004:000020e8       $pdata$__acrt_uninitialize_locale 00000001800520e8     libucrt:wsetlocale.obj
 0004:000020f4       $pdata$__acrt_uninitialize_locale$fin$0 00000001800520f4     libucrt:wsetlocale.obj
 0004:000020f4       $pdata$__acrt_update_thread_locale_data$fin$0 00000001800520f4     libucrt:locale_refcounting.obj
 0004:00002100       $pdata$__acrt_initialize_lowio 0000000180052100     libucrt:ioinit.obj
 0004:0000210c       $pdata$__acrt_lowio_ensure_fh_exists$fin$0 000000018005210c     libucrt:osfinfo.obj
 0004:0000210c       $pdata$__acrt_initialize_lowio$fin$0 000000018005210c     libucrt:ioinit.obj
 0004:00002118       $pdata$__acrt_uninitialize_lowio 0000000180052118     libucrt:ioinit.obj
 0004:00002124       $pdata$?initialize_inherited_file_handles_nolock@@YAXXZ 0000000180052124     libucrt:ioinit.obj
 0004:00002130       $pdata$?initialize_stdio_handles_nolock@@YAXXZ 0000000180052130     libucrt:ioinit.obj
 0004:0000213c       $pdata$__pctype_func       000000018005213c     libucrt:ctype.obj
 0004:00002148       $pdata$iswctype            0000000180052148     libucrt:iswctype.obj
 0004:00002154       $pdata$_isctype_l          0000000180052154     libucrt:isctype.obj
 0004:00002160       $pdata$__acrt_initialize_locks 0000000180052160     libucrt:locks.obj
 0004:0000216c       $pdata$__acrt_uninitialize_locks 000000018005216c     libucrt:locks.obj
 0004:00002178       $pdata$__acrt_FlsAlloc     0000000180052178     libucrt:winapi_thunks.obj
 0004:00002184       $pdata$__acrt_FlsFree      0000000180052184     libucrt:winapi_thunks.obj
 0004:00002190       $pdata$__acrt_FlsGetValue  0000000180052190     libucrt:winapi_thunks.obj
 0004:0000219c       $pdata$__acrt_FlsSetValue  000000018005219c     libucrt:winapi_thunks.obj
 0004:000021a8       $pdata$__acrt_initialize_winapi_thunks 00000001800521a8     libucrt:winapi_thunks.obj
 0004:000021b4       $pdata$__acrt_uninitialize_winapi_thunks 00000001800521b4     libucrt:winapi_thunks.obj
 0004:000021c0       $pdata$__acrt_InitializeCriticalSectionEx 00000001800521c0     libucrt:winapi_thunks.obj
 0004:000021cc       $pdata$__acrt_LCMapStringEx 00000001800521cc     libucrt:winapi_thunks.obj
 0004:000021d8       $pdata$__acrt_LocaleNameToLCID 00000001800521d8     libucrt:winapi_thunks.obj
 0004:000021e4       $pdata$__acrt_is_packaged_app 00000001800521e4     libucrt:winapi_thunks.obj
 0004:000021f0       $pdata$?try_get_function@@YAPEAXW4function_id@?A0x63058377@@QEBDQEBW4module_id@2@2@Z 00000001800521f0     libucrt:winapi_thunks.obj
 0004:000021fc       $pdata$_calloc_base        00000001800521fc     libucrt:calloc_base.obj
 0004:00002208       $pdata$??$common_expand_argv_wildcards@D@@YAHQEAPEADQEAPEAPEAD@Z 0000000180052208     libucrt:argv_wildcards.obj
 0004:00002214       $pdata$?expand_if_necessary@?$argument_list@D@?A0xca0879c4@@AEAAHXZ 0000000180052214     libucrt:argv_wildcards.obj
 0004:00002220       $pdata$??$copy_and_add_argument_to_buffer@D@@YAHQEBD0_KAEAV?$argument_list@D@?A0xca0879c4@@@Z 0000000180052220     libucrt:argv_wildcards.obj
 0004:0000222c       $pdata$??$expand_argument_wildcards@D@@YAHQEAD0AEAV?$argument_list@D@?A0xca0879c4@@@Z 000000018005222c     libucrt:argv_wildcards.obj
 0004:00002238       $pdata$__acrt_update_thread_multibyte_data 0000000180052238     libucrt:mbctype.obj
 0004:00002244       $pdata$__acrt_update_thread_multibyte_data$fin$0 0000000180052244     libucrt:mbctype.obj
 0004:00002250       $pdata$__acrt_initialize_multibyte 0000000180052250     libucrt:mbctype.obj
 0004:0000225c       $pdata$_setmbcp_nolock     000000018005225c     libucrt:mbctype.obj
 0004:00002268       $pdata$?getSystemCP@@YAHH@Z 0000000180052268     libucrt:mbctype.obj
 0004:00002274       $pdata$?setSBCS@@YAXPEAU__crt_multibyte_data@@@Z 0000000180052274     libucrt:mbctype.obj
 0004:00002280       $pdata$?setSBUpLow@@YAXPEAU__crt_multibyte_data@@@Z 0000000180052280     libucrt:mbctype.obj
 0004:0000228c       $pdata$?setmbcp_internal@@YAHH_N@Z 000000018005228c     libucrt:mbctype.obj
 0004:00002298       $pdata$??R<lambda_ad1ced32f4ac17aa236e5ef05d6b3b7c>@@QEBAXXZ 0000000180052298     libucrt:mbctype.obj
 0004:000022a4       $pdata$??$?RV<lambda_99476a1ad63dd22509b5d3e65b0ffc95>@@AEAV<lambda_ad1ced32f4ac17aa236e5ef05d6b3b7c>@@V<lambda_f7424dd8d45958661754dc4f2697e9c3>@@@?$__crt_seh_guarded_call@X@@QEAAX$$QEAV<lambda_99476a1ad63dd22509b5d3e65b0ffc95>@@AEAV<lambda_ad1ced32f4ac17aa236e5ef05d6b3b7c>@@$$QEAV<lambda_f7424dd8d45958661754dc4f2697e9c3>@@@Z 00000001800522a4     libucrt:mbctype.obj
 0004:000022b0       $pdata$?x_ismbbtype_l@@YAHPEAU__crt_locale_pointers@@IHH@Z 00000001800522b0     libucrt:ismbbyte.obj
 0004:000022bc       $pdata$__acrt_initialize_command_line 00000001800522bc     libucrt:argv_data.obj
 0004:000022c8       $pdata$__dcrt_get_narrow_environment_from_os 00000001800522c8     libucrt:get_environment_from_os.obj
 0004:000022d4       $pdata$_recalloc_base      00000001800522d4     libucrt:recalloc.obj
 0004:000022e0       $pdata$__acrt_initialize_heap 00000001800522e0     libucrt:heap_handle.obj
 0004:000022ec       $pdata$__acrt_execute_initializers 00000001800522ec     libucrt:shared_initialization.obj
 0004:000022f8       $pdata$__acrt_execute_uninitializers 00000001800522f8     libucrt:shared_initialization.obj
 0004:00002304       $pdata$_callnewh           0000000180052304     libucrt:new_handler.obj
 0004:00002310       $pdata$_query_new_handler  0000000180052310     libucrt:new_handler.obj
 0004:0000231c       $pdata$_query_new_handler$fin$0 000000018005231c     libucrt:new_handler.obj
 0004:00002328       $pdata$__acrt_get_sigabrt_handler 0000000180052328     libucrt:signal.obj
 0004:00002334       $pdata$raise               0000000180052334     libucrt:signal.obj
 0004:00002340       $pdata$raise$fin$0         0000000180052340     libucrt:signal.obj
 0004:0000234c       $pdata$??$?RV<lambda_c36588078e9f5dfd39652860aa6b3aaf>@@AEAV<lambda_ec61778202f4f5fc7e7711acc23c3bca>@@V<lambda_dc9d2797ccde5d239b4a0efae8ebd7db>@@@?$__crt_seh_guarded_call@P6AXH@Z@@QEAAP6AXH@Z$$QEAV<lambda_c36588078e9f5dfd39652860aa6b3aaf>@@AEAV<lambda_ec61778202f4f5fc7e7711acc23c3bca>@@$$QEAV<lambda_dc9d2797ccde5d239b4a0efae8ebd7db>@@@Z 000000018005234c     libucrt:signal.obj
 0004:00002358       $pdata$__acrt_invoke_user_matherr 0000000180052358     libucrt:matherr.obj
 0004:00002364       $pdata$_isleadbyte_l       0000000180052364     libucrt:_wctype.obj
 0004:00002370       $pdata$__acrt_LCMapStringA 0000000180052370     libucrt:lcmapstringa.obj
 0004:0000237c       $pdata$?__acrt_LCMapStringA_stat@@YAHPEAU__crt_locale_pointers@@PEB_WKPEBDHPEADHHH@Z 000000018005237c     libucrt:lcmapstringa.obj
 0004:00002388       $pdata$__acrt_release_locale_ref 0000000180052388     libucrt:locale_refcounting.obj
 0004:00002394       $pdata$__acrt_free_locale  0000000180052394     libucrt:locale_refcounting.obj
 0004:000023a0       $pdata$__acrt_locale_free_lc_time_if_unreferenced 00000001800523a0     libucrt:locale_refcounting.obj
 0004:000023ac       $pdata$__acrt_update_thread_locale_data 00000001800523ac     libucrt:locale_refcounting.obj
 0004:000023b8       $pdata$_updatetlocinfoEx_nolock 00000001800523b8     libucrt:locale_refcounting.obj
 0004:000023c4       $pdata$__acrt_fp_strflt_to_string 00000001800523c4     libucrt:_fptostr.obj
 0004:000023d0       $pdata$memcpy_s            00000001800523d0     libucrt:cfout.obj
 0004:000023dc       $pdata$__acrt_fltout       00000001800523dc     libucrt:cfout.obj
 0004:000023e8       $pdata$?divide@__crt_strtox@@YA_KAEAUbig_integer@1@AEBU21@@Z 00000001800523e8     libucrt:cfout.obj
 0004:000023f4       $pdata$5$?divide@__crt_strtox@@YA_KAEAUbig_integer@1@AEBU21@@Z 00000001800523f4     libucrt:cfout.obj
 0004:00002400       $pdata$6$?divide@__crt_strtox@@YA_KAEAUbig_integer@1@AEBU21@@Z 0000000180052400     libucrt:cfout.obj
 0004:0000240c       $pdata$_fcloseall          000000018005240c     libucrt:closeall.obj
 0004:00002418       $pdata$_fcloseall$fin$0    0000000180052418     libucrt:closeall.obj
 0004:00002424       $pdata$_fflush_nolock      0000000180052424     libucrt:fflush.obj
 0004:00002430       $pdata$__acrt_stdio_flush_nolock 0000000180052430     libucrt:fflush.obj
 0004:0000243c       $pdata$common_flush_all    000000018005243c     libucrt:fflush.obj
 0004:00002448       $pdata$common_flush_all$fin$0 0000000180052448     libucrt:fflush.obj
 0004:00002454       $pdata$common_flush_all$fin$1 0000000180052454     libucrt:fflush.obj
 0004:00002460       $pdata$__acrt_stdio_free_buffer_nolock 0000000180052460     libucrt:_freebuf.obj
 0004:0000246c       $pdata$_isatty             000000018005246c     libucrt:isatty.obj
 0004:00002478       $pdata$__acrt_locale_free_monetary 0000000180052478     libucrt:initmon.obj
 0004:00002484       $pdata$__acrt_locale_free_numeric 0000000180052484     libucrt:initnum.obj
 0004:00002490       $pdata$__acrt_locale_free_time 0000000180052490     libucrt:inittime.obj
 0004:0000249c       $pdata$?free_crt_array_internal@@YAXQEAPEBX_K@Z 000000018005249c     libucrt:inittime.obj
 0004:000024a8       $pdata$__acrt_GetStringTypeA 00000001800524a8     libucrt:getstringtypea.obj
 0004:000024b4       $pdata$_get_osfhandle      00000001800524b4     libucrt:osfinfo.obj
 0004:000024c0       $pdata$_free_osfhnd        00000001800524c0     libucrt:osfinfo.obj
 0004:000024cc       $pdata$__acrt_lowio_create_handle_array 00000001800524cc     libucrt:osfinfo.obj
 0004:000024d8       $pdata$__acrt_lowio_destroy_handle_array 00000001800524d8     libucrt:osfinfo.obj
 0004:000024e4       $pdata$__acrt_lowio_ensure_fh_exists 00000001800524e4     libucrt:osfinfo.obj
 0004:000024f0       $pdata$__acrt_DownlevelLocaleNameToLCID 00000001800524f0     libucrt:lcidtoname_downlevel.obj
 0004:000024fc       $pdata$?GetTableIndexFromLocaleName@@YAHPEB_W@Z 00000001800524fc     libucrt:lcidtoname_downlevel.obj
 0004:00002508       $pdata$qsort               0000000180052508     libucrt:qsort.obj
 0004:00002514       $pdata$4$qsort             0000000180052514     libucrt:qsort.obj
 0004:00002520       $pdata$5$qsort             0000000180052520     libucrt:qsort.obj
 0004:0000252c       $pdata$?shortsort@@YAXPEAD0_KP6AHPEBX2@Z@Z 000000018005252c     libucrt:qsort.obj
 0004:00002538       $pdata$2$?shortsort@@YAXPEAD0_KP6AHPEBX2@Z@Z 0000000180052538     libucrt:qsort.obj
 0004:00002544       $pdata$3$?shortsort@@YAXPEAD0_KP6AHPEBX2@Z@Z 0000000180052544     libucrt:qsort.obj
 0004:00002550       $pdata$strncpy_s           0000000180052550     libucrt:strncpy_s.obj
 0004:0000255c       $pdata$strpbrk             000000018005255c     libucrt:strpbrk.obj
 0004:00002568       $pdata$_mbsdec_l           0000000180052568     libucrt:mbsdec.obj
 0004:00002574       $pdata$?initialize_multibyte@@YAHXZ 0000000180052574     libucrt:multibyte_initializer.obj
 0004:00002580       $pdata$_msize              0000000180052580     libucrt:msize.obj
 0004:0000258c       $pdata$_realloc_base       000000018005258c     libucrt:realloc_base.obj
 0004:00002598       $pdata$fegetenv            0000000180052598     libucrt:fegetenv.obj
 0004:000025a4       $pdata$fesetenv            00000001800525a4     libucrt:fesetenv.obj
 0004:000025b0       $pdata$feholdexcept        00000001800525b0     libucrt:feholdexcept.obj
 0004:000025c8       $pdata$_write              00000001800525c8     libucrt:write.obj
 0004:000025d4       $pdata$_write$fin$0        00000001800525d4     libucrt:write.obj
 0004:000025e0       $pdata$_write_nolock       00000001800525e0     libucrt:write.obj
 0004:000025ec       $pdata$?write_double_translated_ansi_nolock@@YA?AUwrite_result@?A0x9c548279@@HQEBDI@Z 00000001800525ec     libucrt:write.obj
 0004:000025f8       $pdata$?write_text_ansi_nolock@@YA?AUwrite_result@?A0x9c548279@@HQEBDI@Z 00000001800525f8     libucrt:write.obj
 0004:00002604       $pdata$?write_text_utf16le_nolock@@YA?AUwrite_result@?A0x9c548279@@HQEBDI@Z 0000000180052604     libucrt:write.obj
 0004:00002610       $pdata$?write_text_utf8_nolock@@YA?AUwrite_result@?A0x9c548279@@HQEBDI@Z 0000000180052610     libucrt:write.obj
 0004:0000261c       $pdata$??$common_lseek_nolock@_J@@YA_JH_JH@Z 000000018005261c     libucrt:lseek.obj
 0004:00002628       $pdata$fclose              0000000180052628     libucrt:fclose.obj
 0004:00002634       $pdata$fclose$fin$0        0000000180052634     libucrt:fclose.obj
 0004:00002640       $pdata$_fclose_nolock      0000000180052640     libucrt:fclose.obj
 0004:0000264c       $pdata$_commit             000000018005264c     libucrt:commit.obj
 0004:00002658       $pdata$??$?RV<lambda_b521505b218e5242e90febf6bfebc422>@@AEAV<lambda_6978c1fb23f02e42e1d9e99668cc68aa>@@V<lambda_314360699dd331753a4119843814e9a7>@@@?$__crt_seh_guarded_call@H@@QEAAH$$QEAV<lambda_b521505b218e5242e90febf6bfebc422>@@AEAV<lambda_6978c1fb23f02e42e1d9e99668cc68aa>@@$$QEAV<lambda_314360699dd331753a4119843814e9a7>@@@Z 0000000180052658     libucrt:commit.obj
 0004:00002664       $pdata$?fin$0@?0???$?RV<lambda_b521505b218e5242e90febf6bfebc422>@@AEAV<lambda_6978c1fb23f02e42e1d9e99668cc68aa>@@V<lambda_314360699dd331753a4119843814e9a7>@@@?$__crt_seh_guarded_call@H@@QEAAH$$QEAV<lambda_b521505b218e5242e90febf6bfebc422>@@AEAV<lambda_6978c1fb23f02e42e1d9e99668cc68aa>@@$$QEAV<lambda_314360699dd331753a4119843814e9a7>@@@Z@4HA 0000000180052664     libucrt:commit.obj
 0004:00002664       $pdata$?fin$0@?0???$?RV<lambda_bfedae4ebbf01fab1bb6dcc6a9e276e0>@@AEAV<lambda_2fe9b910cf3cbf4a0ab98a02ba45b3ec>@@V<lambda_237c231691f317818eb88cc1d5d642d6>@@@?$__crt_seh_guarded_call@H@@QEAAH$$QEAV<lambda_bfedae4ebbf01fab1bb6dcc6a9e276e0>@@AEAV<lambda_2fe9b910cf3cbf4a0ab98a02ba45b3ec>@@$$QEAV<lambda_237c231691f317818eb88cc1d5d642d6>@@@Z@4HA 0000000180052664     libucrt:close.obj
 0004:00002670       $pdata$_setfpstatusword    0000000180052670     libucrt:_fenvutils.obj
 0004:0000267c       $pdata$_getfpcontrolword   000000018005267c     libucrt:_fenvutils.obj
 0004:00002688       $pdata$_getfpstatusword    0000000180052688     libucrt:_fenvutils.obj
 0004:00002694       $pdata$_clearfp            0000000180052694     libucrt:ieee.obj
 0004:000026a0       $pdata$common_control87    00000001800526a0     libucrt:ieee.obj
 0004:000026ac       $pdata$_ctrlfp$filt$0      00000001800526ac     libucrt:fpctrl.obj
 0004:000026ac       $pdata$common_control87$filt$0 00000001800526ac     libucrt:ieee.obj
 0004:000026b8       $pdata$_call_matherr       00000001800526b8     libucrt:libm_error.obj
 0004:000026c4       $pdata$_exception_enabled  00000001800526c4     libucrt:libm_error.obj
 0004:000026d0       $pdata$_handle_error       00000001800526d0     libucrt:libm_error.obj
 0004:000026dc       $pdata$__acrt_initialize_fma3 00000001800526dc     libucrt:fma3_available.obj
 0004:000026e8       $pdata$_log_special_common 00000001800526e8     libucrt:log_special.obj
 0004:000026f4       $pdata$_log10_special      00000001800526f4     libucrt:log_special.obj
 0004:00002700       $pdata$_putwch_nolock      0000000180052700     libucrt:putwch.obj
 0004:0000270c       $pdata$_close              000000018005270c     libucrt:close.obj
 0004:00002718       $pdata$_close_nolock       0000000180052718     libucrt:close.obj
 0004:00002724       $pdata$??$?RV<lambda_bfedae4ebbf01fab1bb6dcc6a9e276e0>@@AEAV<lambda_2fe9b910cf3cbf4a0ab98a02ba45b3ec>@@V<lambda_237c231691f317818eb88cc1d5d642d6>@@@?$__crt_seh_guarded_call@H@@QEAAH$$QEAV<lambda_bfedae4ebbf01fab1bb6dcc6a9e276e0>@@AEAV<lambda_2fe9b910cf3cbf4a0ab98a02ba45b3ec>@@$$QEAV<lambda_237c231691f317818eb88cc1d5d642d6>@@@Z 0000000180052724     libucrt:close.obj
 0004:0000273c       $pdata$_set_errno_from_matherr 000000018005273c     libucrt:fpexcept.obj
 0004:00002748       $pdata$_raise_exc          0000000180052748     libucrt:fpexcept.obj
 0004:00002754       $pdata$_raise_exc_ex       0000000180052754     libucrt:fpexcept.obj
 0004:00002760       $pdata$_clrfp              0000000180052760     libucrt:fpctrl.obj
 0004:0000276c       $pdata$_ctrlfp             000000018005276c     libucrt:fpctrl.obj
 0004:00002778       $pdata$_statfp             0000000180052778     libucrt:fpctrl.obj
 0004:00002784       $pdata$_set_statfp         0000000180052784     libucrt:fpctrl.obj
 0004:00002790       $pdata$__dcrt_lowio_initialize_console_output 0000000180052790     libucrt:initcon.obj
 0004:0000279c       $pdata$__dcrt_terminate_console_output 000000018005279c     libucrt:initcon.obj
 0004:000027a8       $pdata$?apiGetConsoleFontSize@@YAHPEAXAEAH1AEAY0CA@_W@Z 00000001800527a8     common-kernel64:WConsole.obj
 0004:000027b4       $pdata$?apiSetConsoleFontSize@@YAHPEAXHHPEB_W@Z 00000001800527b4     common-kernel64:WConsole.obj
 0004:000027c0       $pdata$?apiGetCurrentConsoleFontEx@@YAHPEAXHPEAUMY_CONSOLE_FONT_INFOEX@@@Z 00000001800527c0     common-kernel64:WConsole.obj
 0004:000027cc       $pdata$?apiSetCurrentConsoleFontEx@@YAHPEAXHPEAUMY_CONSOLE_FONT_INFOEX@@@Z 00000001800527cc     common-kernel64:WConsole.obj
 0004:000027d8       $pdata$_IsNonwritableInCurrentImage 00000001800527d8     LIBCMT:pesect.obj
 0004:000027e4       $pdata$_IsNonwritableInCurrentImage$filt$0 00000001800527e4     LIBCMT:pesect.obj
 0005:000000a0       $R000000                   00000001800530a0     ConEmu.res
 0005:000003b0       $R000310                   00000001800533b0     ConEmu.res
