 gdi+

 Timestamp is 5d2b8711 (Sun Jul 14 22:48:33 2019)

 Preferred load address is 0000000180000000

 Start         Length     Name                   Class
 0001:00000000 00010480H .text$mn                CODE
 0001:00010480 00000020H .text$mn$00             CODE
 0001:000104a0 00000270H .text$x                 CODE
 0002:00000000 00000310H .idata$5                DATA
 0002:00000310 00000010H .00cfg                  DATA
 0002:00000320 00000008H .CRT$XCA                DATA
 0002:00000328 00000008H .CRT$XCZ                DATA
 0002:00000330 00000008H .CRT$XIA                DATA
 0002:00000338 00000018H .CRT$XIC                DATA
 0002:00000350 00000008H .CRT$XIZ                DATA
 0002:00000358 00000008H .CRT$XPA                DATA
 0002:00000360 00000010H .CRT$XPX                DATA
 0002:00000370 00000008H .CRT$XPXA               DATA
 0002:00000378 00000008H .CRT$XPZ                DATA
 0002:00000380 00000008H .CRT$XTA                DATA
 0002:00000388 00000008H .CRT$XTZ                DATA
 0002:00000390 00000000H .gfids$x                DATA
 0002:00000390 00000000H .gfids$y                DATA
 0002:00000390 00007ef0H .rdata                  DATA
 0002:00008280 00000000H .rdata$r                DATA
 0002:00008280 000002f8H .rdata$zzzdbg           DATA
 0002:00008578 00000008H .rtc$IAA                DATA
 0002:00008580 00000008H .rtc$IZZ                DATA
 0002:00008588 00000008H .rtc$TAA                DATA
 0002:00008590 00000008H .rtc$TZZ                DATA
 0002:00008598 00000d58H .xdata                  DATA
 0002:000092e8 00000000H .xdata$x                DATA
 0002:000092f0 00000094H .edata                  DATA
 0002:00009384 00000050H .idata$2                DATA
 0002:000093d4 00000014H .idata$3                DATA
 0002:000093e8 00000310H .idata$4                DATA
 0002:000096f8 000006b8H .idata$6                DATA
 0003:00000000 00000900H .data                   DATA
 0003:00000900 00000000H .data$r                 DATA
 0003:00000900 000099e8H .bss                    DATA
 0004:00000000 0000102cH .pdata                  DATA
 0005:00000000 000000a0H .rsrc$01                DATA
 0005:000000a0 00000488H .rsrc$02                DATA

  Address         Publics by Value              Rva+Base               Lib:Object

 0000:00000000       __hybrid_code_map_count    0000000000000000     <absolute>
 0000:00000000       __hybrid_code_map          0000000000000000     <absolute>
 0000:00000000       __guard_iat_count          0000000000000000     <absolute>
 0000:00000000       __volatile_metadata        0000000000000000     <absolute>
 0000:00000000       __guard_longjmp_count      0000000000000000     <absolute>
 0000:00000000       __guard_longjmp_table      0000000000000000     <absolute>
 0000:00000000       __guard_iat_table          0000000000000000     <absolute>
 0000:00000000       __guard_fids_count         0000000000000000     <absolute>
 0000:00000000       ___safe_se_handler_count   0000000000000000     <absolute>
 0000:00000000       __enclave_config           0000000000000000     <absolute>
 0000:00000000       __dynamic_value_reloc_table 0000000000000000     <absolute>
 0000:00000000       ___safe_se_handler_table   0000000000000000     <absolute>
 0000:00000000       __guard_fids_table         0000000000000000     <absolute>
 0000:00000000       __hybrid_auxiliary_iat     0000000000000000     <absolute>
 0000:00000100       __guard_flags              0000000000000100     <absolute>
 0000:00000000       __ImageBase                0000000180000000     <linker-defined>
 0001:00000000       ?CET_Cancel@@YAXPEAX@Z     0000000180001000 f   gdip.obj
 0001:00000018       ?CET_Done@@YAXPEAUCET_Init@@@Z 0000000180001018 f   gdip.obj
 0001:00000040       ?CET_Free@@YAXPEAUCET_LoadInfo@@@Z 0000000180001040 f   gdip.obj
 0001:000000e4       ?CET_Init@@YAHPEAU0@@Z     00000001800010e4 f   gdip.obj
 0001:00000174       ?CET_Load@@YAHPEAUCET_LoadInfo@@@Z 0000000180001174 f   gdip.obj
 0001:0000042c       ?CalculateShowSize@GDIPlusImage@@QEAAXAEAH0000@Z 000000018000142c f i gdip.obj
 0001:000005ac       ?Close@GDIPlusDecoder@@QEAAXXZ 00000001800015ac f i gdip.obj
 0001:0000067c       ?Close@GDIPlusImage@@QEAAXXZ 000000018000167c f i gdip.obj
 0001:000006fc       ?DrawImageAbortCallback@GDIPlusImage@@SAHPEAUGDIPlusDecoder@@@Z 00000001800016fc f i gdip.obj
 0001:00000708       ?FreeThreadProc@GDIPlusDecoder@@SAKPEAX@Z 0000000180001708 f i gdip.obj
 0001:00000728       ?GetExifTagValueAsInt@GDIPlusImage@@QEAA_NKAEAH@Z 0000000180001728 f i gdip.obj
 0001:00000808       ?GetPageBits@GDIPlusImage@@QEAA_NPEAUCET_LoadInfo@@@Z 0000000180001808 f i gdip.obj
 0001:00000d14       ?Init@GDIPlusDecoder@@QEAA_NPEAUCET_Init@@@Z 0000000180001d14 f i gdip.obj
 0001:00001020       ?Open@GDIPlusImage@@QEAA_N_NPEB_WPEBE_JU_COORD@@@Z 0000000180002020 f i gdip.obj
 0001:000013e8       ?SelectPage@GDIPlusImage@@QEAA_NI@Z 00000001800023e8 f i gdip.obj
 0001:000014b4       ??2@YAPEAX_K@Z             00000001800024b4 f   common-kernel64:Memory.obj
 0001:000014e8       ??3@YAXPEAX@Z              00000001800024e8 f   common-kernel64:Memory.obj
 0001:000014fc       ??_U@YAPEAX_K@Z            00000001800024fc f   common-kernel64:Memory.obj
 0001:00001510       ??_V@YAXPEAX@Z             0000000180002510 f   common-kernel64:Memory.obj
 0001:00001524       ?HeapDeinitialize@@YAXXZ   0000000180002524 f   common-kernel64:Memory.obj
 0001:00001584       ?HeapInitialize@@YA_NXZ    0000000180002584 f   common-kernel64:Memory.obj
 0001:000015c4       ?xf_free@@YAXPEAXPEBDH@Z   00000001800025c4 f   common-kernel64:Memory.obj
 0001:00001654       ?xf_malloc@@YAPEAX_KPEBDH@Z 0000000180002654 f   common-kernel64:Memory.obj
 0001:000016f8       ?xf_set_tag@@YAXPEAXPEBDH_N@Z 00000001800026f8 f   common-kernel64:Memory.obj
 0001:000017a0       ??$sprintf_c@$0CI@@@YAHAEAY0CI@DPEBDZZ 00000001800027a0 f i common-kernel64:WThreads.obj
 0001:000017cc       ?SetThreadName@@YAXKPEAD@Z 00000001800027cc f   common-kernel64:WThreads.obj
 0001:00001804       ?StringCchVPrintfA@@YAJPEAD_KPEBD0@Z 0000000180002804 f i common-kernel64:WThreads.obj
 0001:000018ac       ?apiCreateThread@@YAPEAXP6AKPEAX@Z0PEAKPEBDH@Z 00000001800028ac f   common-kernel64:WThreads.obj
 0001:00001a00       ?apiTerminateThreadEx@@YAHPEAXKPEBDH@Z 0000000180002a00 f   common-kernel64:WThreads.obj
 0001:00001b08       ?apiThreadHelper@@YAKPEAX@Z 0000000180002b08 f   common-kernel64:WThreads.obj
 0001:00001d14       __local_stdio_printf_options 0000000180002d14 f i common-kernel64:WThreads.obj
 0001:00001d1c       ?sprintf_c@@YAHPEAD_JPEBDZZ 0000000180002d1c f   common-kernel64:MStrSafe.obj
 0001:00001d5c       __raise_securityfailure    0000000180002d5c f   LIBCMT:gs_report.obj
 0001:00001d90       __report_gsfailure         0000000180002d90 f   LIBCMT:gs_report.obj
 0001:00001e64       __report_rangecheckfailure 0000000180002e64 f   LIBCMT:gs_report.obj
 0001:00001e78       __report_securityfailure   0000000180002e78 f   LIBCMT:gs_report.obj
 0001:00001ff8       __GSHandlerCheck           0000000180002ff8 f   LIBCMT:gshandler.obj
 0001:00002018       __GSHandlerCheckCommon     0000000180003018 f   LIBCMT:gshandler.obj
 0001:00002090       __security_check_cookie    0000000180003090 f   LIBCMT:amdsecgs.obj
 0001:000023e4       _DllMainCRTStartup         00000001800033e4 f   LIBCMT:dll_dllmain.obj
 0001:00002424       ??3@YAXPEAX_K@Z            0000000180003424 f   LIBCMT:delete_scalar_size.obj
 0001:0000242c       __security_init_cookie     000000018000342c f   LIBCMT:gs_support.obj
 0001:000024d8       DllMain                    00000001800034d8 f   LIBCMT:dll_dllmain_stub.obj
 0001:000024d8       _get_startup_argv_mode     00000001800034d8 f   LIBCMT:argv_mode.obj
 0001:000024e0       ?__scrt_initialize_type_info@@YAXXZ 00000001800034e0 f   LIBCMT:tncleanup.obj
 0001:000024f0       ?__scrt_uninitialize_type_info@@YAXXZ 00000001800034f0 f   LIBCMT:tncleanup.obj
 0001:000024fc       __local_stdio_scanf_options 00000001800034fc f i LIBCMT:default_local_stdio_options.obj
 0001:00002504       __scrt_initialize_default_local_stdio_options 0000000180003504 f   LIBCMT:default_local_stdio_options.obj
 0001:00002520       __scrt_acquire_startup_lock 0000000180003520 f   LIBCMT:utility.obj
 0001:0000255c       __scrt_dllmain_after_initialize_c 000000018000355c f   LIBCMT:utility.obj
 0001:00002590       __scrt_dllmain_before_initialize_c 0000000180003590 f   LIBCMT:utility.obj
 0001:000025a8       __scrt_dllmain_crt_thread_attach 00000001800035a8 f   LIBCMT:utility.obj
 0001:000025d0       __scrt_dllmain_crt_thread_detach 00000001800035d0 f   LIBCMT:utility.obj
 0001:000025e8       __scrt_dllmain_exception_filter 00000001800035e8 f   LIBCMT:utility.obj
 0001:00002648       __scrt_dllmain_uninitialize_c 0000000180003648 f   LIBCMT:utility.obj
 0001:00002678       __scrt_dllmain_uninitialize_critical 0000000180003678 f   LIBCMT:utility.obj
 0001:0000268c       __scrt_initialize_crt      000000018000368c f   LIBCMT:utility.obj
 0001:000026d8       __scrt_initialize_onexit_tables 00000001800036d8 f   LIBCMT:utility.obj
 0001:000027b0       __scrt_is_nonwritable_in_current_image 00000001800037b0 f   LIBCMT:utility.obj
 0001:0000284c       __scrt_release_startup_lock 000000018000384c f   LIBCMT:utility.obj
 0001:00002870       __scrt_uninitialize_crt    0000000180003870 f   LIBCMT:utility.obj
 0001:0000289c       __scrt_get_dyn_tls_init_callback 000000018000389c f   LIBCMT:dyn_tls_init.obj
 0001:000028a4       __crt_debugger_hook        00000001800038a4 f   LIBCMT:utility_desktop.obj
 0001:000028ac       __scrt_fastfail            00000001800038ac f   LIBCMT:utility_desktop.obj
 0001:000029f8       _RTC_Initialize            00000001800039f8 f   LIBCMT:initsect.obj
 0001:00002a34       _RTC_Terminate             0000000180003a34 f   LIBCMT:initsect.obj
 0001:00002a70       _guard_check_icall_nop     0000000180003a70 f i LIBCMT:guard_support.obj
 0001:00002a74       __isa_available_init       0000000180003a74 f   LIBCMT:cpu_disp.obj
 0001:00002c30       __scrt_is_ucrt_dll_in_use  0000000180003c30 f   LIBCMT:ucrt_detection.obj
 0001:00002c40       wcsrchr                    0000000180003c40 f   libvcruntime:wcsrchr.obj
 0001:00002d10       memset_repmovs             0000000180003d10 f   libvcruntime:memset.obj
 0001:00002d30       memset                     0000000180003d30 f   libvcruntime:memset.obj
 0001:00002ec0       strrchr                    0000000180003ec0 f   libvcruntime:strrchr.obj
 0001:0000300c       strchr                     000000018000400c f   libvcruntime:strchr.obj
 0001:00003098       __C_specific_handler       0000000180004098 f   libvcruntime:riscchandler.obj
 0001:000032a4       __std_type_info_destroy_list 00000001800042a4 f   libvcruntime:std_type_info.obj
 0001:000032d0       __vcrt_initialize          00000001800042d0 f   libvcruntime:initialization.obj
 0001:00003304       __vcrt_thread_attach       0000000180004304 f   libvcruntime:initialization.obj
 0001:00003318       __vcrt_thread_detach       0000000180004318 f   libvcruntime:initialization.obj
 0001:0000332c       __vcrt_uninitialize        000000018000432c f   libvcruntime:initialization.obj
 0001:0000334c       __vcrt_uninitialize_critical 000000018000434c f   libvcruntime:initialization.obj
 0001:00003370       _NLG_Notify                0000000180004370 f   libvcruntime:notify.obj
 0001:00003390       __NLG_Dispatch2            0000000180004390 f   libvcruntime:notify.obj
 0001:000033a0       __NLG_Return2              00000001800043a0 f   libvcruntime:notify.obj
 0001:000033a4       __except_validate_context_record 00000001800043a4 f   libvcruntime:jbcxrval.obj
 0001:000033dc       __DestructExceptionObject  00000001800043dc f   libvcruntime:ehhelpers.obj
 0001:00003450       ?_CallMemberFunction0@@YAXQEAX0@Z 0000000180004450 f i libvcruntime:ehhelpers.obj
 0001:00003454       __vcrt_freefls             0000000180004454 f   libvcruntime:per_thread_data.obj
 0001:00003474       __vcrt_freeptd             0000000180004474 f   libvcruntime:per_thread_data.obj
 0001:000034c4       __vcrt_getptd_noexit       00000001800044c4 f   libvcruntime:per_thread_data.obj
 0001:00003590       __vcrt_initialize_ptd      0000000180004590 f   libvcruntime:per_thread_data.obj
 0001:000035e4       __vcrt_uninitialize_ptd    00000001800045e4 f   libvcruntime:per_thread_data.obj
 0001:00003608       __vcrt_initialize_locks    0000000180004608 f   libvcruntime:locks.obj
 0001:00003650       __vcrt_uninitialize_locks  0000000180004650 f   libvcruntime:locks.obj
 0001:00003860       __vcrt_FlsAlloc            0000000180004860 f   libvcruntime:winapi_downlevel.obj
 0001:000038a8       __vcrt_FlsFree             00000001800048a8 f   libvcruntime:winapi_downlevel.obj
 0001:000038f0       __vcrt_FlsGetValue         00000001800048f0 f   libvcruntime:winapi_downlevel.obj
 0001:00003938       __vcrt_FlsSetValue         0000000180004938 f   libvcruntime:winapi_downlevel.obj
 0001:0000398c       __vcrt_InitializeCriticalSectionEx 000000018000498c f   libvcruntime:winapi_downlevel.obj
 0001:000039f0       __vcrt_initialize_winapi_thunks 00000001800049f0 f   libvcruntime:winapi_downlevel.obj
 0001:00003a20       __vcrt_uninitialize_winapi_thunks 0000000180004a20 f   libvcruntime:winapi_downlevel.obj
 0001:00003a60       __vcrt_initialize_pure_virtual_call_handler 0000000180004a60 f   libvcruntime:purevirt_data.obj
 0001:00003a80       memcpy_repmovs             0000000180004a80 f   libvcruntime:memcpy.obj
 0001:00003aa0       memcpy                     0000000180004aa0 f   libvcruntime:memcpy.obj
 0001:00003aa0       memmove                    0000000180004aa0 f   libvcruntime:memcpy.obj
 0001:00003ef0       _CallSettingFrame          0000000180004ef0 f   libvcruntime:handlers.obj
 0001:00003f40       _CallSettingFrameEncoded   0000000180004f40 f   libvcruntime:handlers.obj
 0001:00003f88       ??$ensure_buffer_is_big_enough@D@formatting_buffer@__crt_stdio_output@@QEAA_N_K@Z 0000000180004f88 f i libucrt:output.obj
 0001:00004034       ??$is_wide_character_specifier@D@__crt_stdio_output@@YA_N_KDW4length_modifier@0@@Z 0000000180005034 f i libucrt:output.obj
 0001:00004064       ??$type_case_integer_parse_into_buffer@I@?$output_processor@DV?$string_output_adapter@D@__crt_stdio_output@@V?$standard_base@DV?$string_output_adapter@D@__crt_stdio_output@@@2@@__crt_stdio_output@@AEAAXII_N@Z 0000000180005064 f i libucrt:output.obj
 0001:00004100       ??$type_case_integer_parse_into_buffer@_K@?$output_processor@DV?$string_output_adapter@D@__crt_stdio_output@@V?$standard_base@DV?$string_output_adapter@D@__crt_stdio_output@@@2@@__crt_stdio_output@@AEAAX_KI_N@Z 0000000180005100 f i libucrt:output.obj
 0001:0000419c       ??$write_multiple_characters@V?$string_output_adapter@D@__crt_stdio_output@@D@__crt_stdio_output@@YAXAEBV?$string_output_adapter@D@0@DHQEAH@Z 000000018000519c f i libucrt:output.obj
 0001:000041f8       ??0?$output_processor@DV?$string_output_adapter@D@__crt_stdio_output@@V?$standard_base@DV?$string_output_adapter@D@__crt_stdio_output@@@2@@__crt_stdio_output@@QEAA@AEBV?$string_output_adapter@D@1@_KQEBDQEAU__crt_locale_pointers@@QEAD@Z 00000001800051f8 f i libucrt:output.obj
 0001:00004274       ??0_LocaleUpdate@@QEAA@QEAU__crt_locale_pointers@@@Z 0000000180005274 f i libucrt:output.obj
 0001:00004304       ?force_decimal_point@__crt_stdio_output@@YAXPEADQEAU__crt_locale_pointers@@@Z 0000000180005304 f i libucrt:output.obj
 0001:00004374       ?parse_int_from_format_string@?$output_processor@DV?$string_output_adapter@D@__crt_stdio_output@@V?$standard_base@DV?$string_output_adapter@D@__crt_stdio_output@@@2@@__crt_stdio_output@@AEAA_NQEAH@Z 0000000180005374 f i libucrt:output.obj
 0001:000043f8       ?process@?$output_processor@DV?$string_output_adapter@D@__crt_stdio_output@@V?$standard_base@DV?$string_output_adapter@D@__crt_stdio_output@@@2@@__crt_stdio_output@@QEAAHXZ 00000001800053f8 f i libucrt:output.obj
 0001:000045fc       ?state_case_normal@?$output_processor@DV?$string_output_adapter@D@__crt_stdio_output@@V?$standard_base@DV?$string_output_adapter@D@__crt_stdio_output@@@2@@__crt_stdio_output@@AEAA_NXZ 00000001800055fc f i libucrt:output.obj
 0001:00004670       ?state_case_normal_tchar@?$output_processor@DV?$string_output_adapter@D@__crt_stdio_output@@V?$standard_base@DV?$string_output_adapter@D@__crt_stdio_output@@@2@@__crt_stdio_output@@AEAA_ND@Z 0000000180005670 f i libucrt:output.obj
 0001:00004708       ?state_case_size@?$output_processor@DV?$string_output_adapter@D@__crt_stdio_output@@V?$standard_base@DV?$string_output_adapter@D@__crt_stdio_output@@@2@@__crt_stdio_output@@AEAA_NXZ 0000000180005708 f i libucrt:output.obj
 0001:00004884       ?state_case_type@?$output_processor@DV?$string_output_adapter@D@__crt_stdio_output@@V?$standard_base@DV?$string_output_adapter@D@__crt_stdio_output@@@2@@__crt_stdio_output@@AEAA_NXZ 0000000180005884 f i libucrt:output.obj
 0001:00004b00       ?type_case_Z@?$output_processor@DV?$string_output_adapter@D@__crt_stdio_output@@V?$standard_base@DV?$string_output_adapter@D@__crt_stdio_output@@@2@@__crt_stdio_output@@AEAA_NXZ 0000000180005b00 f i libucrt:output.obj
 0001:00004b80       ?type_case_a@?$output_processor@DV?$string_output_adapter@D@__crt_stdio_output@@V?$standard_base@DV?$string_output_adapter@D@__crt_stdio_output@@@2@@__crt_stdio_output@@AEAA_NXZ 0000000180005b80 f i libucrt:output.obj
 0001:00004d9c       ?type_case_c_tchar@?$output_processor@DV?$string_output_adapter@D@__crt_stdio_output@@V?$standard_base@DV?$string_output_adapter@D@__crt_stdio_output@@@2@@__crt_stdio_output@@AEAA_ND@Z 0000000180005d9c f i libucrt:output.obj
 0001:00004e50       ?type_case_integer@?$output_processor@DV?$string_output_adapter@D@__crt_stdio_output@@V?$standard_base@DV?$string_output_adapter@D@__crt_stdio_output@@@2@@__crt_stdio_output@@AEAA_NI_N@Z 0000000180005e50 f i libucrt:output.obj
 0001:00004ff0       ?type_case_n@?$output_processor@DV?$string_output_adapter@D@__crt_stdio_output@@V?$standard_base@DV?$string_output_adapter@D@__crt_stdio_output@@@2@@__crt_stdio_output@@AEAA_NXZ 0000000180005ff0 f i libucrt:output.obj
 0001:000050cc       ?type_case_s@?$output_processor@DV?$string_output_adapter@D@__crt_stdio_output@@V?$standard_base@DV?$string_output_adapter@D@__crt_stdio_output@@@2@@__crt_stdio_output@@AEAA_NXZ 00000001800060cc f i libucrt:output.obj
 0001:0000515c       ?write_stored_string_tchar@?$output_processor@DV?$string_output_adapter@D@__crt_stdio_output@@V?$standard_base@DV?$string_output_adapter@D@__crt_stdio_output@@@2@@__crt_stdio_output@@AEAA_ND@Z 000000018000615c f i libucrt:output.obj
 0001:00005234       ?write_string@?$string_output_adapter@D@__crt_stdio_output@@QEBAXQEBDHQEAH1@Z 0000000180006234 f i libucrt:output.obj
 0001:000052f0       __stdio_common_vsprintf    00000001800062f0 f   libucrt:output.obj
 0001:00005524       wcsncmp                    0000000180006524 f   libucrt:wcsncmp.obj
 0001:00005550       _initterm                  0000000180006550 f   libucrt:initterm.obj
 0001:000055c8       _initterm_e                00000001800065c8 f   libucrt:initterm.obj
 0001:00005614       _seh_filter_dll            0000000180006614 f   libucrt:exception_filter.obj
 0001:00005628       _seh_filter_exe            0000000180006628 f   libucrt:exception_filter.obj
 0001:000059e8       __acrt_initialize_thread_local_exit_callback 00000001800069e8 f   libucrt:exit.obj
 0001:000059f0       _cexit                     00000001800069f0 f   libucrt:exit.obj
 0001:00005a00       _exit                      0000000180006a00 f   libucrt:exit.obj
 0001:00005a0c       _is_c_termination_complete 0000000180006a0c f   libucrt:exit.obj
 0001:00005bd0       __acrt_allocate_buffer_for_argv 0000000180006bd0 f   libucrt:argv_parsing.obj
 0001:00005c34       _configure_narrow_argv     0000000180006c34 f   libucrt:argv_parsing.obj
 0001:00005f90       __dcrt_uninitialize_environments_nolock 0000000180006f90 f   libucrt:environment_initialization.obj
 0001:00005fc8       _initialize_narrow_environment 0000000180006fc8 f   libucrt:environment_initialization.obj
 0001:00005fd0       ??$?RV<lambda_e24bbb7b643b32fcea6fa61b31d4c984>@@AEAV<lambda_275893d493268fdec8709772e3fcec0e>@@V<lambda_9d71df4d7cf3f480f8d633942495c3b0>@@@?$__crt_seh_guarded_call@H@@QEAAH$$QEAV<lambda_e24bbb7b643b32fcea6fa61b31d4c984>@@AEAV<lambda_275893d493268fdec8709772e3fcec0e>@@$$QEAV<lambda_9d71df4d7cf3f480f8d633942495c3b0>@@@Z 0000000180006fd0 f i libucrt:onexit.obj
 0001:00006170       _execute_onexit_table      0000000180007170 f   libucrt:onexit.obj
 0001:000061ac       _initialize_onexit_table   00000001800071ac f   libucrt:onexit.obj
 0001:00006224       __acrt_uninitialize_command_line 0000000180007224 f   libucrt:argv_data.obj
 0001:00006324       __acrt_initialize          0000000180007324 f   libucrt:initialization.obj
 0001:00006338       __acrt_thread_attach       0000000180007338 f   libucrt:initialization.obj
 0001:0000634c       __acrt_thread_detach       000000018000734c f   libucrt:initialization.obj
 0001:0000635c       __acrt_uninitialize        000000018000735c f   libucrt:initialization.obj
 0001:00006370       __acrt_uninitialize_critical 0000000180007370 f   libucrt:initialization.obj
 0001:00006380       terminate                  0000000180007380 f   libucrt:terminate.obj
 0001:000063a8       free                       00000001800073a8 f   libucrt:free.obj
 0001:000063b0       strcpy_s                   00000001800073b0 f   libucrt:strcpy_s.obj
 0001:00006410       ??$is_overflow_condition@K@__crt_strtox@@YA_NIK@Z 0000000180007410 f i libucrt:atox.obj
 0001:0000643c       ??$parse_integer@KV?$c_string_character_source@D@__crt_strtox@@@__crt_strtox@@YAKQEAU__crt_locale_pointers@@V?$c_string_character_source@D@0@H_N@Z 000000018000743c f i libucrt:atox.obj
 0001:00006760       strncmp                    0000000180007760 f   libucrt:strncmp.obj
 0001:000067e0       abort                      00000001800077e0 f   libucrt:abort.obj
 0001:00006838       calloc                     0000000180007838 f   libucrt:calloc.obj
 0001:00006840       __acrt_call_reportfault    0000000180007840 f   libucrt:invalid_parameter.obj
 0001:0000699c       __acrt_initialize_invalid_parameter_handler 000000018000799c f   libucrt:invalid_parameter.obj
 0001:000069a4       _invalid_parameter         00000001800079a4 f   libucrt:invalid_parameter.obj
 0001:00006a4c       _invalid_parameter_noinfo  0000000180007a4c f   libucrt:invalid_parameter.obj
 0001:00006a6c       _invoke_watson             0000000180007a6c f   libucrt:invalid_parameter.obj
 0001:00006ab4       isdigit                    0000000180007ab4 f i libucrt:_ctype.obj
 0001:00006b78       _tolower_l                 0000000180007b78 f   libucrt:tolower_toupper.obj
 0001:00006cb8       tolower                    0000000180007cb8 f   libucrt:tolower_toupper.obj
 0001:00006ce4       __acrt_errno_from_os_error 0000000180007ce4 f   libucrt:errno.obj
 0001:00006d2c       __acrt_errno_map_os_error  0000000180007d2c f   libucrt:errno.obj
 0001:00006d7c       __doserrno                 0000000180007d7c f   libucrt:errno.obj
 0001:00006d9c       _errno                     0000000180007d9c f   libucrt:errno.obj
 0001:00006dbc       _free_base                 0000000180007dbc f   libucrt:free_base.obj
 0001:00006dfc       _malloc_base               0000000180007dfc f   libucrt:malloc_base.obj
 0001:00006e5c       ??$make_c_string_character_source@DPEAPEAD@__crt_strtox@@YA?AV?$c_string_character_source@D@0@QEBDQEAPEAD@Z 0000000180007e5c f i libucrt:strtox.obj
 0001:00006e70       strtol                     0000000180007e70 f   libucrt:strtox.obj
 0001:00006ea0       _mbtowc_l                  0000000180007ea0 f   libucrt:mbtowc.obj
 0001:00006fe8       mbtowc                     0000000180007fe8 f   libucrt:mbtowc.obj
 0001:00006ff0       _wctomb_s_l                0000000180007ff0 f   libucrt:wctomb.obj
 0001:00007174       wctomb_s                   0000000180008174 f   libucrt:wctomb.obj
 0001:00007188       strnlen                    0000000180008188 f   libucrt:strnlen.obj
 0001:000072e4       wcsnlen                    00000001800082e4 f   libucrt:strnlen.obj
 0001:000074d4       ??$?RV<lambda_46352004c1216016012b18bd6f87e700>@@AEAV<lambda_3bd07e1a1191394380780325891bf33f>@@V<lambda_334532d3f185bcaa59b5be82d7d22bff>@@@?$__crt_seh_guarded_call@X@@QEAAX$$QEAV<lambda_46352004c1216016012b18bd6f87e700>@@AEAV<lambda_3bd07e1a1191394380780325891bf33f>@@$$QEAV<lambda_334532d3f185bcaa59b5be82d7d22bff>@@@Z 00000001800084d4 f i libucrt:per_thread_data.obj
 0001:00007534       ??$?RV<lambda_5e887d1dcbef67a5eb4283622ba103bf>@@AEAV<lambda_4466841279450cc726390878d4a41900>@@V<lambda_341c25c0346d94847f1f3c463c57e077>@@@?$__crt_seh_guarded_call@X@@QEAAX$$QEAV<lambda_5e887d1dcbef67a5eb4283622ba103bf>@@AEAV<lambda_4466841279450cc726390878d4a41900>@@$$QEAV<lambda_341c25c0346d94847f1f3c463c57e077>@@@Z 0000000180008534 f i libucrt:per_thread_data.obj
 0001:0000757c       ??$?RV<lambda_72d1df2b273a38828b1ce30cbf4cdab5>@@AEAV<lambda_876a65b173b8412d3a47c70a915b0cf4>@@V<lambda_41932305e351933ebe8f8be3ed8bb5dc>@@@?$__crt_seh_guarded_call@X@@QEAAX$$QEAV<lambda_72d1df2b273a38828b1ce30cbf4cdab5>@@AEAV<lambda_876a65b173b8412d3a47c70a915b0cf4>@@$$QEAV<lambda_41932305e351933ebe8f8be3ed8bb5dc>@@@Z 000000018000857c f i libucrt:per_thread_data.obj
 0001:000075bc       ??$?RV<lambda_fb3a7dec4e47f37f22dae91bb15c9095>@@AEAV<lambda_698284760c8add0bfb0756c19673e34b>@@V<lambda_dfb8eca1e75fef3034a8fb18dd509707>@@@?$__crt_seh_guarded_call@X@@QEAAX$$QEAV<lambda_fb3a7dec4e47f37f22dae91bb15c9095>@@AEAV<lambda_698284760c8add0bfb0756c19673e34b>@@$$QEAV<lambda_dfb8eca1e75fef3034a8fb18dd509707>@@@Z 00000001800085bc f i libucrt:per_thread_data.obj
 0001:0000784c       __acrt_freeptd             000000018000884c f   libucrt:per_thread_data.obj
 0001:00007890       __acrt_getptd              0000000180008890 f   libucrt:per_thread_data.obj
 0001:00007924       __acrt_getptd_noexit       0000000180008924 f   libucrt:per_thread_data.obj
 0001:000079c4       __acrt_initialize_ptd      00000001800089c4 f   libucrt:per_thread_data.obj
 0001:00007a00       __acrt_uninitialize_ptd    0000000180008a00 f   libucrt:per_thread_data.obj
 0001:00007a24       __acrt_update_locale_info  0000000180008a24 f   libucrt:locale_update.obj
 0001:00007a58       __acrt_update_multibyte_info 0000000180008a58 f   libucrt:locale_update.obj
 0001:00007a8c       ?__acrt_fp_classify@@YA?AW4__acrt_fp_class@@AEBN@Z 0000000180008a8c f i libucrt:cvt.obj
 0001:000084c4       __acrt_fp_format           00000001800094c4 f   libucrt:cvt.obj
 0001:00008708       _fileno                    0000000180009708 f   libucrt:fileno.obj
 0001:00008730       __acrt_initialize_stdio    0000000180009730 f   libucrt:_file.obj
 0001:00008850       __acrt_uninitialize_stdio  0000000180009850 f   libucrt:_file.obj
 0001:000088ac       _lock_file                 00000001800098ac f   libucrt:_file.obj
 0001:000088b8       _unlock_file               00000001800098b8 f   libucrt:_file.obj
 0001:000088c4       _get_printf_count_output   00000001800098c4 f   libucrt:printf_count_output.obj
 0001:000088dc       __acrt_set_locale_changed  00000001800098dc f   libucrt:wsetlocale.obj
 0001:000088e8       __acrt_uninitialize_locale 00000001800098e8 f   libucrt:wsetlocale.obj
 0001:00008b18       __acrt_initialize_lowio    0000000180009b18 f   libucrt:ioinit.obj
 0001:00008b54       __acrt_uninitialize_lowio  0000000180009b54 f   libucrt:ioinit.obj
 0001:00008b94       __acrt_initialize_locks    0000000180009b94 f   libucrt:locks.obj
 0001:00008bdc       __acrt_lock                0000000180009bdc f   libucrt:locks.obj
 0001:00008bf8       __acrt_uninitialize_locks  0000000180009bf8 f   libucrt:locks.obj
 0001:00008c30       __acrt_unlock              0000000180009c30 f   libucrt:locks.obj
 0001:00008dec       __acrt_FlsAlloc            0000000180009dec f   libucrt:winapi_thunks.obj
 0001:00008e44       __acrt_FlsFree             0000000180009e44 f   libucrt:winapi_thunks.obj
 0001:00008e9c       __acrt_FlsGetValue         0000000180009e9c f   libucrt:winapi_thunks.obj
 0001:00008ef4       __acrt_FlsSetValue         0000000180009ef4 f   libucrt:winapi_thunks.obj
 0001:00008f5c       __acrt_InitializeCriticalSectionEx 0000000180009f5c f   libucrt:winapi_thunks.obj
 0001:00008fd4       __acrt_LCMapStringEx       0000000180009fd4 f   libucrt:winapi_thunks.obj
 0001:000090c4       __acrt_LocaleNameToLCID    000000018000a0c4 f   libucrt:winapi_thunks.obj
 0001:0000912c       __acrt_initialize_winapi_thunks 000000018000a12c f   libucrt:winapi_thunks.obj
 0001:00009164       __acrt_is_packaged_app     000000018000a164 f   libucrt:winapi_thunks.obj
 0001:000091ec       __acrt_uninitialize_winapi_thunks 000000018000a1ec f   libucrt:winapi_thunks.obj
 0001:00009230       _calloc_base               000000018000a230 f   libucrt:calloc_base.obj
 0001:00009784       ?expand_if_necessary@?$argument_list@D@?A0xca0879c4@@AEAAHXZ 000000018000a784 f i libucrt:argv_wildcards.obj
 0001:0000984c       __acrt_expand_narrow_argv_wildcards 000000018000a84c f   libucrt:argv_wildcards.obj
 0001:00009854       ??$?RV<lambda_99476a1ad63dd22509b5d3e65b0ffc95>@@AEAV<lambda_ad1ced32f4ac17aa236e5ef05d6b3b7c>@@V<lambda_f7424dd8d45958661754dc4f2697e9c3>@@@?$__crt_seh_guarded_call@X@@QEAAX$$QEAV<lambda_99476a1ad63dd22509b5d3e65b0ffc95>@@AEAV<lambda_ad1ced32f4ac17aa236e5ef05d6b3b7c>@@$$QEAV<lambda_f7424dd8d45958661754dc4f2697e9c3>@@@Z 000000018000a854 f i libucrt:mbctype.obj
 0001:00009f50       __acrt_initialize_multibyte 000000018000af50 f   libucrt:mbctype.obj
 0001:00009f78       __acrt_update_thread_multibyte_data 000000018000af78 f   libucrt:mbctype.obj
 0001:0000a038       _setmbcp_nolock            000000018000b038 f   libucrt:mbctype.obj
 0001:0000a358       _ismbblead                 000000018000b358 f   libucrt:ismbbyte.obj
 0001:0000a36c       __acrt_initialize_command_line 000000018000b36c f   libucrt:argv_data.obj
 0001:0000a394       __dcrt_get_narrow_environment_from_os 000000018000b394 f   libucrt:get_environment_from_os.obj
 0001:0000a498       _recalloc                  000000018000b498 f   libucrt:recalloc.obj
 0001:0000a4a0       _recalloc_base             000000018000b4a0 f   libucrt:recalloc.obj
 0001:0000a538       __acrt_initialize_heap     000000018000b538 f   libucrt:heap_handle.obj
 0001:0000a554       __acrt_uninitialize_heap   000000018000b554 f   libucrt:heap_handle.obj
 0001:0000a560       __acrt_execute_initializers 000000018000b560 f   libucrt:shared_initialization.obj
 0001:0000a5f4       __acrt_execute_uninitializers 000000018000b5f4 f   libucrt:shared_initialization.obj
 0001:0000a644       __acrt_initialize_new_handler 000000018000b644 f   libucrt:new_handler.obj
 0001:0000a64c       _callnewh                  000000018000b64c f   libucrt:new_handler.obj
 0001:0000a68c       _query_new_handler         000000018000b68c f   libucrt:new_handler.obj
 0001:0000a6c0       ??$?RV<lambda_c36588078e9f5dfd39652860aa6b3aaf>@@AEAV<lambda_ec61778202f4f5fc7e7711acc23c3bca>@@V<lambda_dc9d2797ccde5d239b4a0efae8ebd7db>@@@?$__crt_seh_guarded_call@P6AXH@Z@@QEAAP6AXH@Z$$QEAV<lambda_c36588078e9f5dfd39652860aa6b3aaf>@@AEAV<lambda_ec61778202f4f5fc7e7711acc23c3bca>@@$$QEAV<lambda_dc9d2797ccde5d239b4a0efae8ebd7db>@@@Z 000000018000b6c0 f i libucrt:signal.obj
 0001:0000a708       __acrt_get_sigabrt_handler 000000018000b708 f   libucrt:signal.obj
 0001:0000a738       __acrt_initialize_signal_handlers 000000018000b738 f   libucrt:signal.obj
 0001:0000a758       raise                      000000018000b758 f   libucrt:signal.obj
 0001:0000a9f4       __acrt_has_user_matherr    000000018000b9f4 f   libucrt:matherr.obj
 0001:0000aa14       __acrt_initialize_user_matherr 000000018000ba14 f   libucrt:matherr.obj
 0001:0000aa1c       __acrt_invoke_user_matherr 000000018000ba1c f   libucrt:matherr.obj
 0001:0000aa64       __pctype_func              000000018000ba64 f   libucrt:ctype.obj
 0001:0000aa94       _isctype_l                 000000018000ba94 f   libucrt:isctype.obj
 0001:0000aba4       _isleadbyte_l              000000018000bba4 f i libucrt:_wctype.obj
 0001:0000af40       __acrt_LCMapStringA        000000018000bf40 f   libucrt:lcmapstringa.obj
 0001:0000afd8       _query_new_mode            000000018000bfd8 f   libucrt:new_mode.obj
 0001:0000afe0       __acrt_add_locale_ref      000000018000bfe0 f   libucrt:locale_refcounting.obj
 0001:0000b06c       __acrt_free_locale         000000018000c06c f   libucrt:locale_refcounting.obj
 0001:0000b1e4       __acrt_locale_add_lc_time_reference 000000018000c1e4 f   libucrt:locale_refcounting.obj
 0001:0000b20c       __acrt_locale_free_lc_time_if_unreferenced 000000018000c20c f   libucrt:locale_refcounting.obj
 0001:0000b244       __acrt_locale_release_lc_time_reference 000000018000c244 f   libucrt:locale_refcounting.obj
 0001:0000b26c       __acrt_release_locale_ref  000000018000c26c f   libucrt:locale_refcounting.obj
 0001:0000b314       __acrt_update_thread_locale_data 000000018000c314 f   libucrt:locale_refcounting.obj
 0001:0000b384       _updatetlocinfoEx_nolock   000000018000c384 f   libucrt:locale_refcounting.obj
 0001:0000b3ec       __acrt_fp_strflt_to_string 000000018000c3ec f   libucrt:_fptostr.obj
 0001:0000b4b0       ?divide@__crt_strtox@@YA_KAEAUbig_integer@1@AEBU21@@Z 000000018000c4b0 f i libucrt:cfout.obj
 0001:0000b980       __acrt_fltout              000000018000c980 f   libucrt:cfout.obj
 0001:0000cd74       _fcloseall                 000000018000dd74 f   libucrt:closeall.obj
 0001:0000ce28       __acrt_stdio_flush_nolock  000000018000de28 f   libucrt:fflush.obj
 0001:0000cea0       _fflush_nolock             000000018000dea0 f   libucrt:fflush.obj
 0001:0000ceec       _flushall                  000000018000deec f   libucrt:fflush.obj
 0001:0000cfdc       __acrt_stdio_free_buffer_nolock 000000018000dfdc f   libucrt:_freebuf.obj
 0001:0000d01c       _isatty                    000000018000e01c f   libucrt:isatty.obj
 0001:0000d07c       __acrt_locale_free_monetary 000000018000e07c f   libucrt:initmon.obj
 0001:0000d188       __acrt_locale_free_numeric 000000018000e188 f   libucrt:initnum.obj
 0001:0000d24c       __acrt_locale_free_time    000000018000e24c f   libucrt:inittime.obj
 0001:0000d354       __acrt_GetStringTypeA      000000018000e354 f   libucrt:getstringtypea.obj
 0001:0000d508       __acrt_lowio_create_handle_array 000000018000e508 f   libucrt:osfinfo.obj
 0001:0000d5a0       __acrt_lowio_destroy_handle_array 000000018000e5a0 f   libucrt:osfinfo.obj
 0001:0000d5f0       __acrt_lowio_ensure_fh_exists 000000018000e5f0 f   libucrt:osfinfo.obj
 0001:0000d6a8       __acrt_lowio_lock_fh       000000018000e6a8 f   libucrt:osfinfo.obj
 0001:0000d6cc       __acrt_lowio_unlock_fh     000000018000e6cc f   libucrt:osfinfo.obj
 0001:0000d6f0       _free_osfhnd               000000018000e6f0 f   libucrt:osfinfo.obj
 0001:0000d7ac       _get_osfhandle             000000018000e7ac f   libucrt:osfinfo.obj
 0001:0000d8ec       __acrt_DownlevelLocaleNameToLCID 000000018000e8ec f   libucrt:lcidtoname_downlevel.obj
 0001:0000d9f0       qsort                      000000018000e9f0 f   libucrt:qsort.obj
 0001:0000dd24       strncpy_s                  000000018000ed24 f   libucrt:strncpy_s.obj
 0001:0000ddf8       strpbrk                    000000018000edf8 f   libucrt:strpbrk.obj
 0001:0000de98       _mbsdec                    000000018000ee98 f   libucrt:mbsdec.obj
 0001:0000dea0       _mbsdec_l                  000000018000eea0 f   libucrt:mbsdec.obj
 0001:0000df50       _msize                     000000018000ef50 f   libucrt:msize.obj
 0001:0000df8c       _realloc_base              000000018000ef8c f   libucrt:realloc_base.obj
 0001:0000e010       __strncnt                  000000018000f010 f   libucrt:strncnt.obj
 0001:0000e028       fegetenv                   000000018000f028 f   libucrt:fegetenv.obj
 0001:0000e048       fesetenv                   000000018000f048 f   libucrt:fesetenv.obj
 0001:0000e094       feholdexcept               000000018000f094 f   libucrt:feholdexcept.obj
 0001:0000e0e4       ceil                       000000018000f0e4 f   libucrt:ceil.obj
 0001:0000e1b0       log10                      000000018000f1b0 f   libucrt:log10.obj
 0001:0000ecfc       _write                     000000018000fcfc f   libucrt:write.obj
 0001:0000ede8       _write_nolock              000000018000fde8 f   libucrt:write.obj
 0001:0000f168       _lseeki64_nolock           0000000180010168 f   libucrt:lseek.obj
 0001:0000f170       _fclose_nolock             0000000180010170 f   libucrt:fclose.obj
 0001:0000f1f4       fclose                     00000001800101f4 f   libucrt:fclose.obj
 0001:0000f260       ??$?RV<lambda_b521505b218e5242e90febf6bfebc422>@@AEAV<lambda_6978c1fb23f02e42e1d9e99668cc68aa>@@V<lambda_314360699dd331753a4119843814e9a7>@@@?$__crt_seh_guarded_call@H@@QEAAH$$QEAV<lambda_b521505b218e5242e90febf6bfebc422>@@AEAV<lambda_6978c1fb23f02e42e1d9e99668cc68aa>@@$$QEAV<lambda_314360699dd331753a4119843814e9a7>@@@Z 0000000180010260 f i libucrt:commit.obj
 0001:0000f2ec       _commit                    00000001800102ec f   libucrt:commit.obj
 0001:0000f380       _query_app_type            0000000180010380 f   libucrt:report_runtime_error.obj
 0001:0000f388       _getfpcontrolword          0000000180010388 f   libucrt:_fenvutils.obj
 0001:0000f3a0       _getfpstatusword           00000001800103a0 f   libucrt:_fenvutils.obj
 0001:0000f3b4       _setfpcontrolword          00000001800103b4 f   libucrt:_fenvutils.obj
 0001:0000f3c0       _setfpstatusword           00000001800103c0 f   libucrt:_fenvutils.obj
 0001:0000f410       _clearfp                   0000000180010410 f   libucrt:ieee.obj
 0001:0000f464       _controlfp                 0000000180010464 f   libucrt:ieee.obj
 0001:0000f470       _statusfp                  0000000180010470 f   libucrt:ieee.obj
 0001:0000f874       _handle_error              0000000180010874 f   libucrt:libm_error.obj
 0001:0000f99c       _handle_nan                000000018001099c f   libucrt:libm_error.obj
 0001:0000f9c0       __acrt_initialize_fma3     00000001800109c0 f   libucrt:fma3_available.obj
 0001:0000fa30       _log10_special             0000000180010a30 f   libucrt:log_special.obj
 0001:0000fae8       _putwch_nolock             0000000180010ae8 f   libucrt:putwch.obj
 0001:0000fb44       ??$?RV<lambda_bfedae4ebbf01fab1bb6dcc6a9e276e0>@@AEAV<lambda_2fe9b910cf3cbf4a0ab98a02ba45b3ec>@@V<lambda_237c231691f317818eb88cc1d5d642d6>@@@?$__crt_seh_guarded_call@H@@QEAAH$$QEAV<lambda_bfedae4ebbf01fab1bb6dcc6a9e276e0>@@AEAV<lambda_2fe9b910cf3cbf4a0ab98a02ba45b3ec>@@$$QEAV<lambda_237c231691f317818eb88cc1d5d642d6>@@@Z 0000000180010b44 f i libucrt:close.obj
 0001:0000fbb8       _close                     0000000180010bb8 f   libucrt:close.obj
 0001:0000fc5c       _close_nolock              0000000180010c5c f   libucrt:close.obj
 0001:0000fd18       ?__acrt_stdio_free_stream@@YAXV__crt_stdio_stream@@@Z 0000000180010d18 f   libucrt:stream.obj
 0001:0000fd70       _get_fpsr                  0000000180010d70 f   libucrt:fpsr.obj
 0001:0000fd80       _set_fpsr                  0000000180010d80 f   libucrt:fpsr.obj
 0001:0000fd8a       _fclrf                     0000000180010d8a f   libucrt:fpsr.obj
 0001:0000fd9e       _frnd                      0000000180010d9e f   libucrt:fpsr.obj
 0001:0000fdc0       _raise_exc                 0000000180010dc0 f   libucrt:fpexcept.obj
 0001:0000fde8       _raise_exc_ex              0000000180010de8 f   libucrt:fpexcept.obj
 0001:000100f0       _set_errno_from_matherr    00000001800110f0 f   libucrt:fpexcept.obj
 0001:00010120       _clrfp                     0000000180011120 f   libucrt:fpctrl.obj
 0001:00010140       _ctrlfp                    0000000180011140 f   libucrt:fpctrl.obj
 0001:000101bc       _set_statfp                00000001800111bc f   libucrt:fpctrl.obj
 0001:000101dc       _statfp                    00000001800111dc f   libucrt:fpctrl.obj
 0001:000101f0       __dcrt_lowio_initialize_console_output 00000001800111f0 f   libucrt:initcon.obj
 0001:0001022c       __dcrt_terminate_console_output 000000018001122c f   libucrt:initcon.obj
 0001:0001024c       IsProcessorFeaturePresent  000000018001124c f   kernel32:KERNEL32.dll
 0001:00010260       _FindPESection             0000000180011260 f   LIBCMT:pesect.obj
 0001:000102b0       _IsNonwritableInCurrentImage 00000001800112b0 f   LIBCMT:pesect.obj
 0001:00010300       _ValidateImageBase         0000000180011300 f   LIBCMT:pesect.obj
 0001:00010340       __chkstk                   0000000180011340 f   LIBCMT:chkstk.obj
 0001:00010340       _alloca_probe              0000000180011340 f   LIBCMT:chkstk.obj
 0001:000103b0       memcmp                     00000001800113b0 f   libvcruntime:memcmp.obj
 0001:00010490       _guard_dispatch_icall_nop  0000000180011490 f   LIBCMT:guard_dispatch.obj
 0002:00000000       __imp_SelectObject         0000000180012000     gdi32:GDI32.dll
 0002:00000008       __imp_DeleteObject         0000000180012008     gdi32:GDI32.dll
 0002:00000010       __imp_DeleteDC             0000000180012010     gdi32:GDI32.dll
 0002:00000018       __imp_CreateSolidBrush     0000000180012018     gdi32:GDI32.dll
 0002:00000020       __imp_CreateCompatibleDC   0000000180012020     gdi32:GDI32.dll
 0002:00000028       __imp_CreateDIBSection     0000000180012028     gdi32:GDI32.dll
 0002:00000030       \177GDI32_NULL_THUNK_DATA  0000000180012030     gdi32:GDI32.dll
 0002:00000038       __imp_WriteFile            0000000180012038     kernel32:KERNEL32.dll
 0002:00000040       __imp_CloseHandle          0000000180012040     kernel32:KERNEL32.dll
 0002:00000048       __imp_lstrcpynW            0000000180012048     kernel32:KERNEL32.dll
 0002:00000050       __imp_lstrcpyW             0000000180012050     kernel32:KERNEL32.dll
 0002:00000058       __imp_lstrcatW             0000000180012058     kernel32:KERNEL32.dll
 0002:00000060       __imp_lstrlenW             0000000180012060     kernel32:KERNEL32.dll
 0002:00000068       __imp_LoadLibraryW         0000000180012068     kernel32:KERNEL32.dll
 0002:00000070       __imp_WaitForSingleObject  0000000180012070     kernel32:KERNEL32.dll
 0002:00000078       __imp_GetTempFileNameW     0000000180012078     kernel32:KERNEL32.dll
 0002:00000080       __imp_CreateFileW          0000000180012080     kernel32:KERNEL32.dll
 0002:00000088       __imp_DeleteFileW          0000000180012088     kernel32:KERNEL32.dll
 0002:00000090       __imp_WriteConsoleW        0000000180012090     kernel32:KERNEL32.dll
 0002:00000098       __imp_FlushFileBuffers     0000000180012098     kernel32:KERNEL32.dll
 0002:000000a0       __imp_GetLastError         00000001800120a0     kernel32:KERNEL32.dll
 0002:000000a8       __imp_GetProcessHeap       00000001800120a8     kernel32:KERNEL32.dll
 0002:000000b0       __imp_HeapFree             00000001800120b0     kernel32:KERNEL32.dll
 0002:000000b8       __imp_HeapAlloc            00000001800120b8     kernel32:KERNEL32.dll
 0002:000000c0       __imp_GetProcAddress       00000001800120c0     kernel32:KERNEL32.dll
 0002:000000c8       __imp_GetTempPathW         00000001800120c8     kernel32:KERNEL32.dll
 0002:000000d0       __imp_FreeLibrary          00000001800120d0     kernel32:KERNEL32.dll
 0002:000000d8       __imp_SetFilePointerEx     00000001800120d8     kernel32:KERNEL32.dll
 0002:000000e0       __imp_GetConsoleMode       00000001800120e0     kernel32:KERNEL32.dll
 0002:000000e8       __imp_GetConsoleCP         00000001800120e8     kernel32:KERNEL32.dll
 0002:000000f0       __imp_HeapCreate           00000001800120f0     kernel32:KERNEL32.dll
 0002:000000f8       __imp_HeapDestroy          00000001800120f8     kernel32:KERNEL32.dll
 0002:00000100       __imp_HeapReAlloc          0000000180012100     kernel32:KERNEL32.dll
 0002:00000108       __imp_HeapSize             0000000180012108     kernel32:KERNEL32.dll
 0002:00000110       __imp_GetCurrentThreadId   0000000180012110     kernel32:KERNEL32.dll
 0002:00000118       __imp_GetTickCount         0000000180012118     kernel32:KERNEL32.dll
 0002:00000120       __imp_lstrcpynA            0000000180012120     kernel32:KERNEL32.dll
 0002:00000128       __imp_RaiseException       0000000180012128     kernel32:KERNEL32.dll
 0002:00000130       __imp_CreateThread         0000000180012130     kernel32:KERNEL32.dll
 0002:00000138       __imp_TerminateThread      0000000180012138     kernel32:KERNEL32.dll
 0002:00000140       __imp_SetLastError         0000000180012140     kernel32:KERNEL32.dll
 0002:00000148       __imp_ResumeThread         0000000180012148     kernel32:KERNEL32.dll
 0002:00000150       __imp_IsDebuggerPresent    0000000180012150     kernel32:KERNEL32.dll
 0002:00000158       __imp_DebugBreak           0000000180012158     kernel32:KERNEL32.dll
 0002:00000160       __imp_RtlCaptureContext    0000000180012160     kernel32:KERNEL32.dll
 0002:00000168       __imp_RtlLookupFunctionEntry 0000000180012168     kernel32:KERNEL32.dll
 0002:00000170       __imp_RtlVirtualUnwind     0000000180012170     kernel32:KERNEL32.dll
 0002:00000178       __imp_UnhandledExceptionFilter 0000000180012178     kernel32:KERNEL32.dll
 0002:00000180       __imp_SetUnhandledExceptionFilter 0000000180012180     kernel32:KERNEL32.dll
 0002:00000188       __imp_GetCurrentProcess    0000000180012188     kernel32:KERNEL32.dll
 0002:00000190       __imp_TerminateProcess     0000000180012190     kernel32:KERNEL32.dll
 0002:00000198       __imp_IsProcessorFeaturePresent 0000000180012198     kernel32:KERNEL32.dll
 0002:000001a0       __imp_QueryPerformanceCounter 00000001800121a0     kernel32:KERNEL32.dll
 0002:000001a8       __imp_GetCurrentProcessId  00000001800121a8     kernel32:KERNEL32.dll
 0002:000001b0       __imp_GetSystemTimeAsFileTime 00000001800121b0     kernel32:KERNEL32.dll
 0002:000001b8       __imp_InitializeSListHead  00000001800121b8     kernel32:KERNEL32.dll
 0002:000001c0       __imp_GetStartupInfoW      00000001800121c0     kernel32:KERNEL32.dll
 0002:000001c8       __imp_GetModuleHandleW     00000001800121c8     kernel32:KERNEL32.dll
 0002:000001d0       __imp_RtlUnwindEx          00000001800121d0     kernel32:KERNEL32.dll
 0002:000001d8       __imp_InterlockedFlushSList 00000001800121d8     kernel32:KERNEL32.dll
 0002:000001e0       __imp_EnterCriticalSection 00000001800121e0     kernel32:KERNEL32.dll
 0002:000001e8       __imp_LeaveCriticalSection 00000001800121e8     kernel32:KERNEL32.dll
 0002:000001f0       __imp_DeleteCriticalSection 00000001800121f0     kernel32:KERNEL32.dll
 0002:000001f8       __imp_InitializeCriticalSectionAndSpinCount 00000001800121f8     kernel32:KERNEL32.dll
 0002:00000200       __imp_TlsAlloc             0000000180012200     kernel32:KERNEL32.dll
 0002:00000208       __imp_TlsGetValue          0000000180012208     kernel32:KERNEL32.dll
 0002:00000210       __imp_TlsSetValue          0000000180012210     kernel32:KERNEL32.dll
 0002:00000218       __imp_TlsFree              0000000180012218     kernel32:KERNEL32.dll
 0002:00000220       __imp_LoadLibraryExW       0000000180012220     kernel32:KERNEL32.dll
 0002:00000228       __imp_ExitProcess          0000000180012228     kernel32:KERNEL32.dll
 0002:00000230       __imp_GetModuleHandleExW   0000000180012230     kernel32:KERNEL32.dll
 0002:00000238       __imp_GetModuleFileNameA   0000000180012238     kernel32:KERNEL32.dll
 0002:00000240       __imp_MultiByteToWideChar  0000000180012240     kernel32:KERNEL32.dll
 0002:00000248       __imp_WideCharToMultiByte  0000000180012248     kernel32:KERNEL32.dll
 0002:00000250       __imp_GetACP               0000000180012250     kernel32:KERNEL32.dll
 0002:00000258       __imp_GetStdHandle         0000000180012258     kernel32:KERNEL32.dll
 0002:00000260       __imp_GetFileType          0000000180012260     kernel32:KERNEL32.dll
 0002:00000268       __imp_LCMapStringW         0000000180012268     kernel32:KERNEL32.dll
 0002:00000270       __imp_FindClose            0000000180012270     kernel32:KERNEL32.dll
 0002:00000278       __imp_FindFirstFileExA     0000000180012278     kernel32:KERNEL32.dll
 0002:00000280       __imp_FindNextFileA        0000000180012280     kernel32:KERNEL32.dll
 0002:00000288       __imp_IsValidCodePage      0000000180012288     kernel32:KERNEL32.dll
 0002:00000290       __imp_GetOEMCP             0000000180012290     kernel32:KERNEL32.dll
 0002:00000298       __imp_GetCPInfo            0000000180012298     kernel32:KERNEL32.dll
 0002:000002a0       __imp_GetCommandLineA      00000001800122a0     kernel32:KERNEL32.dll
 0002:000002a8       __imp_GetCommandLineW      00000001800122a8     kernel32:KERNEL32.dll
 0002:000002b0       __imp_GetEnvironmentStringsW 00000001800122b0     kernel32:KERNEL32.dll
 0002:000002b8       __imp_FreeEnvironmentStringsW 00000001800122b8     kernel32:KERNEL32.dll
 0002:000002c0       __imp_GetStringTypeW       00000001800122c0     kernel32:KERNEL32.dll
 0002:000002c8       __imp_SetStdHandle         00000001800122c8     kernel32:KERNEL32.dll
 0002:000002d0       \177KERNEL32_NULL_THUNK_DATA 00000001800122d0     kernel32:KERNEL32.dll
 0002:000002d8       __imp_wsprintfW            00000001800122d8     user32:USER32.dll
 0002:000002e0       __imp_CharLowerBuffW       00000001800122e0     user32:USER32.dll
 0002:000002e8       __imp_FillRect             00000001800122e8     user32:USER32.dll
 0002:000002f0       \177USER32_NULL_THUNK_DATA 00000001800122f0     user32:USER32.dll
 0002:000002f8       __imp_CoUninitialize       00000001800122f8     ole32:ole32.dll
 0002:00000300       __imp_CoInitialize         0000000180012300     ole32:ole32.dll
 0002:00000308       \177ole32_NULL_THUNK_DATA  0000000180012308     ole32:ole32.dll
 0002:00000310       __guard_check_icall_fptr   0000000180012310     LIBCMT:guard_support.obj
 0002:00000318       __guard_dispatch_icall_fptr 0000000180012318     LIBCMT:guard_support.obj
 0002:00000320       __xc_a                     0000000180012320     LIBCMT:initializers.obj
 0002:00000328       __xc_z                     0000000180012328     LIBCMT:initializers.obj
 0002:00000330       __xi_a                     0000000180012330     LIBCMT:initializers.obj
 0002:00000338       __acrt_stdio_initializer   0000000180012338     libucrt:stdio_initializer.obj
 0002:00000340       __acrt_multibyte_initializer 0000000180012340     libucrt:multibyte_initializer.obj
 0002:00000348       __acrt_tran_fma3_initializer 0000000180012348     libucrt:fma3_initializer.obj
 0002:00000350       __xi_z                     0000000180012350     LIBCMT:initializers.obj
 0002:00000358       __xp_a                     0000000180012358     LIBCMT:initializers.obj
 0002:00000360       __acrt_locale_terminator   0000000180012360     libucrt:locale_initializer.obj
 0002:00000368       __dcrt_console_output_terminator 0000000180012368     libucrt:console_output_initializer.obj
 0002:00000370       __acrt_stdio_terminator    0000000180012370     libucrt:stdio_initializer.obj
 0002:00000378       __xp_z                     0000000180012378     LIBCMT:initializers.obj
 0002:00000380       __xt_a                     0000000180012380     LIBCMT:initializers.obj
 0002:00000388       __xt_z                     0000000180012388     LIBCMT:initializers.obj
 0002:00000390       FrameDimensionTime         0000000180012390     gdip.obj
 0002:000003a0       FrameDimensionPage         00000001800123a0     gdip.obj
 0002:000003b0       ??_C@_1BI@LOJECBFD@?$AAG?$AAd?$AAi?$AAP?$AAl?$AAu?$AAs?$AA?4?$AAd?$AAl?$AAl@ 00000001800123b0     gdip.obj
 0002:000003c8       ??_C@_0P@NIGHOHPH@GdiplusStartup@ 00000001800123c8     gdip.obj
 0002:000003d8       ??_C@_0BA@OMKIAPCJ@GdiplusShutdown@ 00000001800123d8     gdip.obj
 0002:000003e8       ??_C@_0BJ@IPKMAACN@GdipCreateBitmapFromFile@ 00000001800123e8     gdip.obj
 0002:00000408       ??_C@_0BG@OPKFAGML@GdipGetImageThumbnail@ 0000000180012408     gdip.obj
 0002:00000420       ??_C@_0BC@DPLNHGNM@GdipGetImageWidth@ 0000000180012420     gdip.obj
 0002:00000438       ??_C@_0BD@JIGBIPOH@GdipGetImageHeight@ 0000000180012438     gdip.obj
 0002:00000450       ??_C@_0BI@DDNLFBKI@GdipGetImagePixelFormat@ 0000000180012450     gdip.obj
 0002:00000468       ??_C@_0BB@MGCHKKMH@GdipDisposeImage@ 0000000180012468     gdip.obj
 0002:00000480       ??_C@_0BH@PCHOHMFI@GdipImageGetFrameCount@ 0000000180012480     gdip.obj
 0002:00000498       ??_C@_0BL@FLMDGKNM@GdipImageSelectActiveFrame@ 0000000180012498     gdip.obj
 0002:000004b8       ??_C@_0BI@PFDIBLKB@GdipGetPropertyItemSize@ 00000001800124b8     gdip.obj
 0002:000004d0       ??_C@_0BE@JLBHAGMH@GdipGetPropertyItem@ 00000001800124d0     gdip.obj
 0002:000004e8       ??_C@_0BE@HNMMICFD@GdipImageRotateFlip@ 00000001800124e8     gdip.obj
 0002:00000500       ??_C@_0BG@BONHLFMI@GdipGetImageRawFormat@ 0000000180012500     gdip.obj
 0002:00000518       ??_C@_0BC@PACDIGJN@GdipCreateFromHDC@ 0000000180012518     gdip.obj
 0002:00000530       ??_C@_0BD@MFGJCODH@GdipDeleteGraphics@ 0000000180012530     gdip.obj
 0002:00000548       ??_C@_0BH@MHAPNLKM@GdipDrawImageRectRectI@ 0000000180012548     gdip.obj
 0002:00000560       ??_C@_0BF@OBPAMLNN@gdip?3?3FreeThreadProc@ 0000000180012560     gdip.obj
 0002:00000578       ??_C@_0DL@IFDNFLDO@e?3?2maks?2maximus5?2conemu?2src?2con@ 0000000180012578     gdip.obj
 0002:000005b8       ??_C@_17CGDFOGLC@?$AAC?$AAE?$AAT@ 00000001800125b8     gdip.obj
 0002:000005c0       ??_C@_19JJJNAIHN@?$AAJ?$AAP?$AAE?$AAG@ 00000001800125c0     gdip.obj
 0002:000005d0       ??_C@_19PNCGIGON@?$AAT?$AAI?$AAF?$AAF@ 00000001800125d0     gdip.obj
 0002:000005e0       ??_C@_19HEANOPFL@?$AAE?$AAX?$AAI?$AAF@ 00000001800125e0     gdip.obj
 0002:000005f0       ??_C@_1CA@KKEPPKFF@?$AA?$CF?$AAi?$AA?5?$AAx?$AA?5?$AA?$CF?$AAi?$AA?5?$AAx?$AA?5?$AA?$CF?$AAi?$AAb?$AAp?$AAp@ 00000001800125f0     gdip.obj
 0002:00000610       ??_C@_1M@HKOFHKAI@?$AA?5?$AA?$FL?$AA?$CF?$AAi?$AA?$FN@ 0000000180012610     gdip.obj
 0002:0000061c       ??_C@_13HOIJIPNN@?$AA?5@   000000018001261c     gdip.obj
 0002:00000620       ??_C@_0CO@HOLAGLAF@e?3?2maks?2maximus5?2conemu?2src?2com@ 0000000180012620     common-kernel64:Memory.obj
 0002:00000650       ??_C@_05LCABBMOG@?$CFs?3?$CFi@ 0000000180012650     common-kernel64:WThreads.obj
 0002:00000668       _pDefaultRawDllMain        0000000180012668     LIBCMT:dll_dllmain.obj
 0002:00000668       _pRawDllMain               0000000180012668     LIBCMT:dll_dllmain.obj
 0002:00000670       _pDestructExceptionObject  0000000180012670     libvcruntime:ehhelpers.obj
 0002:000009b8       ??_C@_08EHJDFFNH@__based?$CI@ 00000001800129b8     libvcruntime:undname.obj
 0002:000009c8       ??_C@_07KOLFKCDI@__cdecl@  00000001800129c8     libvcruntime:undname.obj
 0002:000009d0       ??_C@_08GHMPAG@__pascal@   00000001800129d0     libvcruntime:undname.obj
 0002:000009e0       ??_C@_09IFJBGAPI@__stdcall@ 00000001800129e0     libvcruntime:undname.obj
 0002:000009f0       ??_C@_0L@NPHFGOKO@__thiscall@ 00000001800129f0     libvcruntime:undname.obj
 0002:00000a00       ??_C@_0L@JMKHOMEK@__fastcall@ 0000000180012a00     libvcruntime:undname.obj
 0002:00000a10       ??_C@_0N@BCKKPABJ@__vectorcall@ 0000000180012a10     libvcruntime:undname.obj
 0002:00000a20       ??_C@_09HIJEGCPM@__clrcall@ 0000000180012a20     libvcruntime:undname.obj
 0002:00000a2c       ??_C@_06GHPCKEAG@__eabi@   0000000180012a2c     libvcruntime:undname.obj
 0002:00000a38       ??_C@_09IOPIDJLG@__swift_1@ 0000000180012a38     libvcruntime:undname.obj
 0002:00000a48       ??_C@_09KFNFGKHF@__swift_2@ 0000000180012a48     libvcruntime:undname.obj
 0002:00000a58       ??_C@_07JOMMBBKO@__ptr64@  0000000180012a58     libvcruntime:undname.obj
 0002:00000a60       ??_C@_0L@PILCLIHE@__restrict@ 0000000180012a60     libvcruntime:undname.obj
 0002:00000a70       ??_C@_0M@GFIIJFMG@__unaligned@ 0000000180012a70     libvcruntime:undname.obj
 0002:00000a80       ??_C@_09DHDLOLLB@restrict?$CI@ 0000000180012a80     libvcruntime:undname.obj
 0002:00000a8a       ??_C@_00CNPNBAHC@@         0000000180012a8a     libvcruntime:undname.obj
 0002:00000a8c       ??_C@_04NIHEBCM@?5new@     0000000180012a8c     libvcruntime:undname.obj
 0002:00000a98       ??_C@_07FPCDHGMM@?5delete@ 0000000180012a98     libvcruntime:undname.obj
 0002:00000aa0       ??_C@_01NEMOKFLO@?$DN@     0000000180012aa0     libvcruntime:undname.obj
 0002:00000aa4       ??_C@_02GPIOPFAK@?$DO?$DO@ 0000000180012aa4     libvcruntime:undname.obj
 0002:00000aa8       ??_C@_02FODMEDOG@?$DM?$DM@ 0000000180012aa8     libvcruntime:undname.obj
 0002:00000aac       ??_C@_01DCLJPIOD@?$CB@     0000000180012aac     libvcruntime:undname.obj
 0002:00000ab0       ??_C@_02EGOFBIJA@?$DN?$DN@ 0000000180012ab0     libvcruntime:undname.obj
 0002:00000ab4       ??_C@_02FDNJECIE@?$CB?$DN@ 0000000180012ab4     libvcruntime:undname.obj
 0002:00000ab8       ??_C@_02GPECMEKF@?$FL?$FN@ 0000000180012ab8     libvcruntime:undname.obj
 0002:00000ac0       ??_C@_08LHJFAFGD@operator@ 0000000180012ac0     libvcruntime:undname.obj
 0002:00000acc       ??_C@_02HBOOOICD@?9?$DO@   0000000180012acc     libvcruntime:undname.obj
 0002:00000ad0       ??_C@_01NBENCBCI@?$CK@     0000000180012ad0     libvcruntime:undname.obj
 0002:00000ad4       ??_C@_02ECNGHCIF@?$CL?$CL@ 0000000180012ad4     libvcruntime:undname.obj
 0002:00000ad8       ??_C@_02BAABKJLB@?9?9@     0000000180012ad8     libvcruntime:undname.obj
 0002:00000adc       ??_C@_01JOAMLHOP@?9@       0000000180012adc     libvcruntime:undname.obj
 0002:00000ae0       ??_C@_01MIFGBAGJ@?$CL@     0000000180012ae0     libvcruntime:undname.obj
 0002:00000ae4       ??_C@_01HNPIGOCE@?$CG@     0000000180012ae4     libvcruntime:undname.obj
 0002:00000ae8       ??_C@_03MNHNFDLC@?9?$DO?$CK@ 0000000180012ae8     libvcruntime:undname.obj
 0002:00000aec       ??_C@_01KMDKNFGN@?1@       0000000180012aec     libvcruntime:undname.obj
 0002:00000af0       ??_C@_01FGNFDNOH@?$CF@     0000000180012af0     libvcruntime:undname.obj
 0002:00000af4       ??_C@_01MNNFJEPP@?$DM@     0000000180012af4     libvcruntime:undname.obj
 0002:00000af8       ??_C@_02EHCHHCKH@?$DM?$DN@ 0000000180012af8     libvcruntime:undname.obj
 0002:00000afc       ??_C@_01PPODPGHN@?$DO@     0000000180012afc     libvcruntime:undname.obj
 0002:00000b00       ??_C@_02EEKDKGMJ@?$DO?$DN@ 0000000180012b00     libvcruntime:undname.obj
 0002:00000b04       ??_C@_01IHBHIGKO@?0@       0000000180012b04     libvcruntime:undname.obj
 0002:00000b08       ??_C@_02HCKGKOFO@?$CI?$CJ@ 0000000180012b08     libvcruntime:undname.obj
 0002:00000b0c       ??_C@_01PJKLJHI@?$HO@      0000000180012b0c     libvcruntime:undname.obj
 0002:00000b10       ??_C@_01JKBOJNNK@?$FO@     0000000180012b10     libvcruntime:undname.obj
 0002:00000b14       ??_C@_01DNKMNLPK@?$HM@     0000000180012b14     libvcruntime:undname.obj
 0002:00000b18       ??_C@_02PPKAJPJL@?$CG?$CG@ 0000000180012b18     libvcruntime:undname.obj
 0002:00000b1c       ??_C@_02NONPIBCD@?$HM?$HM@ 0000000180012b1c     libvcruntime:undname.obj
 0002:00000b20       ??_C@_02FPIMKNGF@?$CK?$DN@ 0000000180012b20     libvcruntime:undname.obj
 0002:00000b24       ??_C@_02FOEOMHFC@?$CL?$DN@ 0000000180012b24     libvcruntime:undname.obj
 0002:00000b28       ??_C@_02FKMDLLOA@?9?$DN@   0000000180012b28     libvcruntime:undname.obj
 0002:00000b2c       ??_C@_02FJEHGPIO@?1?$DN@   0000000180012b2c     libvcruntime:undname.obj
 0002:00000b30       ??_C@_02FENAOKFI@?$CF?$DN@ 0000000180012b30     libvcruntime:undname.obj
 0002:00000b34       ??_C@_03IKFCCPFF@?$DO?$DO?$DN@ 0000000180012b34     libvcruntime:undname.obj
 0002:00000b38       ??_C@_03CDNPDDLA@?$DM?$DM?$DN@ 0000000180012b38     libvcruntime:undname.obj
 0002:00000b3c       ??_C@_02FGJGFEAB@?$CG?$DN@ 0000000180012b3c     libvcruntime:undname.obj
 0002:00000b40       ??_C@_02DHLNPPGH@?$HM?$DN@ 0000000180012b40     libvcruntime:undname.obj
 0002:00000b44       ??_C@_02MHEGNOJ@?$FO?$DN@  0000000180012b44     libvcruntime:undname.obj
 0002:00000b48       ??_C@_09IFPLHPGF@?$GAvftable?8@ 0000000180012b48     libvcruntime:undname.obj
 0002:00000b58       ??_C@_09BLBHBJP@?$GAvbtable?8@ 0000000180012b58     libvcruntime:undname.obj
 0002:00000b68       ??_C@_07FEEIOKP@?$GAvcall?8@ 0000000180012b68     libvcruntime:undname.obj
 0002:00000b70       ??_C@_08LLFFHHDJ@?$GAtypeof?8@ 0000000180012b70     libvcruntime:undname.obj
 0002:00000b80       ??_C@_0BF@KDPPACIK@?$GAlocal?5static?5guard?8@ 0000000180012b80     libvcruntime:undname.obj
 0002:00000b98       ??_C@_08OBABFOLI@?$GAstring?8@ 0000000180012b98     libvcruntime:undname.obj
 0002:00000ba8       ??_C@_0BD@JDLKDPAB@?$GAvbase?5destructor?8@ 0000000180012ba8     libvcruntime:undname.obj
 0002:00000bc0       ??_C@_0BN@DEGPLNFK@?$GAvector?5deleting?5destructor?8@ 0000000180012bc0     libvcruntime:undname.obj
 0002:00000be0       ??_C@_0BO@OBMKPJIG@?$GAdefault?5constructor?5closure?8@ 0000000180012be0     libvcruntime:undname.obj
 0002:00000c00       ??_C@_0BN@IMDCHIKM@?$GAscalar?5deleting?5destructor?8@ 0000000180012c00     libvcruntime:undname.obj
 0002:00000c20       ??_C@_0BO@PFGOCPJJ@?$GAvector?5constructor?5iterator?8@ 0000000180012c20     libvcruntime:undname.obj
 0002:00000c40       ??_C@_0BN@LFPFMEDL@?$GAvector?5destructor?5iterator?8@ 0000000180012c40     libvcruntime:undname.obj
 0002:00000c60       ??_C@_0CE@IKBNEHA@?$GAvector?5vbase?5constructor?5itera@ 0000000180012c60     libvcruntime:undname.obj
 0002:00000c88       ??_C@_0BL@NILFHHPC@?$GAvirtual?5displacement?5map?8@ 0000000180012c88     libvcruntime:undname.obj
 0002:00000ca8       ??_C@_0CB@JONCMFFK@?$GAeh?5vector?5constructor?5iterator@ 0000000180012ca8     libvcruntime:undname.obj
 0002:00000cd0       ??_C@_0CA@GCEOPDGL@?$GAeh?5vector?5destructor?5iterator?8@ 0000000180012cd0     libvcruntime:undname.obj
 0002:00000cf0       ??_C@_0CH@OOJPLCPH@?$GAeh?5vector?5vbase?5constructor?5it@ 0000000180012cf0     libvcruntime:undname.obj
 0002:00000d18       ??_C@_0BL@LLKPOHJI@?$GAcopy?5constructor?5closure?8@ 0000000180012d18     libvcruntime:undname.obj
 0002:00000d38       ??_C@_0BA@KBCDOMBN@?$GAudt?5returning?8@ 0000000180012d38     libvcruntime:undname.obj
 0002:00000d48       ??_C@_03KLGMFNMG@?$GAEH@   0000000180012d48     libvcruntime:undname.obj
 0002:00000d4c       ??_C@_05KHLCHHI@?$GARTTI@  0000000180012d4c     libvcruntime:undname.obj
 0002:00000d58       ??_C@_0BA@KKLDJDLB@?$GAlocal?5vftable?8@ 0000000180012d58     libvcruntime:undname.obj
 0002:00000d68       ??_C@_0CE@IIHCMGGL@?$GAlocal?5vftable?5constructor?5clos@ 0000000180012d68     libvcruntime:undname.obj
 0002:00000d8c       ??_C@_06FHBGPFGH@?5new?$FL?$FN@ 0000000180012d8c     libvcruntime:undname.obj
 0002:00000d98       ??_C@_09LBNFPBCA@?5delete?$FL?$FN@ 0000000180012d98     libvcruntime:undname.obj
 0002:00000da8       ??_C@_0P@HJKNJFNN@?$GAomni?5callsig?8@ 0000000180012da8     libvcruntime:undname.obj
 0002:00000db8       ??_C@_0BL@CNOONJFP@?$GAplacement?5delete?5closure?8@ 0000000180012db8     libvcruntime:undname.obj
 0002:00000dd8       ??_C@_0BN@CKNJLHMB@?$GAplacement?5delete?$FL?$FN?5closure?8@ 0000000180012dd8     libvcruntime:undname.obj
 0002:00000df8       ??_C@_0CG@CFDHKGGD@?$GAmanaged?5vector?5constructor?5ite@ 0000000180012df8     libvcruntime:undname.obj
 0002:00000e20       ??_C@_0CF@IMGKMJNO@?$GAmanaged?5vector?5destructor?5iter@ 0000000180012e20     libvcruntime:undname.obj
 0002:00000e48       ??_C@_0CG@HLDDJMAG@?$GAeh?5vector?5copy?5constructor?5ite@ 0000000180012e48     libvcruntime:undname.obj
 0002:00000e70       ??_C@_0CM@FCBBDIGB@?$GAeh?5vector?5vbase?5copy?5construct@ 0000000180012e70     libvcruntime:undname.obj
 0002:00000ea0       ??_C@_0BL@CLIPGLGB@?$GAdynamic?5initializer?5for?5?8@ 0000000180012ea0     libvcruntime:undname.obj
 0002:00000ec0       ??_C@_0CB@PDBIFEP@?$GAdynamic?5atexit?5destructor?5for?5@ 0000000180012ec0     libvcruntime:undname.obj
 0002:00000ee8       ??_C@_0CD@CGAJBKEJ@?$GAvector?5copy?5constructor?5iterat@ 0000000180012ee8     libvcruntime:undname.obj
 0002:00000f10       ??_C@_0CJ@GJELGAMM@?$GAvector?5vbase?5copy?5constructor?5@ 0000000180012f10     libvcruntime:undname.obj
 0002:00000f40       ??_C@_0CL@FGIJHLCE@?$GAmanaged?5vector?5copy?5constructo@ 0000000180012f40     libvcruntime:undname.obj
 0002:00000f70       ??_C@_0BM@PMGGMLDN@?$GAlocal?5static?5thread?5guard?8@ 0000000180012f70     libvcruntime:undname.obj
 0002:00000f90       ??_C@_0N@BDNMDMOL@operator?5?$CC?$CC?5@ 0000000180012f90     libvcruntime:undname.obj
 0002:00000fa0       ??_C@_0BC@GGEBGALA@operator?5co_await@ 0000000180012fa0     libvcruntime:undname.obj
 0002:00000fb8       ??_C@_0BC@DAFEJGAK@?5Type?5Descriptor?8@ 0000000180012fb8     libvcruntime:undname.obj
 0002:00000fd0       ??_C@_0BM@LDKODKLH@?5Base?5Class?5Descriptor?5at?5?$CI@ 0000000180012fd0     libvcruntime:undname.obj
 0002:00000ff0       ??_C@_0BD@LGICGFMM@?5Base?5Class?5Array?8@ 0000000180012ff0     libvcruntime:undname.obj
 0002:00001008       ??_C@_0BN@MECKDCOJ@?5Class?5Hierarchy?5Descriptor?8@ 0000000180013008     libvcruntime:undname.obj
 0002:00001028       ??_C@_0BK@CFCOFLF@?5Complete?5Object?5Locator?8@ 0000000180013028     libvcruntime:undname.obj
 0002:00001060       ??_C@_1DM@KHCHBNEB@?$AAa?$AAp?$AAi?$AA?9?$AAm?$AAs?$AA?9?$AAw?$AAi?$AAn?$AA?9?$AAc?$AAo?$AAr?$AAe@ 0000000180013060     libvcruntime:winapi_downlevel.obj
 0002:000010a0       ??_C@_1DK@LPPGFMPP@?$AAa?$AAp?$AAi?$AA?9?$AAm?$AAs?$AA?9?$AAw?$AAi?$AAn?$AA?9?$AAc?$AAo?$AAr?$AAe@ 00000001800130a0     libvcruntime:winapi_downlevel.obj
 0002:000010e0       ??_C@_1BC@GDMECMAK@?$AAk?$AAe?$AAr?$AAn?$AAe?$AAl?$AA3?$AA2@ 00000001800130e0     libvcruntime:winapi_downlevel.obj
 0002:000010f8       ??_C@_1BA@PFFKHIOG@?$AAa?$AAp?$AAi?$AA?9?$AAm?$AAs?$AA?9@ 00000001800130f8     libvcruntime:winapi_downlevel.obj
 0002:00001108       ??_C@_1BA@IAIFMGEF@?$AAe?$AAx?$AAt?$AA?9?$AAm?$AAs?$AA?9@ 0000000180013108     libvcruntime:winapi_downlevel.obj
 0002:00001120       ??_C@_08KNHFBNJ@FlsAlloc@  0000000180013120     libvcruntime:winapi_downlevel.obj
 0002:00001138       ??_C@_07PEJMOBNF@FlsFree@  0000000180013138     libvcruntime:winapi_downlevel.obj
 0002:00001148       ??_C@_0M@GDNOONDI@FlsGetValue@ 0000000180013148     libvcruntime:winapi_downlevel.obj
 0002:00001160       ??_C@_0M@JCPCPOEF@FlsSetValue@ 0000000180013160     libvcruntime:winapi_downlevel.obj
 0002:00001178       ??_C@_0BM@HCFOFFN@InitializeCriticalSectionEx@ 0000000180013178     libvcruntime:winapi_downlevel.obj
 0002:000011a0       standard_lookup_table      00000001800131a0     libucrt:output.obj
 0002:000011fc       ??_C@_06OJHGLDPL@?$CInull?$CJ?$AA@ 00000001800131fc     libucrt:output.obj
 0002:00001208       ??_C@_1O@CEDCILHN@?$AA?$CI?$AAn?$AAu?$AAl?$AAl?$AA?$CJ?$AA?$AA@ 0000000180013208     libucrt:output.obj
 0002:00001220       __acrt_exception_action_table 0000000180013220     libucrt:exception_filter.obj
 0002:000012e0       __acrt_signal_action_table_count 00000001800132e0     libucrt:exception_filter.obj
 0002:000012e8       __acrt_signal_action_first_fpe_index 00000001800132e8     libucrt:exception_filter.obj
 0002:000012f0       __acrt_signal_action_fpe_count 00000001800132f0     libucrt:exception_filter.obj
 0002:000012f8       ??_C@_1BI@BGOHAHKC@?$AAm?$AAs?$AAc?$AAo?$AAr?$AAe?$AAe?$AA?4?$AAd?$AAl?$AAl?$AA?$AA@ 00000001800132f8     libucrt:exit.obj
 0002:00001310       ??_C@_0P@MIGLKIOC@CorExitProcess?$AA@ 0000000180013310     libucrt:exit.obj
 0002:00001578       ??_C@_03OEIAHPBN@INF?$AA@  0000000180013578     libucrt:cvt.obj
 0002:0000157c       ??_C@_03OJHLLCGB@inf?$AA@  000000018001357c     libucrt:cvt.obj
 0002:00001580       ??_C@_03LKNCIKJB@NAN?$AA@  0000000180013580     libucrt:cvt.obj
 0002:00001584       ??_C@_03LHCJEHON@nan?$AA@  0000000180013584     libucrt:cvt.obj
 0002:00001588       ??_C@_09OFJJIMPC@NAN?$CISNAN?$CJ?$AA@ 0000000180013588     libucrt:cvt.obj
 0002:00001598       ??_C@_09IPFBKMDL@nan?$CIsnan?$CJ?$AA@ 0000000180013598     libucrt:cvt.obj
 0002:000015a8       ??_C@_08IKHNHAJ@NAN?$CIIND?$CJ?$AA@ 00000001800135a8     libucrt:cvt.obj
 0002:000015b8       ??_C@_08OFCDMILK@nan?$CIind?$CJ?$AA@ 00000001800135b8     libucrt:cvt.obj
 0002:000015c4       ??_C@_05KLBDPFGC@e?$CL000?$AA@ 00000001800135c4     libucrt:cvt.obj
 0002:000015d0       __lc_time_c                00000001800135d0     libucrt:nlsdata.obj
 0002:00001890       ??_C@_03KOEHGMDN@Sun?$AA@  0000000180013890     libucrt:nlsdata.obj
 0002:00001894       ??_C@_03PDAGKDH@Mon?$AA@   0000000180013894     libucrt:nlsdata.obj
 0002:00001898       ??_C@_03NAGEINEP@Tue?$AA@  0000000180013898     libucrt:nlsdata.obj
 0002:0000189c       ??_C@_03MHOMLAJA@Wed?$AA@  000000018001389c     libucrt:nlsdata.obj
 0002:000018a0       ??_C@_03IOFIKPDN@Thu?$AA@  00000001800138a0     libucrt:nlsdata.obj
 0002:000018a4       ??_C@_03IDIOELNC@Fri?$AA@  00000001800138a4     libucrt:nlsdata.obj
 0002:000018a8       ??_C@_03FEFJNEK@Sat?$AA@   00000001800138a8     libucrt:nlsdata.obj
 0002:000018ac       ??_C@_06OOPIFAJ@Sunday?$AA@ 00000001800138ac     libucrt:nlsdata.obj
 0002:000018b4       ??_C@_06JLEDEDGH@Monday?$AA@ 00000001800138b4     libucrt:nlsdata.obj
 0002:000018c0       ??_C@_07BAAGCFCM@Tuesday?$AA@ 00000001800138c0     libucrt:nlsdata.obj
 0002:000018c8       ??_C@_09DLIGFAKA@Wednesday?$AA@ 00000001800138c8     libucrt:nlsdata.obj
 0002:000018d8       ??_C@_08HACCIKIA@Thursday?$AA@ 00000001800138d8     libucrt:nlsdata.obj
 0002:000018e4       ??_C@_06JECMNKMI@Friday?$AA@ 00000001800138e4     libucrt:nlsdata.obj
 0002:000018f0       ??_C@_08INBOOONO@Saturday?$AA@ 00000001800138f0     libucrt:nlsdata.obj
 0002:000018fc       ??_C@_03JIHJHPIE@Jan?$AA@  00000001800138fc     libucrt:nlsdata.obj
 0002:00001900       ??_C@_03HJBDCHOM@Feb?$AA@  0000000180013900     libucrt:nlsdata.obj
 0002:00001904       ??_C@_03ODNJBKGA@Mar?$AA@  0000000180013904     libucrt:nlsdata.obj
 0002:00001908       ??_C@_03LEOLGMJP@Apr?$AA@  0000000180013908     libucrt:nlsdata.obj
 0002:0000190c       ??_C@_03CNMDKL@May?$AA@    000000018001390c     libucrt:nlsdata.obj
 0002:00001910       ??_C@_03IDFGHECI@Jun?$AA@  0000000180013910     libucrt:nlsdata.obj
 0002:00001914       ??_C@_03LBGABGKK@Jul?$AA@  0000000180013914     libucrt:nlsdata.obj
 0002:00001918       ??_C@_03IFJFEIGA@Aug?$AA@  0000000180013918     libucrt:nlsdata.obj
 0002:0000191c       ??_C@_03GGCAPAJC@Sep?$AA@  000000018001391c     libucrt:nlsdata.obj
 0002:00001920       ??_C@_03BMAOKBAD@Oct?$AA@  0000000180013920     libucrt:nlsdata.obj
 0002:00001924       ??_C@_03JPJOFNIA@Nov?$AA@  0000000180013924     libucrt:nlsdata.obj
 0002:00001928       ??_C@_03MKABNOCG@Dec?$AA@  0000000180013928     libucrt:nlsdata.obj
 0002:00001930       ??_C@_07CGJPFGJA@January?$AA@ 0000000180013930     libucrt:nlsdata.obj
 0002:00001938       ??_C@_08GNJGEPFN@February?$AA@ 0000000180013938     libucrt:nlsdata.obj
 0002:00001944       ??_C@_05HPCKOFNC@March?$AA@ 0000000180013944     libucrt:nlsdata.obj
 0002:0000194c       ??_C@_05DMJDNLEJ@April?$AA@ 000000018001394c     libucrt:nlsdata.obj
 0002:00001954       ??_C@_04CNLMGBGM@June?$AA@ 0000000180013954     libucrt:nlsdata.obj
 0002:0000195c       ??_C@_04MIEPOIFP@July?$AA@ 000000018001395c     libucrt:nlsdata.obj
 0002:00001964       ??_C@_06LBBHFDDG@August?$AA@ 0000000180013964     libucrt:nlsdata.obj
 0002:00001970       ??_C@_09BHHEALKD@September?$AA@ 0000000180013970     libucrt:nlsdata.obj
 0002:00001980       ??_C@_07JJNFCEND@October?$AA@ 0000000180013980     libucrt:nlsdata.obj
 0002:00001988       ??_C@_08HCHEGEOA@November?$AA@ 0000000180013988     libucrt:nlsdata.obj
 0002:00001998       ??_C@_08EDHMEBNP@December?$AA@ 0000000180013998     libucrt:nlsdata.obj
 0002:000019a4       ??_C@_02DEDBPAFC@AM?$AA@   00000001800139a4     libucrt:nlsdata.obj
 0002:000019a8       ??_C@_02CJNFDJBF@PM?$AA@   00000001800139a8     libucrt:nlsdata.obj
 0002:000019b0       ??_C@_08BPBNCDIB@MM?1dd?1yy?$AA@ 00000001800139b0     libucrt:nlsdata.obj
 0002:000019c0       ??_C@_0BE@CKGJFCPC@dddd?0?5MMMM?5dd?0?5yyyy?$AA@ 00000001800139c0     libucrt:nlsdata.obj
 0002:000019d8       ??_C@_08JCCMCCIL@HH?3mm?3ss?$AA@ 00000001800139d8     libucrt:nlsdata.obj
 0002:000019e8       ??_C@_17MBGCMIPB@?$AAS?$AAu?$AAn?$AA?$AA@ 00000001800139e8     libucrt:nlsdata.obj
 0002:000019f0       ??_C@_17KBOMKBF@?$AAM?$AAo?$AAn?$AA?$AA@ 00000001800139f0     libucrt:nlsdata.obj
 0002:000019f8       ??_C@_17BMKGEGOJ@?$AAT?$AAu?$AAe?$AA?$AA@ 00000001800139f8     libucrt:nlsdata.obj
 0002:00001a00       ??_C@_17CJEDCEPE@?$AAW?$AAe?$AAd?$AA?$AA@ 0000000180013a00     libucrt:nlsdata.obj
 0002:00001a08       ??_C@_17PDPHAADD@?$AAT?$AAh?$AAu?$AA?$AA@ 0000000180013a08     libucrt:nlsdata.obj
 0002:00001a10       ??_C@_17HFOLPPLP@?$AAF?$AAr?$AAi?$AA?$AA@ 0000000180013a10     libucrt:nlsdata.obj
 0002:00001a18       ??_C@_17GGIBDPIH@?$AAS?$AAa?$AAt?$AA?$AA@ 0000000180013a18     libucrt:nlsdata.obj
 0002:00001a20       ??_C@_1O@IHNHDHPB@?$AAS?$AAu?$AAn?$AAd?$AAa?$AAy?$AA?$AA@ 0000000180013a20     libucrt:nlsdata.obj
 0002:00001a30       ??_C@_1O@MMNBFLIA@?$AAM?$AAo?$AAn?$AAd?$AAa?$AAy?$AA?$AA@ 0000000180013a30     libucrt:nlsdata.obj
 0002:00001a40       ??_C@_1BA@ENFBFFEK@?$AAT?$AAu?$AAe?$AAs?$AAd?$AAa?$AAy?$AA?$AA@ 0000000180013a40     libucrt:nlsdata.obj
 0002:00001a50       ??_C@_1BE@EBOGMDOH@?$AAW?$AAe?$AAd?$AAn?$AAe?$AAs?$AAd?$AAa?$AAy?$AA?$AA@ 0000000180013a50     libucrt:nlsdata.obj
 0002:00001a68       ??_C@_1BC@HHMNLIHE@?$AAT?$AAh?$AAu?$AAr?$AAs?$AAd?$AAa?$AAy?$AA?$AA@ 0000000180013a68     libucrt:nlsdata.obj
 0002:00001a80       ??_C@_1O@PDICJHAG@?$AAF?$AAr?$AAi?$AAd?$AAa?$AAy?$AA?$AA@ 0000000180013a80     libucrt:nlsdata.obj
 0002:00001a90       ??_C@_1BC@ENMNNPAJ@?$AAS?$AAa?$AAt?$AAu?$AAr?$AAd?$AAa?$AAy?$AA?$AA@ 0000000180013a90     libucrt:nlsdata.obj
 0002:00001aa8       ??_C@_17DKNBKCHM@?$AAJ?$AAa?$AAn?$AA?$AA@ 0000000180013aa8     libucrt:nlsdata.obj
 0002:00001ab0       ??_C@_17LMDJEKJN@?$AAF?$AAe?$AAb?$AA?$AA@ 0000000180013ab0     libucrt:nlsdata.obj
 0002:00001ab8       ??_C@_17CKNLEDEC@?$AAM?$AAa?$AAr?$AA?$AA@ 0000000180013ab8     libucrt:nlsdata.obj
 0002:00001ac0       ??_C@_17LFPOIHDD@?$AAA?$AAp?$AAr?$AA?$AA@ 0000000180013ac0     libucrt:nlsdata.obj
 0002:00001ac8       ??_C@_17PNNKMEED@?$AAM?$AAa?$AAy?$AA?$AA@ 0000000180013ac8     libucrt:nlsdata.obj
 0002:00001ad0       ??_C@_17KCJGOCPB@?$AAJ?$AAu?$AAn?$AA?$AA@ 0000000180013ad0     libucrt:nlsdata.obj
 0002:00001ad8       ??_C@_17IJPCKHK@?$AAJ?$AAu?$AAl?$AA?$AA@ 0000000180013ad8     libucrt:nlsdata.obj
 0002:00001ae0       ??_C@_17ICPELBCN@?$AAA?$AAu?$AAg?$AA?$AA@ 0000000180013ae0     libucrt:nlsdata.obj
 0002:00001ae8       ??_C@_17HCHCOKMG@?$AAS?$AAe?$AAp?$AA?$AA@ 0000000180013ae8     libucrt:nlsdata.obj
 0002:00001af0       ??_C@_17FNLKOI@?$AAO?$AAc?$AAt?$AA?$AA@ 0000000180013af0     libucrt:nlsdata.obj
 0002:00001af8       ??_C@_17BBDMLCIG@?$AAN?$AAo?$AAv?$AA?$AA@ 0000000180013af8     libucrt:nlsdata.obj
 0002:00001b00       ??_C@_17EGKACKIF@?$AAD?$AAe?$AAc?$AA?$AA@ 0000000180013b00     libucrt:nlsdata.obj
 0002:00001b08       ??_C@_1BA@EFMEIEBA@?$AAJ?$AAa?$AAn?$AAu?$AAa?$AAr?$AAy?$AA?$AA@ 0000000180013b08     libucrt:nlsdata.obj
 0002:00001b18       ??_C@_1BC@JGDDFFAM@?$AAF?$AAe?$AAb?$AAr?$AAu?$AAa?$AAr?$AAy?$AA?$AA@ 0000000180013b18     libucrt:nlsdata.obj
 0002:00001b30       ??_C@_1M@IKEENEDF@?$AAM?$AAa?$AAr?$AAc?$AAh?$AA?$AA@ 0000000180013b30     libucrt:nlsdata.obj
 0002:00001b40       ??_C@_1M@GJNLMHFD@?$AAA?$AAp?$AAr?$AAi?$AAl?$AA?$AA@ 0000000180013b40     libucrt:nlsdata.obj
 0002:00001b50       ??_C@_19EPFLPGAP@?$AAJ?$AAu?$AAn?$AAe?$AA?$AA@ 0000000180013b50     libucrt:nlsdata.obj
 0002:00001b60       ??_C@_19BIFMLPCD@?$AAJ?$AAu?$AAl?$AAy?$AA?$AA@ 0000000180013b60     libucrt:nlsdata.obj
 0002:00001b70       ??_C@_1O@PAHLKOAC@?$AAA?$AAu?$AAg?$AAu?$AAs?$AAt?$AA?$AA@ 0000000180013b70     libucrt:nlsdata.obj
 0002:00001b80       ??_C@_1BE@DKAAMBJL@?$AAS?$AAe?$AAp?$AAt?$AAe?$AAm?$AAb?$AAe?$AAr?$AA?$AA@ 0000000180013b80     libucrt:nlsdata.obj
 0002:00001b98       ??_C@_1BA@EPANDLNG@?$AAO?$AAc?$AAt?$AAo?$AAb?$AAe?$AAr?$AA?$AA@ 0000000180013b98     libucrt:nlsdata.obj
 0002:00001ba8       ??_C@_1BC@BGLIFPF@?$AAN?$AAo?$AAv?$AAe?$AAm?$AAb?$AAe?$AAr?$AA?$AA@ 0000000180013ba8     libucrt:nlsdata.obj
 0002:00001bc0       ??_C@_1BC@FEMKIFH@?$AAD?$AAe?$AAc?$AAe?$AAm?$AAb?$AAe?$AAr?$AA?$AA@ 0000000180013bc0     libucrt:nlsdata.obj
 0002:00001bd4       ??_C@_15ODEHAHHF@?$AAA?$AAM?$AA?$AA@ 0000000180013bd4     libucrt:nlsdata.obj
 0002:00001bdc       ??_C@_15CLMNNGEL@?$AAP?$AAM?$AA?$AA@ 0000000180013bdc     libucrt:nlsdata.obj
 0002:00001be8       ??_C@_1BC@IEBCMHCM@?$AAM?$AAM?$AA?1?$AAd?$AAd?$AA?1?$AAy?$AAy?$AA?$AA@ 0000000180013be8     libucrt:nlsdata.obj
 0002:00001c00       ??_C@_1CI@KNAKOEBC@?$AAd?$AAd?$AAd?$AAd?$AA?0?$AA?5?$AAM?$AAM?$AAM?$AAM?$AA?5?$AAd?$AAd?$AA?0?$AA?5?$AAy?$AAy?$AAy?$AAy?$AA?$AA@ 0000000180013c00     libucrt:nlsdata.obj
 0002:00001c28       ??_C@_1BC@GDGBMEMK@?$AAH?$AAH?$AA?3?$AAm?$AAm?$AA?3?$AAs?$AAs?$AA?$AA@ 0000000180013c28     libucrt:nlsdata.obj
 0002:00001c40       ??_C@_1M@BMHNFIME@?$AAe?$AAn?$AA?9?$AAU?$AAS?$AA?$AA@ 0000000180013c40     libucrt:nlsdata.obj
 0002:00001cf0       ??_C@_1EG@CNNIPFIM@?$AAa?$AAp?$AAi?$AA?9?$AAm?$AAs?$AA?9?$AAw?$AAi?$AAn?$AA?9?$AAa?$AAp?$AAp?$AAm?$AAo?$AAd?$AAe?$AAl?$AA?9?$AAr?$AAu?$AAn?$AAt?$AAi?$AAm?$AAe?$AA?9?$AAl?$AA1?$AA?9?$AA1@ 0000000180013cf0     libucrt:winapi_thunks.obj
 0002:00001d40       ??_C@_1EA@JGEFHKEI@?$AAa?$AAp?$AAi?$AA?9?$AAm?$AAs?$AA?9?$AAw?$AAi?$AAn?$AA?9?$AAc?$AAo?$AAr?$AAe?$AA?9?$AAd?$AAa?$AAt?$AAe?$AAt?$AAi?$AAm?$AAe?$AA?9?$AAl?$AA1?$AA?9?$AA1?$AA?9?$AA1?$AA?$AA@ 0000000180013d40     libucrt:winapi_thunks.obj
 0002:00001d80       ??_C@_1DM@KHCHBNEB@?$AAa?$AAp?$AAi?$AA?9?$AAm?$AAs?$AA?9?$AAw?$AAi?$AAn?$AA?9?$AAc?$AAo?$AAr?$AAe?$AA?9?$AAf?$AAi?$AAb?$AAe?$AAr?$AAs?$AA?9?$AAl?$AA1?$AA?9?$AA1?$AA?9?$AA1?$AA?$AA@ 0000000180013d80     libucrt:winapi_thunks.obj
 0002:00001dc0       ??_C@_1DI@GCIAAENM@?$AAa?$AAp?$AAi?$AA?9?$AAm?$AAs?$AA?9?$AAw?$AAi?$AAn?$AA?9?$AAc?$AAo?$AAr?$AAe?$AA?9?$AAf?$AAi?$AAl?$AAe?$AA?9?$AAl?$AA2?$AA?9?$AA1?$AA?9?$AA1?$AA?$AA@ 0000000180013dc0     libucrt:winapi_thunks.obj
 0002:00001e00       ??_C@_1EI@MPIAOHOC@?$AAa?$AAp?$AAi?$AA?9?$AAm?$AAs?$AA?9?$AAw?$AAi?$AAn?$AA?9?$AAc?$AAo?$AAr?$AAe?$AA?9?$AAl?$AAo?$AAc?$AAa?$AAl?$AAi?$AAz?$AAa?$AAt?$AAi?$AAo?$AAn?$AA?9?$AAl?$AA1?$AA?9@ 0000000180013e00     libucrt:winapi_thunks.obj
 0002:00001e50       ??_C@_1FK@FPHCKFIE@?$AAa?$AAp?$AAi?$AA?9?$AAm?$AAs?$AA?9?$AAw?$AAi?$AAn?$AA?9?$AAc?$AAo?$AAr?$AAe?$AA?9?$AAl?$AAo?$AAc?$AAa?$AAl?$AAi?$AAz?$AAa?$AAt?$AAi?$AAo?$AAn?$AA?9?$AAo?$AAb?$AAs@ 0000000180013e50     libucrt:winapi_thunks.obj
 0002:00001eb0       ??_C@_1EM@DILCGIIO@?$AAa?$AAp?$AAi?$AA?9?$AAm?$AAs?$AA?9?$AAw?$AAi?$AAn?$AA?9?$AAc?$AAo?$AAr?$AAe?$AA?9?$AAp?$AAr?$AAo?$AAc?$AAe?$AAs?$AAs?$AAt?$AAh?$AAr?$AAe?$AAa?$AAd?$AAs?$AA?9?$AAl@ 0000000180013eb0     libucrt:winapi_thunks.obj
 0002:00001f00       ??_C@_1DM@LNCGDDPN@?$AAa?$AAp?$AAi?$AA?9?$AAm?$AAs?$AA?9?$AAw?$AAi?$AAn?$AA?9?$AAc?$AAo?$AAr?$AAe?$AA?9?$AAs?$AAt?$AAr?$AAi?$AAn?$AAg?$AA?9?$AAl?$AA1?$AA?9?$AA1?$AA?9?$AA0?$AA?$AA@ 0000000180013f00     libucrt:winapi_thunks.obj
 0002:00001f40       ??_C@_1DK@LPPGFMPP@?$AAa?$AAp?$AAi?$AA?9?$AAm?$AAs?$AA?9?$AAw?$AAi?$AAn?$AA?9?$AAc?$AAo?$AAr?$AAe?$AA?9?$AAs?$AAy?$AAn?$AAc?$AAh?$AA?9?$AAl?$AA1?$AA?9?$AA2?$AA?9?$AA0?$AA?$AA@ 0000000180013f40     libucrt:winapi_thunks.obj
 0002:00001f80       ??_C@_1DO@FPAPJEMD@?$AAa?$AAp?$AAi?$AA?9?$AAm?$AAs?$AA?9?$AAw?$AAi?$AAn?$AA?9?$AAc?$AAo?$AAr?$AAe?$AA?9?$AAs?$AAy?$AAs?$AAi?$AAn?$AAf?$AAo?$AA?9?$AAl?$AA1?$AA?9?$AA2?$AA?9?$AA1?$AA?$AA@ 0000000180013f80     libucrt:winapi_thunks.obj
[...]
 0004:00000918       $pdata$__acrt_uninitialize_locks 0000000180027918     libucrt:locks.obj
 0004:00000924       $pdata$?try_get_function@@YAPEAXW4function_id@?A0x63058377@@QEBDQEBW4module_id@2@2@Z 0000000180027924     libucrt:winapi_thunks.obj
 0004:00000930       $pdata$__acrt_FlsAlloc     0000000180027930     libucrt:winapi_thunks.obj
 0004:0000093c       $pdata$__acrt_FlsFree      000000018002793c     libucrt:winapi_thunks.obj
 0004:00000948       $pdata$__acrt_FlsGetValue  0000000180027948     libucrt:winapi_thunks.obj
 0004:00000954       $pdata$__acrt_FlsSetValue  0000000180027954     libucrt:winapi_thunks.obj
 0004:00000960       $pdata$__acrt_InitializeCriticalSectionEx 0000000180027960     libucrt:winapi_thunks.obj
 0004:0000096c       $pdata$__acrt_LCMapStringEx 000000018002796c     libucrt:winapi_thunks.obj
 0004:00000978       $pdata$__acrt_LocaleNameToLCID 0000000180027978     libucrt:winapi_thunks.obj
 0004:00000984       $pdata$__acrt_initialize_winapi_thunks 0000000180027984     libucrt:winapi_thunks.obj
 0004:00000990       $pdata$__acrt_is_packaged_app 0000000180027990     libucrt:winapi_thunks.obj
 0004:0000099c       $pdata$__acrt_uninitialize_winapi_thunks 000000018002799c     libucrt:winapi_thunks.obj
 0004:000009a8       $pdata$_calloc_base        00000001800279a8     libucrt:calloc_base.obj
 0004:000009b4       $pdata$??$common_expand_argv_wildcards@D@@YAHQEAPEADQEAPEAPEAD@Z 00000001800279b4     libucrt:argv_wildcards.obj
 0004:000009c0       $pdata$??$copy_and_add_argument_to_buffer@D@@YAHQEBD0_KAEAV?$argument_list@D@?A0xca0879c4@@@Z 00000001800279c0     libucrt:argv_wildcards.obj
 0004:000009cc       $pdata$??$expand_argument_wildcards@D@@YAHQEAD0AEAV?$argument_list@D@?A0xca0879c4@@@Z 00000001800279cc     libucrt:argv_wildcards.obj
 0004:000009d8       $pdata$?expand_if_necessary@?$argument_list@D@?A0xca0879c4@@AEAAHXZ 00000001800279d8     libucrt:argv_wildcards.obj
 0004:000009e4       $pdata$??$?RV<lambda_99476a1ad63dd22509b5d3e65b0ffc95>@@AEAV<lambda_ad1ced32f4ac17aa236e5ef05d6b3b7c>@@V<lambda_f7424dd8d45958661754dc4f2697e9c3>@@@?$__crt_seh_guarded_call@X@@QEAAX$$QEAV<lambda_99476a1ad63dd22509b5d3e65b0ffc95>@@AEAV<lambda_ad1ced32f4ac17aa236e5ef05d6b3b7c>@@$$QEAV<lambda_f7424dd8d45958661754dc4f2697e9c3>@@@Z 00000001800279e4     libucrt:mbctype.obj
 0004:000009f0       $pdata$??R<lambda_ad1ced32f4ac17aa236e5ef05d6b3b7c>@@QEBAXXZ 00000001800279f0     libucrt:mbctype.obj
 0004:000009fc       $pdata$?getSystemCP@@YAHH@Z 00000001800279fc     libucrt:mbctype.obj
 0004:00000a08       $pdata$?setSBCS@@YAXPEAU__crt_multibyte_data@@@Z 0000000180027a08     libucrt:mbctype.obj
 0004:00000a14       $pdata$?setSBUpLow@@YAXPEAU__crt_multibyte_data@@@Z 0000000180027a14     libucrt:mbctype.obj
 0004:00000a20       $pdata$?setmbcp_internal@@YAHH_N@Z 0000000180027a20     libucrt:mbctype.obj
 0004:00000a2c       $pdata$__acrt_initialize_multibyte 0000000180027a2c     libucrt:mbctype.obj
 0004:00000a38       $pdata$__acrt_update_thread_multibyte_data 0000000180027a38     libucrt:mbctype.obj
 0004:00000a44       $pdata$_setmbcp_nolock     0000000180027a44     libucrt:mbctype.obj
 0004:00000a50       $pdata$?x_ismbbtype_l@@YAHPEAU__crt_locale_pointers@@IHH@Z 0000000180027a50     libucrt:ismbbyte.obj
 0004:00000a5c       $pdata$__acrt_initialize_command_line 0000000180027a5c     libucrt:argv_data.obj
 0004:00000a68       $pdata$__dcrt_get_narrow_environment_from_os 0000000180027a68     libucrt:get_environment_from_os.obj
 0004:00000a74       $pdata$_recalloc_base      0000000180027a74     libucrt:recalloc.obj
 0004:00000a80       $pdata$__acrt_initialize_heap 0000000180027a80     libucrt:heap_handle.obj
 0004:00000a8c       $pdata$__acrt_execute_initializers 0000000180027a8c     libucrt:shared_initialization.obj
 0004:00000a98       $pdata$__acrt_execute_uninitializers 0000000180027a98     libucrt:shared_initialization.obj
 0004:00000aa4       $pdata$_callnewh           0000000180027aa4     libucrt:new_handler.obj
 0004:00000ab0       $pdata$_query_new_handler  0000000180027ab0     libucrt:new_handler.obj
 0004:00000abc       $pdata$??$?RV<lambda_c36588078e9f5dfd39652860aa6b3aaf>@@AEAV<lambda_ec61778202f4f5fc7e7711acc23c3bca>@@V<lambda_dc9d2797ccde5d239b4a0efae8ebd7db>@@@?$__crt_seh_guarded_call@P6AXH@Z@@QEAAP6AXH@Z$$QEAV<lambda_c36588078e9f5dfd39652860aa6b3aaf>@@AEAV<lambda_ec61778202f4f5fc7e7711acc23c3bca>@@$$QEAV<lambda_dc9d2797ccde5d239b4a0efae8ebd7db>@@@Z 0000000180027abc     libucrt:signal.obj
 0004:00000ac8       $pdata$__acrt_get_sigabrt_handler 0000000180027ac8     libucrt:signal.obj
 0004:00000ad4       $pdata$raise               0000000180027ad4     libucrt:signal.obj
 0004:00000ae0       $pdata$__acrt_invoke_user_matherr 0000000180027ae0     libucrt:matherr.obj
 0004:00000aec       $pdata$__pctype_func       0000000180027aec     libucrt:ctype.obj
 0004:00000af8       $pdata$_isctype_l          0000000180027af8     libucrt:isctype.obj
 0004:00000b04       $pdata$_isleadbyte_l       0000000180027b04     libucrt:_wctype.obj
 0004:00000b10       $pdata$?__acrt_LCMapStringA_stat@@YAHPEAU__crt_locale_pointers@@PEB_WKPEBDHPEADHHH@Z 0000000180027b10     libucrt:lcmapstringa.obj
 0004:00000b1c       $pdata$__acrt_LCMapStringA 0000000180027b1c     libucrt:lcmapstringa.obj
 0004:00000b28       $pdata$__acrt_free_locale  0000000180027b28     libucrt:locale_refcounting.obj
 0004:00000b34       $pdata$__acrt_locale_free_lc_time_if_unreferenced 0000000180027b34     libucrt:locale_refcounting.obj
 0004:00000b40       $pdata$__acrt_release_locale_ref 0000000180027b40     libucrt:locale_refcounting.obj
 0004:00000b4c       $pdata$__acrt_update_thread_locale_data 0000000180027b4c     libucrt:locale_refcounting.obj
 0004:00000b58       $pdata$_updatetlocinfoEx_nolock 0000000180027b58     libucrt:locale_refcounting.obj
 0004:00000b64       $pdata$__acrt_fp_strflt_to_string 0000000180027b64     libucrt:_fptostr.obj
 0004:00000b70       $pdata$?divide@__crt_strtox@@YA_KAEAUbig_integer@1@AEBU21@@Z 0000000180027b70     libucrt:cfout.obj
 0004:00000b7c       $pdata$5$?divide@__crt_strtox@@YA_KAEAUbig_integer@1@AEBU21@@Z 0000000180027b7c     libucrt:cfout.obj
 0004:00000b88       $pdata$6$?divide@__crt_strtox@@YA_KAEAUbig_integer@1@AEBU21@@Z 0000000180027b88     libucrt:cfout.obj
 0004:00000b94       $pdata$__acrt_fltout       0000000180027b94     libucrt:cfout.obj
 0004:00000ba0       $pdata$memcpy_s            0000000180027ba0     libucrt:cfout.obj
 0004:00000bac       $pdata$_fcloseall          0000000180027bac     libucrt:closeall.obj
 0004:00000bb8       $pdata$__acrt_stdio_flush_nolock 0000000180027bb8     libucrt:fflush.obj
 0004:00000bc4       $pdata$_fflush_nolock      0000000180027bc4     libucrt:fflush.obj
 0004:00000bd0       $pdata$common_flush_all    0000000180027bd0     libucrt:fflush.obj
 0004:00000bdc       $pdata$__acrt_stdio_free_buffer_nolock 0000000180027bdc     libucrt:_freebuf.obj
 0004:00000be8       $pdata$_isatty             0000000180027be8     libucrt:isatty.obj
 0004:00000bf4       $pdata$__acrt_locale_free_monetary 0000000180027bf4     libucrt:initmon.obj
 0004:00000c00       $pdata$__acrt_locale_free_numeric 0000000180027c00     libucrt:initnum.obj
 0004:00000c0c       $pdata$?free_crt_array_internal@@YAXQEAPEBX_K@Z 0000000180027c0c     libucrt:inittime.obj
 0004:00000c18       $pdata$__acrt_locale_free_time 0000000180027c18     libucrt:inittime.obj
 0004:00000c24       $pdata$__acrt_GetStringTypeA 0000000180027c24     libucrt:getstringtypea.obj
 0004:00000c30       $pdata$__acrt_lowio_create_handle_array 0000000180027c30     libucrt:osfinfo.obj
 0004:00000c3c       $pdata$__acrt_lowio_destroy_handle_array 0000000180027c3c     libucrt:osfinfo.obj
 0004:00000c48       $pdata$__acrt_lowio_ensure_fh_exists 0000000180027c48     libucrt:osfinfo.obj
 0004:00000c54       $pdata$_free_osfhnd        0000000180027c54     libucrt:osfinfo.obj
 0004:00000c60       $pdata$_get_osfhandle      0000000180027c60     libucrt:osfinfo.obj
 0004:00000c6c       $pdata$?GetTableIndexFromLocaleName@@YAHPEB_W@Z 0000000180027c6c     libucrt:lcidtoname_downlevel.obj
 0004:00000c78       $pdata$__acrt_DownlevelLocaleNameToLCID 0000000180027c78     libucrt:lcidtoname_downlevel.obj
 0004:00000c84       $pdata$?shortsort@@YAXPEAD0_KP6AHPEBX2@Z@Z 0000000180027c84     libucrt:qsort.obj
 0004:00000c90       $pdata$2$?shortsort@@YAXPEAD0_KP6AHPEBX2@Z@Z 0000000180027c90     libucrt:qsort.obj
 0004:00000c9c       $pdata$3$?shortsort@@YAXPEAD0_KP6AHPEBX2@Z@Z 0000000180027c9c     libucrt:qsort.obj
 0004:00000ca8       $pdata$qsort               0000000180027ca8     libucrt:qsort.obj
 0004:00000cb4       $pdata$4$qsort             0000000180027cb4     libucrt:qsort.obj
 0004:00000cc0       $pdata$5$qsort             0000000180027cc0     libucrt:qsort.obj
 0004:00000ccc       $pdata$strncpy_s           0000000180027ccc     libucrt:strncpy_s.obj
 0004:00000cd8       $pdata$strpbrk             0000000180027cd8     libucrt:strpbrk.obj
 0004:00000ce4       $pdata$_mbsdec_l           0000000180027ce4     libucrt:mbsdec.obj
 0004:00000cf0       $pdata$?initialize_multibyte@@YAHXZ 0000000180027cf0     libucrt:multibyte_initializer.obj
 0004:00000cfc       $pdata$_msize              0000000180027cfc     libucrt:msize.obj
 0004:00000d08       $pdata$_realloc_base       0000000180027d08     libucrt:realloc_base.obj
 0004:00000d14       $pdata$fegetenv            0000000180027d14     libucrt:fegetenv.obj
 0004:00000d20       $pdata$fesetenv            0000000180027d20     libucrt:fesetenv.obj
 0004:00000d2c       $pdata$feholdexcept        0000000180027d2c     libucrt:feholdexcept.obj
 0004:00000d44       $pdata$?write_double_translated_ansi_nolock@@YA?AUwrite_result@?A0x9c548279@@HQEBDI@Z 0000000180027d44     libucrt:write.obj
 0004:00000d50       $pdata$?write_text_ansi_nolock@@YA?AUwrite_result@?A0x9c548279@@HQEBDI@Z 0000000180027d50     libucrt:write.obj
 0004:00000d5c       $pdata$?write_text_utf16le_nolock@@YA?AUwrite_result@?A0x9c548279@@HQEBDI@Z 0000000180027d5c     libucrt:write.obj
 0004:00000d68       $pdata$?write_text_utf8_nolock@@YA?AUwrite_result@?A0x9c548279@@HQEBDI@Z 0000000180027d68     libucrt:write.obj
 0004:00000d74       $pdata$_write              0000000180027d74     libucrt:write.obj
 0004:00000d80       $pdata$_write_nolock       0000000180027d80     libucrt:write.obj
 0004:00000d8c       $pdata$??$common_lseek_nolock@_J@@YA_JH_JH@Z 0000000180027d8c     libucrt:lseek.obj
 0004:00000d98       $pdata$_fclose_nolock      0000000180027d98     libucrt:fclose.obj
 0004:00000da4       $pdata$fclose              0000000180027da4     libucrt:fclose.obj
 0004:00000db0       $pdata$??$?RV<lambda_b521505b218e5242e90febf6bfebc422>@@AEAV<lambda_6978c1fb23f02e42e1d9e99668cc68aa>@@V<lambda_314360699dd331753a4119843814e9a7>@@@?$__crt_seh_guarded_call@H@@QEAAH$$QEAV<lambda_b521505b218e5242e90febf6bfebc422>@@AEAV<lambda_6978c1fb23f02e42e1d9e99668cc68aa>@@$$QEAV<lambda_314360699dd331753a4119843814e9a7>@@@Z 0000000180027db0     libucrt:commit.obj
 0004:00000dbc       $pdata$_commit             0000000180027dbc     libucrt:commit.obj
 0004:00000dc8       $pdata$_getfpcontrolword   0000000180027dc8     libucrt:_fenvutils.obj
 0004:00000dd4       $pdata$_getfpstatusword    0000000180027dd4     libucrt:_fenvutils.obj
 0004:00000de0       $pdata$_setfpstatusword    0000000180027de0     libucrt:_fenvutils.obj
 0004:00000dec       $pdata$_clearfp            0000000180027dec     libucrt:ieee.obj
 0004:00000df8       $pdata$common_control87    0000000180027df8     libucrt:ieee.obj
 0004:00000e04       $pdata$_call_matherr       0000000180027e04     libucrt:libm_error.obj
 0004:00000e10       $pdata$_exception_enabled  0000000180027e10     libucrt:libm_error.obj
 0004:00000e1c       $pdata$_handle_error       0000000180027e1c     libucrt:libm_error.obj
 0004:00000e28       $pdata$__acrt_initialize_fma3 0000000180027e28     libucrt:fma3_available.obj
 0004:00000e34       $pdata$_log10_special      0000000180027e34     libucrt:log_special.obj
 0004:00000e40       $pdata$_log_special_common 0000000180027e40     libucrt:log_special.obj
 0004:00000e4c       $pdata$_putwch_nolock      0000000180027e4c     libucrt:putwch.obj
 0004:00000e58       $pdata$??$?RV<lambda_bfedae4ebbf01fab1bb6dcc6a9e276e0>@@AEAV<lambda_2fe9b910cf3cbf4a0ab98a02ba45b3ec>@@V<lambda_237c231691f317818eb88cc1d5d642d6>@@@?$__crt_seh_guarded_call@H@@QEAAH$$QEAV<lambda_bfedae4ebbf01fab1bb6dcc6a9e276e0>@@AEAV<lambda_2fe9b910cf3cbf4a0ab98a02ba45b3ec>@@$$QEAV<lambda_237c231691f317818eb88cc1d5d642d6>@@@Z 0000000180027e58     libucrt:close.obj
 0004:00000e64       $pdata$_close              0000000180027e64     libucrt:close.obj
 0004:00000e70       $pdata$_close_nolock       0000000180027e70     libucrt:close.obj
 0004:00000e88       $pdata$_raise_exc          0000000180027e88     libucrt:fpexcept.obj
 0004:00000e94       $pdata$_raise_exc_ex       0000000180027e94     libucrt:fpexcept.obj
 0004:00000ea0       $pdata$_set_errno_from_matherr 0000000180027ea0     libucrt:fpexcept.obj
 0004:00000eac       $pdata$_clrfp              0000000180027eac     libucrt:fpctrl.obj
 0004:00000eb8       $pdata$_ctrlfp             0000000180027eb8     libucrt:fpctrl.obj
 0004:00000ec4       $pdata$_set_statfp         0000000180027ec4     libucrt:fpctrl.obj
 0004:00000ed0       $pdata$_statfp             0000000180027ed0     libucrt:fpctrl.obj
 0004:00000edc       $pdata$__dcrt_lowio_initialize_console_output 0000000180027edc     libucrt:initcon.obj
 0004:00000ee8       $pdata$__dcrt_terminate_console_output 0000000180027ee8     libucrt:initcon.obj
 0004:00000ef4       $pdata$_IsNonwritableInCurrentImage 0000000180027ef4     LIBCMT:pesect.obj
 0004:00000f24       $pdata$?fin$0@?0??dllmain_crt_process_attach@@YAHQEAUHINSTANCE__@@QEAX@Z@4HA 0000000180027f24     LIBCMT:dll_dllmain.obj
 0004:00000f30       $pdata$?fin$0@?0??dllmain_crt_process_detach@@YAH_N@Z@4HA 0000000180027f30     LIBCMT:dll_dllmain.obj
 0004:00000f3c       $pdata$?filt$0@?0??dllmain_dispatch@@YAHQEAUHINSTANCE__@@KQEAX@Z@4HA 0000000180027f3c     LIBCMT:dll_dllmain.obj
 0004:00000f48       $pdata$__scrt_is_nonwritable_in_current_image$filt$0 0000000180027f48     LIBCMT:utility.obj
 0004:00000f54       $pdata$__DestructExceptionObject$filt$0 0000000180027f54     libvcruntime:ehhelpers.obj
 0004:00000f60       $pdata$?filt$0@?0??common_exit@@YAXHW4_crt_exit_cleanup_mode@@W4_crt_exit_return_mode@@@Z@4HA 0000000180027f60     libucrt:exit.obj
 0004:00000f6c       $pdata$?fin$1@?0??common_exit@@YAXHW4_crt_exit_cleanup_mode@@W4_crt_exit_return_mode@@@Z@4HA 0000000180027f6c     libucrt:exit.obj
 0004:00000f78       $pdata$?fin$0@?0???$?RV<lambda_e24bbb7b643b32fcea6fa61b31d4c984>@@AEAV<lambda_275893d493268fdec8709772e3fcec0e>@@V<lambda_9d71df4d7cf3f480f8d633942495c3b0>@@@?$__crt_seh_guarded_call@H@@QEAAH$$QEAV<lambda_e24bbb7b643b32fcea6fa61b31d4c984>@@AEAV<lambda_275893d493268fdec8709772e3fcec0e>@@$$QEAV<lambda_9d71df4d7cf3f480f8d633942495c3b0>@@@Z@4HA 0000000180027f78     libucrt:onexit.obj
 0004:00000f84       $pdata$?fin$0@?0???$?RV<lambda_72d1df2b273a38828b1ce30cbf4cdab5>@@AEAV<lambda_876a65b173b8412d3a47c70a915b0cf4>@@V<lambda_41932305e351933ebe8f8be3ed8bb5dc>@@@?$__crt_seh_guarded_call@X@@QEAAX$$QEAV<lambda_72d1df2b273a38828b1ce30cbf4cdab5>@@AEAV<lambda_876a65b173b8412d3a47c70a915b0cf4>@@$$QEAV<lambda_41932305e351933ebe8f8be3ed8bb5dc>@@@Z@4HA 0000000180027f84     libucrt:per_thread_data.obj
 0004:00000f84       $pdata$?fin$0@?0???$?RV<lambda_5e887d1dcbef67a5eb4283622ba103bf>@@AEAV<lambda_4466841279450cc726390878d4a41900>@@V<lambda_341c25c0346d94847f1f3c463c57e077>@@@?$__crt_seh_guarded_call@X@@QEAAX$$QEAV<lambda_5e887d1dcbef67a5eb4283622ba103bf>@@AEAV<lambda_4466841279450cc726390878d4a41900>@@$$QEAV<lambda_341c25c0346d94847f1f3c463c57e077>@@@Z@4HA 0000000180027f84     libucrt:per_thread_data.obj
 0004:00000f84       $pdata$?fin$0@?0???$?RV<lambda_c36588078e9f5dfd39652860aa6b3aaf>@@AEAV<lambda_ec61778202f4f5fc7e7711acc23c3bca>@@V<lambda_dc9d2797ccde5d239b4a0efae8ebd7db>@@@?$__crt_seh_guarded_call@P6AXH@Z@@QEAAP6AXH@Z$$QEAV<lambda_c36588078e9f5dfd39652860aa6b3aaf>@@AEAV<lambda_ec61778202f4f5fc7e7711acc23c3bca>@@$$QEAV<lambda_dc9d2797ccde5d239b4a0efae8ebd7db>@@@Z@4HA 0000000180027f84     libucrt:signal.obj
 0004:00000f84       $pdata$?fin$0@?0???$?RV<lambda_99476a1ad63dd22509b5d3e65b0ffc95>@@AEAV<lambda_ad1ced32f4ac17aa236e5ef05d6b3b7c>@@V<lambda_f7424dd8d45958661754dc4f2697e9c3>@@@?$__crt_seh_guarded_call@X@@QEAAX$$QEAV<lambda_99476a1ad63dd22509b5d3e65b0ffc95>@@AEAV<lambda_ad1ced32f4ac17aa236e5ef05d6b3b7c>@@$$QEAV<lambda_f7424dd8d45958661754dc4f2697e9c3>@@@Z@4HA 0000000180027f84     libucrt:mbctype.obj
 0004:00000f84       $pdata$?fin$0@?0???$?RV<lambda_46352004c1216016012b18bd6f87e700>@@AEAV<lambda_3bd07e1a1191394380780325891bf33f>@@V<lambda_334532d3f185bcaa59b5be82d7d22bff>@@@?$__crt_seh_guarded_call@X@@QEAAX$$QEAV<lambda_46352004c1216016012b18bd6f87e700>@@AEAV<lambda_3bd07e1a1191394380780325891bf33f>@@$$QEAV<lambda_334532d3f185bcaa59b5be82d7d22bff>@@@Z@4HA 0000000180027f84     libucrt:per_thread_data.obj
 0004:00000f84       $pdata$?fin$0@?0???$?RV<lambda_fb3a7dec4e47f37f22dae91bb15c9095>@@AEAV<lambda_698284760c8add0bfb0756c19673e34b>@@V<lambda_dfb8eca1e75fef3034a8fb18dd509707>@@@?$__crt_seh_guarded_call@X@@QEAAX$$QEAV<lambda_fb3a7dec4e47f37f22dae91bb15c9095>@@AEAV<lambda_698284760c8add0bfb0756c19673e34b>@@$$QEAV<lambda_dfb8eca1e75fef3034a8fb18dd509707>@@@Z@4HA 0000000180027f84     libucrt:per_thread_data.obj
 0004:00000f90       $pdata$__acrt_uninitialize_locale$fin$0 0000000180027f90     libucrt:wsetlocale.obj
 0004:00000f90       $pdata$__acrt_update_thread_locale_data$fin$0 0000000180027f90     libucrt:locale_refcounting.obj
 0004:00000f9c       $pdata$__acrt_initialize_lowio$fin$0 0000000180027f9c     libucrt:ioinit.obj
 0004:00000f9c       $pdata$__acrt_lowio_ensure_fh_exists$fin$0 0000000180027f9c     libucrt:osfinfo.obj
 0004:00000fa8       $pdata$__acrt_update_thread_multibyte_data$fin$0 0000000180027fa8     libucrt:mbctype.obj
 0004:00000fb4       $pdata$_query_new_handler$fin$0 0000000180027fb4     libucrt:new_handler.obj
 0004:00000fc0       $pdata$raise$fin$0         0000000180027fc0     libucrt:signal.obj
 0004:00000fcc       $pdata$_fcloseall$fin$0    0000000180027fcc     libucrt:closeall.obj
 0004:00000fd8       $pdata$common_flush_all$fin$0 0000000180027fd8     libucrt:fflush.obj
 0004:00000fe4       $pdata$common_flush_all$fin$1 0000000180027fe4     libucrt:fflush.obj
 0004:00000ff0       $pdata$_write$fin$0        0000000180027ff0     libucrt:write.obj
 0004:00000ffc       $pdata$fclose$fin$0        0000000180027ffc     libucrt:fclose.obj
 0004:00001008       $pdata$?fin$0@?0???$?RV<lambda_b521505b218e5242e90febf6bfebc422>@@AEAV<lambda_6978c1fb23f02e42e1d9e99668cc68aa>@@V<lambda_314360699dd331753a4119843814e9a7>@@@?$__crt_seh_guarded_call@H@@QEAAH$$QEAV<lambda_b521505b218e5242e90febf6bfebc422>@@AEAV<lambda_6978c1fb23f02e42e1d9e99668cc68aa>@@$$QEAV<lambda_314360699dd331753a4119843814e9a7>@@@Z@4HA 0000000180028008     libucrt:commit.obj
 0004:00001008       $pdata$?fin$0@?0???$?RV<lambda_bfedae4ebbf01fab1bb6dcc6a9e276e0>@@AEAV<lambda_2fe9b910cf3cbf4a0ab98a02ba45b3ec>@@V<lambda_237c231691f317818eb88cc1d5d642d6>@@@?$__crt_seh_guarded_call@H@@QEAAH$$QEAV<lambda_bfedae4ebbf01fab1bb6dcc6a9e276e0>@@AEAV<lambda_2fe9b910cf3cbf4a0ab98a02ba45b3ec>@@$$QEAV<lambda_237c231691f317818eb88cc1d5d642d6>@@@Z@4HA 0000000180028008     libucrt:close.obj
 0004:00001014       $pdata$_ctrlfp$filt$0      0000000180028014     libucrt:fpctrl.obj
 0004:00001014       $pdata$common_control87$filt$0 0000000180028014     libucrt:ieee.obj
 0004:00001020       $pdata$_IsNonwritableInCurrentImage$filt$0 0000000180028020     LIBCMT:pesect.obj
 0005:000000a0       $R000000                   00000001800290a0     gdip.res
 0005:000003a8       $R000308                   00000001800293a8     gdip.res
