 gdi+

 Timestamp is 5d2b8711 (Sun Jul 14 22:48:33 2019)

 Preferred load address is 10000000

 Start         Length     Name                   Class
 0001:00000000 0001006dH .text$mn                CODE
 0001:0001006d 00000000H .text$x                 CODE
 0002:00000000 00000180H .idata$5                DATA
 0002:00000180 00000004H .00cfg                  DATA
 0002:00000184 00000004H .CRT$XCA                DATA
 0002:00000188 00000004H .CRT$XCZ                DATA
 0002:0000018c 00000004H .CRT$XIA                DATA
 0002:00000190 0000000cH .CRT$XIC                DATA
 0002:0000019c 00000004H .CRT$XIZ                DATA
 0002:000001a0 00000004H .CRT$XPA                DATA
 0002:000001a4 00000008H .CRT$XPX                DATA
 0002:000001ac 00000004H .CRT$XPXA               DATA
 0002:000001b0 00000004H .CRT$XPZ                DATA
 0002:000001b4 00000004H .CRT$XTA                DATA
 0002:000001b8 00000008H .CRT$XTZ                DATA
 0002:000001bc 00000000H .gfids$x                DATA
 0002:000001bc 00000000H .gfids$y                DATA
 0002:000001c0 000057e0H .rdata                  DATA
 0002:00005998 00000000H .rdata$r                DATA
 0002:000059a0 0000000cH .rdata$sxdata           DATA
 0002:000059ac 000002e0H .rdata$zzzdbg           DATA
 0002:00005c8c 00000004H .rtc$IAA                DATA
 0002:00005c90 00000004H .rtc$IZZ                DATA
 0002:00005c94 00000004H .rtc$TAA                DATA
 0002:00005c98 00000008H .rtc$TZZ                DATA
 0002:00005ca0 000003b0H .xdata$x                DATA
 0002:00006050 00000094H .edata                  DATA
 0002:000060e4 00000050H .idata$2                DATA
 0002:00006134 00000014H .idata$3                DATA
 0002:00006148 00000180H .idata$4                DATA
 0002:000062c8 00000684H .idata$6                DATA
 0003:00000000 00000770H .data                   DATA
 0003:00000770 00000000H .data$r                 DATA
 0003:00000770 00008228H .bss                    DATA
 0004:00000000 000000a0H .rsrc$01                DATA
 0004:000000a0 00000488H .rsrc$02                DATA

  Address         Publics by Value              Rva+Base       Lib:Object

 0000:00000000       ___guard_iat_count         00000000     <absolute>
 0000:00000000       ___guard_longjmp_count     00000000     <absolute>
 0000:00000000       __except_list              00000000     <absolute>
 0000:00000000       ___guard_fids_count        00000000     <absolute>
 0000:00000000       ___guard_longjmp_table     00000000     <absolute>
 0000:00000000       ___hybrid_code_map_count   00000000     <absolute>
 0000:00000000       ___hybrid_auxiliary_iat    00000000     <absolute>
 0000:00000000       ___dynamic_value_reloc_table 00000000     <absolute>
 0000:00000000       ___guard_fids_table        00000000     <absolute>
 0000:00000000       ___guard_iat_table         00000000     <absolute>
 0000:00000000       ___volatile_metadata       00000000     <absolute>
 0000:00000000       ___enclave_config          00000000     <absolute>
 0000:00000000       ___hybrid_code_map         00000000     <absolute>
 0000:00000003       ___safe_se_handler_count   00000003     <absolute>
 0000:00000100       ___guard_flags             00000100     <absolute>
 0000:00000000       ___ImageBase               10000000     <linker-defined>
 0001:00000000       ?CET_Cancel@@YGXPAX@Z      10001000 f   gdip.obj
 0001:0000001d       ?CET_Done@@YGXPAUCET_Init@@@Z 1000101d f   gdip.obj
 0001:00000044       ?CET_Free@@YGXPAUCET_LoadInfo@@@Z 10001044 f   gdip.obj
 0001:000000a0       ?CET_Init@@YGHPAU0@@Z      100010a0 f   gdip.obj
 0001:00000111       ?CET_Load@@YGHPAUCET_LoadInfo@@@Z 10001111 f   gdip.obj
 0001:00000384       ?CalculateShowSize@GDIPlusImage@@QAEXAAH0000@Z 10001384 f i gdip.obj
 0001:0000056f       ?Close@GDIPlusData@@QAEXXZ 1000156f f i gdip.obj
 0001:000005ae       ?Close@GDIPlusDecoder@@QAEXXZ 100015ae f i gdip.obj
 0001:0000064f       ?Close@GDIPlusImage@@QAEXXZ 1000164f f i gdip.obj
 0001:000006ab       ?DrawImageAbortCallback@GDIPlusImage@@SGHPAUGDIPlusDecoder@@@Z 100016ab f i gdip.obj
 0001:000006c0       ?FreeThreadProc@GDIPlusDecoder@@SGKPAX@Z 100016c0 f i gdip.obj
 0001:000006df       ?GetExifTagValueAsInt@GDIPlusImage@@QAE_NKAAH@Z 100016df f i gdip.obj
 0001:00000787       ?GetPageBits@GDIPlusImage@@QAE_NPAUCET_LoadInfo@@@Z 10001787 f i gdip.obj
 0001:00000b89       ?Init@GDIPlusDecoder@@QAE_NPAUCET_Init@@@Z 10001b89 f i gdip.obj
 0001:00000d93       ?Open@GDIPlusImage@@QAE_N_NPB_WPBE_JU_COORD@@@Z 10001d93 f i gdip.obj
 0001:000010b7       ?OpenBitmapFromFile@GDIPlusImage@@QAEPAVGpImage@Gdiplus@@PB_WU_COORD@@@Z 100020b7 f i gdip.obj
 0001:000010fd       ?SelectPage@GDIPlusImage@@QAE_NI@Z 100020fd f i gdip.obj
 0001:0000119e       ??2@YAPAXI@Z               1000219e f   common-kernel32:Memory.obj
 0001:000011cb       ??3@YAXPAX@Z               100021cb f   common-kernel32:Memory.obj
 0001:000011e5       ??_U@YAPAXI@Z              100021e5 f   common-kernel32:Memory.obj
 0001:000011ff       ??_V@YAXPAX@Z              100021ff f   common-kernel32:Memory.obj
 0001:00001219       ?HeapDeinitialize@@YAXXZ   10002219 f   common-kernel32:Memory.obj
 0001:0000126f       ?HeapInitialize@@YA_NXZ    1000226f f   common-kernel32:Memory.obj
 0001:0000129d       ?xf_free@@YAXPAXPBDH@Z     1000229d f   common-kernel32:Memory.obj
 0001:000012f3       ?xf_malloc@@YAPAXIPBDH@Z   100022f3 f   common-kernel32:Memory.obj
 0001:00001360       ?xf_set_tag@@YAXPAXPBDH_N@Z 10002360 f   common-kernel32:Memory.obj
 0001:000013dc       ??$sprintf_c@$0CI@@@YAHAAY0CI@DPBDZZ 100023dc f i common-kernel32:WThreads.obj
 0001:000013f2       ?SetThreadName@@YAXKPAD@Z  100023f2 f   common-kernel32:WThreads.obj
 0001:0000144b       ?StringCchVPrintfA@@YGJPADIPBD0@Z 1000244b f i common-kernel32:WThreads.obj
 0001:000014a0       ?apiCreateThread@@YAPAXP6GKPAX@Z0PAKPBDH@Z 100024a0 f   common-kernel32:WThreads.obj
 0001:00001598       ?apiTerminateThreadEx@@YAHPAXKPBDH@Z 10002598 f   common-kernel32:WThreads.obj
 0001:0000166c       ?apiThreadHelper@@YGKPAX@Z 1000266c f   common-kernel32:WThreads.obj
 0001:000017f8       ___local_stdio_printf_options 100027f8 f i common-kernel32:WThreads.obj
 0001:000017fe       __vsnprintf_l              100027fe f i common-kernel32:WThreads.obj
 0001:00001830       ?sprintf_c@@YAHPADHPBDZZ   10002830 f   common-kernel32:MStrSafe.obj
 0001:00001853       ___raise_securityfailure   10002853 f   LIBCMT:gs_report.obj
 0001:0000187b       ___report_gsfailure        1000287b f   LIBCMT:gs_report.obj
 0001:00001974       ___report_rangecheckfailure 10002974 f   LIBCMT:gs_report.obj
 0001:00001980       ___report_securityfailure  10002980 f   LIBCMT:gs_report.obj
 0001:00001a4e       @__security_check_cookie@4 10002a4e f   LIBCMT:secchk.obj
 0001:00001a60       __alldiv                   10002a60 f   LIBCMT:lldiv.obj
 0001:00001b10       __allmul                   10002b10 f   LIBCMT:llmul.obj
 0001:00001b50       __aulldiv                  10002b50 f   LIBCMT:ulldiv.obj
 0001:00001ed8       __DllMainCRTStartup@12     10002ed8 f   LIBCMT:dll_dllmain.obj
 0001:00001efb       ??3@YAXPAXI@Z              10002efb f   LIBCMT:delete_scalar_size.obj
 0001:00001f10       __SEH_prolog4              10002f10 f   LIBCMT:sehprolg4.obj
 0001:00001f56       __SEH_epilog4              10002f56 f   LIBCMT:sehprolg4.obj
 0001:00001fbb       ___security_init_cookie    10002fbb f   LIBCMT:gs_support.obj
 0001:00002006       _DllMain@12                10003006 f   LIBCMT:dll_dllmain_stub.obj
 0001:0000200c       ?__scrt_initialize_type_info@@YAXXZ 1000300c f   LIBCMT:tncleanup.obj
 0001:00002018       ?__scrt_uninitialize_type_info@@YAXXZ 10003018 f   LIBCMT:tncleanup.obj
 0001:00002024       ___local_stdio_scanf_options 10003024 f i LIBCMT:default_local_stdio_options.obj
 0001:0000202a       ___scrt_initialize_default_local_stdio_options 1000302a f   LIBCMT:default_local_stdio_options.obj
 0001:0000208b       ___scrt_acquire_startup_lock 1000308b f   LIBCMT:utility.obj
 0001:000020bd       ___scrt_dllmain_after_initialize_c 100030bd f   LIBCMT:utility.obj
 0001:000020e8       ___scrt_dllmain_before_initialize_c 100030e8 f   LIBCMT:utility.obj
 0001:000020f6       ___scrt_dllmain_crt_thread_attach 100030f6 f   LIBCMT:utility.obj
 0001:00002115       ___scrt_dllmain_crt_thread_detach 10003115 f   LIBCMT:utility.obj
 0001:00002122       ___scrt_dllmain_exception_filter 10003122 f   LIBCMT:utility.obj
 0001:00002156       ___scrt_dllmain_uninitialize_c 10003156 f   LIBCMT:utility.obj
 0001:00002179       ___scrt_dllmain_uninitialize_critical 10003179 f   LIBCMT:utility.obj
 0001:00002186       ___scrt_initialize_crt     10003186 f   LIBCMT:utility.obj
 0001:000021bf       ___scrt_initialize_onexit_tables 100031bf f   LIBCMT:utility.obj
 0001:00002264       ___scrt_is_nonwritable_in_current_image 10003264 f   LIBCMT:utility.obj
 0001:000022f8       ___scrt_release_startup_lock 100032f8 f   LIBCMT:utility.obj
 0001:00002315       ___scrt_uninitialize_crt   10003315 f   LIBCMT:utility.obj
 0001:0000233d       ___scrt_get_dyn_tls_init_callback 1000333d f   LIBCMT:dyn_tls_init.obj
 0001:00002343       ___scrt_fastfail           10003343 f   LIBCMT:utility_desktop.obj
 0001:0000245d       __crt_debugger_hook        1000345d f   LIBCMT:utility_desktop.obj
 0001:00002465       __RTC_Initialize           10003465 f   LIBCMT:initsect.obj
 0001:00002491       __RTC_Terminate            10003491 f   LIBCMT:initsect.obj
 0001:000024bd       @_guard_check_icall_nop@4  100034bd f i LIBCMT:guard_support.obj
 0001:000024be       ___isa_available_init      100034be f   LIBCMT:cpu_disp.obj
 0001:00002655       __get_startup_argv_mode    10003655 f   LIBCMT:argv_mode.obj
 0001:00002659       ___scrt_is_ucrt_dll_in_use 10003659 f   LIBCMT:ucrt_detection.obj
 0001:00002665       _wcsrchr                   10003665 f   libvcruntime:wcsrchr.obj
 0001:00002710       _strrchr                   10003710 f   libvcruntime:strrchr.obj
 0001:00002850       _strchr                    10003850 f   libvcruntime:strchr.obj
 0001:000028be       ___from_strstr_to_strchr   100038be     libvcruntime:strchr.obj
 0001:000029c0       __except_handler4          100039c0 f   libvcruntime:chandler4.obj
 0001:00002b20       _memset                    10003b20 f   libvcruntime:memset.obj
 0001:00002c7a       ___std_type_info_destroy_list 10003c7a f   libvcruntime:std_type_info.obj
 0001:00002c9d       ___vcrt_initialize         10003c9d f   libvcruntime:initialization.obj
 0001:00002cc6       ___vcrt_thread_attach      10003cc6 f   libvcruntime:initialization.obj
 0001:00002cd1       ___vcrt_thread_detach      10003cd1 f   libvcruntime:initialization.obj
 0001:00002cdc       ___vcrt_uninitialize       10003cdc f   libvcruntime:initialization.obj
 0001:00002cfb       ___vcrt_uninitialize_critical 10003cfb f   libvcruntime:initialization.obj
 0001:00002d10       __local_unwind4            10003d10 f   libvcruntime:exsup4.obj
 0001:00002de8       __seh_longjmp_unwind4@4    10003de8 f   libvcruntime:exsup4.obj
 0001:00002e10       @_EH4_CallFilterFunc@8     10003e10 f   libvcruntime:exsup4.obj
 0001:00002e28       @_EH4_TransferToHandler@8  10003e28 f   libvcruntime:exsup4.obj
 0001:00002e44       @_EH4_GlobalUnwind2@8      10003e44 f   libvcruntime:exsup4.obj
 0001:00002e60       @_EH4_LocalUnwind@16       10003e60 f   libvcruntime:exsup4.obj
 0001:00002e77       ___except_validate_context_record 10003e77 f   libvcruntime:jbcxrval.obj
 0001:00002ea7       ___except_validate_jump_buffer 10003ea7 f   libvcruntime:jbcxrval.obj
 0001:00002ed4       ___vcrt_freefls@4          10003ed4 f   libvcruntime:per_thread_data.obj
 0001:00002ef0       ___vcrt_freeptd            10003ef0 f   libvcruntime:per_thread_data.obj
 0001:00002f26       ___vcrt_getptd_noexit      10003f26 f   libvcruntime:per_thread_data.obj
 0001:00002fb8       ___vcrt_initialize_ptd     10003fb8 f   libvcruntime:per_thread_data.obj
 0001:00002fee       ___vcrt_uninitialize_ptd   10003fee f   libvcruntime:per_thread_data.obj
 0001:00003009       ___vcrt_initialize_locks   10004009 f   libvcruntime:locks.obj
 0001:00003045       ___vcrt_uninitialize_locks 10004045 f   libvcruntime:locks.obj
 0001:00003074       ??$__crt_fast_encode_pointer@PAX@@YAPAXQAX@Z 10004074 f i libvcruntime:winapi_downlevel.obj
 0001:000031c4       ___vcrt_FlsAlloc           100041c4 f   libvcruntime:winapi_downlevel.obj
 0001:000031ff       ___vcrt_FlsFree            100041ff f   libvcruntime:winapi_downlevel.obj
 0001:0000323a       ___vcrt_FlsGetValue        1000423a f   libvcruntime:winapi_downlevel.obj
 0001:00003275       ___vcrt_FlsSetValue        10004275 f   libvcruntime:winapi_downlevel.obj
 0001:000032b3       ___vcrt_InitializeCriticalSectionEx 100042b3 f   libvcruntime:winapi_downlevel.obj
 0001:000032fa       ___vcrt_initialize_winapi_thunks 100042fa f   libvcruntime:winapi_downlevel.obj
 0001:00003323       ___vcrt_uninitialize_winapi_thunks 10004323 f   libvcruntime:winapi_downlevel.obj
 0001:00003355       ___vcrt_initialize_pure_virtual_call_handler 10004355 f   libvcruntime:purevirt_data.obj
 0001:00003360       __global_unwind2           10004360 f   libvcruntime:exsup.obj
 0001:000033c6       __local_unwind2            100043c6 f   libvcruntime:exsup.obj
 0001:0000344a       __abnormal_termination     1000444a f   libvcruntime:exsup.obj
 0001:00003470       __NLG_Notify1              10004470 f   libvcruntime:exsup.obj
 0001:0000347c       __NLG_Notify               1000447c f   libvcruntime:exsup.obj
 0001:00003493       __NLG_Dispatch2            10004493     libvcruntime:exsup.obj
 0001:00003493       __NLG_Dispatch             10004493     libvcruntime:exsup.obj
 0001:0000349b       __NLG_Call                 1000449b f   libvcruntime:exsup.obj
 0001:0000349d       __NLG_Return2              1000449d     libvcruntime:exsup.obj
 0001:000034a0       _memcpy                    100044a0 f   libvcruntime:memcpy.obj
 0001:00003a20       __CallSettingFrame@12      10004a20 f   libvcruntime:lowhelpr.obj
 0001:00003a47       __NLG_Return               10004a47     libvcruntime:lowhelpr.obj
 0001:00003a6c       ___DestructExceptionObject 10004a6c f   libvcruntime:ehhelpers.obj
 0001:00003b0c       ?_CallMemberFunction0@@YGXQAX0@Z 10004b0c f i libvcruntime:ehhelpers.obj
 0001:00003b20       _memmove                   10004b20 f   libvcruntime:memmove.obj
 0001:00004210       ??$count@D@formatting_buffer@__crt_stdio_output@@QBEIXZ 10005210 f i libucrt:output.obj
 0001:00004228       ??$ensure_buffer_is_big_enough@D@formatting_buffer@__crt_stdio_output@@QAE_NI@Z 10005228 f i libucrt:output.obj
 0001:000042ae       ??$is_wide_character_specifier@D@__crt_stdio_output@@YA_N_KDW4length_modifier@0@@Z 100052ae f i libucrt:output.obj
 0001:000042ee       ??$scratch_data@D@formatting_buffer@__crt_stdio_output@@QAEPADXZ 100052ee f i libucrt:output.obj
 0001:0000430c       ??$type_case_integer_parse_into_buffer@I@?$output_processor@DV?$string_output_adapter@D@__crt_stdio_output@@V?$standard_base@DV?$string_output_adapter@D@__crt_stdio_output@@@2@@__crt_stdio_output@@AAEXII_N@Z 1000530c f i libucrt:output.obj
 0001:00004381       ??$type_case_integer_parse_into_buffer@_K@?$output_processor@DV?$string_output_adapter@D@__crt_stdio_output@@V?$standard_base@DV?$string_output_adapter@D@__crt_stdio_output@@@2@@__crt_stdio_output@@AAEX_KI_N@Z 10005381 f i libucrt:output.obj
 0001:00004409       ??$write_multiple_characters@V?$string_output_adapter@D@__crt_stdio_output@@D@__crt_stdio_output@@YAXABV?$string_output_adapter@D@0@DHQAH@Z 10005409 f i libucrt:output.obj
 0001:00004435       ??0?$common_data@D@__crt_stdio_output@@IAE@XZ 10005435 f i libucrt:output.obj
 0001:0000447c       ??0?$output_adapter_data@DV?$string_output_adapter@D@__crt_stdio_output@@@__crt_stdio_output@@IAE@ABV?$string_output_adapter@D@1@_KQBDQAU__crt_locale_pointers@@QAD@Z 1000547c f i libucrt:output.obj
 0001:000044b8       ??0?$output_processor@DV?$string_output_adapter@D@__crt_stdio_output@@V?$standard_base@DV?$string_output_adapter@D@__crt_stdio_output@@@2@@__crt_stdio_output@@QAE@ABV?$string_output_adapter@D@1@_KQBDQAU__crt_locale_pointers@@QAD@Z 100054b8 f i libucrt:output.obj
 0001:000044ed       ??0_LocaleUpdate@@QAE@QAU__crt_locale_pointers@@@Z 100054ed f i libucrt:output.obj
 0001:00004570       ??1formatting_buffer@__crt_stdio_output@@QAE@XZ 10005570 f i libucrt:output.obj
 0001:0000458a       ??4?$__crt_unique_heap_ptr@DU__crt_internal_free_policy@@@@QAEAAV0@$$QAV0@@Z 1000558a f i libucrt:output.obj
 0001:000045ae       ?crop_zeroes@__crt_stdio_output@@YAXPADQAU__crt_locale_pointers@@@Z 100055ae f i libucrt:output.obj
 0001:00004605       ?find_next_state@?$output_processor@DV?$string_output_adapter@D@__crt_stdio_output@@V?$standard_base@DV?$string_output_adapter@D@__crt_stdio_output@@@2@@__crt_stdio_output@@ABE?AW4state@2@DW432@@Z 10005605 f i libucrt:output.obj
 0001:00004637       ?force_decimal_point@__crt_stdio_output@@YAXPADQAU__crt_locale_pointers@@@Z 10005637 f i libucrt:output.obj
 0001:00004693       ?parse_int_from_format_string@?$output_processor@DV?$string_output_adapter@D@__crt_stdio_output@@V?$standard_base@DV?$string_output_adapter@D@__crt_stdio_output@@@2@@__crt_stdio_output@@AAE_NQAH@Z 10005693 f i libucrt:output.obj
 0001:000046ef       ?process@?$output_processor@DV?$string_output_adapter@D@__crt_stdio_output@@V?$standard_base@DV?$string_output_adapter@D@__crt_stdio_output@@@2@@__crt_stdio_output@@QAEHXZ 100056ef f i libucrt:output.obj
 0001:0000480b       ?state_case_flag@?$output_processor@DV?$string_output_adapter@D@__crt_stdio_output@@V?$standard_base@DV?$string_output_adapter@D@__crt_stdio_output@@@2@@__crt_stdio_output@@AAE_NXZ 1000580b f i libucrt:output.obj
 0001:00004848       ?state_case_normal@?$output_processor@DV?$string_output_adapter@D@__crt_stdio_output@@V?$standard_base@DV?$string_output_adapter@D@__crt_stdio_output@@@2@@__crt_stdio_output@@AAE_NXZ 10005848 f i libucrt:output.obj
 0001:00004867       ?state_case_normal_common@?$output_processor@DV?$string_output_adapter@D@__crt_stdio_output@@V?$standard_base@DV?$string_output_adapter@D@__crt_stdio_output@@@2@@__crt_stdio_output@@AAE_NXZ 10005867 f i libucrt:output.obj
 0001:00004891       ?state_case_normal_tchar@?$output_processor@DV?$string_output_adapter@D@__crt_stdio_output@@V?$standard_base@DV?$string_output_adapter@D@__crt_stdio_output@@@2@@__crt_stdio_output@@AAE_ND@Z 10005891 f i libucrt:output.obj
 0001:000048f2       ?state_case_precision@?$output_processor@DV?$string_output_adapter@D@__crt_stdio_output@@V?$standard_base@DV?$string_output_adapter@D@__crt_stdio_output@@@2@@__crt_stdio_output@@AAE_NXZ 100058f2 f i libucrt:output.obj
 0001:0000491a       ?state_case_size@?$output_processor@DV?$string_output_adapter@D@__crt_stdio_output@@V?$standard_base@DV?$string_output_adapter@D@__crt_stdio_output@@@2@@__crt_stdio_output@@AAE_NXZ 1000591a f i libucrt:output.obj
 0001:00004a83       ?state_case_type@?$output_processor@DV?$string_output_adapter@D@__crt_stdio_output@@V?$standard_base@DV?$string_output_adapter@D@__crt_stdio_output@@@2@@__crt_stdio_output@@AAE_NXZ 10005a83 f i libucrt:output.obj
 0001:00004cb2       ?state_case_width@?$output_processor@DV?$string_output_adapter@D@__crt_stdio_output@@V?$standard_base@DV?$string_output_adapter@D@__crt_stdio_output@@@2@@__crt_stdio_output@@AAE_NXZ 10005cb2 f i libucrt:output.obj
 0001:00004cdd       ?to_integer_size@__crt_stdio_output@@YAIW4length_modifier@1@@Z 10005cdd f i libucrt:output.obj
 0001:00004d39       ?type_case_Z@?$output_processor@DV?$string_output_adapter@D@__crt_stdio_output@@V?$standard_base@DV?$string_output_adapter@D@__crt_stdio_output@@@2@@__crt_stdio_output@@AAE_NXZ 10005d39 f i libucrt:output.obj
 0001:00004d9c       ?type_case_a@?$output_processor@DV?$string_output_adapter@D@__crt_stdio_output@@V?$standard_base@DV?$string_output_adapter@D@__crt_stdio_output@@@2@@__crt_stdio_output@@AAE_NXZ 10005d9c f i libucrt:output.obj
 0001:00004ef6       ?type_case_c_tchar@?$output_processor@DV?$string_output_adapter@D@__crt_stdio_output@@V?$standard_base@DV?$string_output_adapter@D@__crt_stdio_output@@@2@@__crt_stdio_output@@AAE_ND@Z 10005ef6 f i libucrt:output.obj
 0001:00004f86       ?type_case_integer@?$output_processor@DV?$string_output_adapter@D@__crt_stdio_output@@V?$standard_base@DV?$string_output_adapter@D@__crt_stdio_output@@@2@@__crt_stdio_output@@AAE_NI_N@Z 10005f86 f i libucrt:output.obj
 0001:000050d0       ?type_case_n@?$output_processor@DV?$string_output_adapter@D@__crt_stdio_output@@V?$standard_base@DV?$string_output_adapter@D@__crt_stdio_output@@@2@@__crt_stdio_output@@AAE_NXZ 100060d0 f i libucrt:output.obj
 0001:00005144       ?type_case_o@?$output_processor@DV?$string_output_adapter@D@__crt_stdio_output@@V?$standard_base@DV?$string_output_adapter@D@__crt_stdio_output@@@2@@__crt_stdio_output@@AAE_NXZ 10006144 f i libucrt:output.obj
 0001:00005163       ?type_case_p@?$output_processor@DV?$string_output_adapter@D@__crt_stdio_output@@V?$standard_base@DV?$string_output_adapter@D@__crt_stdio_output@@@2@@__crt_stdio_output@@AAE_NXZ 10006163 f i libucrt:output.obj
 0001:0000517b       ?type_case_s@?$output_processor@DV?$string_output_adapter@D@__crt_stdio_output@@V?$standard_base@DV?$string_output_adapter@D@__crt_stdio_output@@@2@@__crt_stdio_output@@AAE_NXZ 1000617b f i libucrt:output.obj
 0001:000051ee       ?validate@?$string_output_adapter@D@__crt_stdio_output@@QBE_NXZ 100061ee f i libucrt:output.obj
 0001:000051ee       ?validate@?$c_string_character_source@D@__crt_strtox@@QBE_NXZ 100061ee f i libucrt:atox.obj
 0001:00005209       ?write_character@?$string_output_adapter@D@__crt_stdio_output@@QBE_NDQAH@Z 10006209 f i libucrt:output.obj
 0001:0000524b       ?write_stored_string_tchar@?$output_processor@DV?$string_output_adapter@D@__crt_stdio_output@@V?$standard_base@DV?$string_output_adapter@D@__crt_stdio_output@@@2@@__crt_stdio_output@@AAE_ND@Z 1000624b f i libucrt:output.obj
 0001:000052f2       ?write_string@?$string_output_adapter@D@__crt_stdio_output@@QBEXQBDHQAH1@Z 100062f2 f i libucrt:output.obj
 0001:00005385       ___stdio_common_vsprintf   10006385 f   libucrt:output.obj
 0001:000053a9       _wcsncmp                   100063a9 f   libucrt:wcsncmp.obj
 0001:000053e3       __initterm                 100063e3 f   libucrt:initterm.obj
 0001:0000543f       __initterm_e               1000643f f   libucrt:initterm.obj
 0001:00005484       __seh_filter_dll           10006484 f   libucrt:exception_filter.obj
 0001:000054a4       __seh_filter_exe           100064a4 f   libucrt:exception_filter.obj
 0001:00005832       ___acrt_initialize_thread_local_exit_callback 10006832 f   libucrt:exit.obj
 0001:00005841       __cexit                    10006841 f   libucrt:exit.obj
 0001:00005850       __exit                     10006850 f   libucrt:exit.obj
 0001:00005866       __is_c_termination_complete 10006866 f   libucrt:exit.obj
 0001:00005b05       ___acrt_allocate_buffer_for_argv 10006b05 f   libucrt:argv_parsing.obj
 0001:00005b5a       __configure_narrow_argv    10006b5a f   libucrt:argv_parsing.obj
 0001:00005cbe       ??$uninitialize@A6AXAAPAPA_W@Z@?$dual_state_global@PAPA_W@__crt_state_management@@QAEXA6AXAAPAPA_W@Z@Z 10006cbe f i libucrt:environment_initialization.obj
 0001:00005cbe       ??$uninitialize@A6AXAAPAPAD@Z@?$dual_state_global@PAPAD@__crt_state_management@@QAEXA6AXAAPAPAD@Z@Z 10006cbe f i libucrt:environment_initialization.obj
 0001:00005d34       ?initialize@?$dual_state_global@P6AHI@Z@__crt_state_management@@QAEXQ6AHI@Z@Z 10006d34 f i libucrt:new_handler.obj
 0001:00005d34       ?initialize@?$dual_state_global@P6AXH@Z@__crt_state_management@@QAEXQ6AXH@Z@Z 10006d34 f i libucrt:signal.obj
 0001:00005d34       ?initialize@?$dual_state_global@PAU__crt_locale_data@@@__crt_state_management@@QAEXQAU__crt_locale_data@@@Z 10006d34 f i libucrt:initialization.obj
 0001:00005d34       ?initialize@?$dual_state_global@P6AHPAU_exception@@@Z@__crt_state_management@@QAEXQ6AHPAU_exception@@@Z@Z 10006d34 f i libucrt:matherr.obj
 0001:00005d34       ?initialize@?$dual_state_global@P6AXPB_W00II@Z@__crt_state_management@@QAEXQ6AXPB_W00II@Z@Z 10006d34 f i libucrt:invalid_parameter.obj
 0001:00005d34       ?initialize@?$dual_state_global@PAPAD@__crt_state_management@@QAEXQAPAD@Z 10006d34 f i libucrt:environment_initialization.obj
 0001:00005d65       ___dcrt_uninitialize_environments_nolock 10006d65 f   libucrt:environment_initialization.obj
 0001:00005d9c       __initialize_narrow_environment 10006d9c f   libucrt:environment_initialization.obj
 0001:00005da1       ??$?RV<lambda_995298e7d72eb4c2aab26c0585b3abe5>@@AAV<lambda_275893d493268fdec8709772e3fcec0e>@@V<lambda_293819299cbf9a7022e18b56a874bb5c>@@@?$__crt_seh_guarded_call@H@@QAEH$$QAV<lambda_995298e7d72eb4c2aab26c0585b3abe5>@@AAV<lambda_275893d493268fdec8709772e3fcec0e>@@$$QAV<lambda_293819299cbf9a7022e18b56a874bb5c>@@@Z 10006da1 f i libucrt:onexit.obj
 0001:00005df2       ??$__acrt_lock_and_call@V<lambda_275893d493268fdec8709772e3fcec0e>@@@@YAHW4__acrt_lock_id@@$$QAV<lambda_275893d493268fdec8709772e3fcec0e>@@@Z 10006df2 f i libucrt:onexit.obj
 0001:00005f3a       __execute_onexit_table     10006f3a f   libucrt:onexit.obj
 0001:00005f57       __initialize_onexit_table  10006f57 f   libucrt:onexit.obj
 0001:00005fc0       ___acrt_uninitialize_command_line 10006fc0 f   libucrt:argv_data.obj
 0001:00006088       ___acrt_initialize         10007088 f   libucrt:initialization.obj
 0001:0000609a       ___acrt_thread_attach      1000709a f   libucrt:initialization.obj
 0001:000060a5       ___acrt_thread_detach      100070a5 f   libucrt:initialization.obj
 0001:000060ad       ___acrt_uninitialize       100070ad f   libucrt:initialization.obj
 0001:000060bf       ___acrt_uninitialize_critical 100070bf f   libucrt:initialization.obj
 0001:000060d1       _terminate                 100070d1 f   libucrt:terminate.obj
 0001:0000610d       _free                      1000710d f   libucrt:free.obj
 0001:00006112       _strcpy_s                  10007112 f   libucrt:strcpy_s.obj
 0001:0000616c       ??$is_overflow_condition@K@__crt_strtox@@YA_NIK@Z 1000716c f i libucrt:atox.obj
 0001:0000619f       ??$parse_integer@KV?$c_string_character_source@D@__crt_strtox@@@__crt_strtox@@YAKQAU__crt_locale_pointers@@V?$c_string_character_source@D@0@H_N@Z 1000719f f i libucrt:atox.obj
 0001:000063c7       ?unget@?$c_string_character_source@D@__crt_strtox@@QAEXD@Z 100073c7 f i libucrt:atox.obj
 0001:000063ef       __chvalidchk_l             100073ef f i libucrt:atox.obj
 0001:00006419       __ischartype_l             10007419 f i libucrt:atox.obj
 0001:00006450       _strncmp                   10007450 f   libucrt:strncmp.obj
 0001:000064c8       _abort                     100074c8 f   libucrt:abort.obj
 0001:0000650b       _calloc                    1000750b f   libucrt:calloc.obj
 0001:00006516       ___acrt_call_reportfault   10007516 f   libucrt:invalid_parameter.obj
 0001:00006651       ___acrt_initialize_invalid_parameter_handler 10007651 f   libucrt:invalid_parameter.obj
 0001:00006665       __invalid_parameter        10007665 f   libucrt:invalid_parameter.obj
 0001:000066e0       __invalid_parameter_noinfo 100076e0 f   libucrt:invalid_parameter.obj
 0001:000066f0       __invoke_watson            100076f0 f   libucrt:invalid_parameter.obj
 0001:00006723       __isdigit_l                10007723 f i libucrt:_ctype.obj
 0001:0000675b       _isdigit                   1000775b f i libucrt:_ctype.obj
 0001:000068ef       __tolower_l                100078ef f   libucrt:tolower_toupper.obj
 0001:00006909       _tolower                   10007909 f   libucrt:tolower_toupper.obj
 0001:00006939       ___acrt_errno_from_os_error 10007939 f   libucrt:errno.obj
 0001:0000697c       ___acrt_errno_map_os_error 1000797c f   libucrt:errno.obj
 0001:0000699f       ___doserrno                1000799f f   libucrt:errno.obj
 0001:000069b2       __errno                    100079b2 f   libucrt:errno.obj
 0001:000069c5       __free_base                100079c5 f   libucrt:free_base.obj
 0001:000069ff       __malloc_base              100079ff f   libucrt:malloc_base.obj
 0001:00006a4d       ??$make_c_string_character_source@DPAPAD@__crt_strtox@@YA?AV?$c_string_character_source@D@0@QBDQAPAD@Z 10007a4d f i libucrt:strtox.obj
 0001:00006a68       _strtol                    10007a68 f   libucrt:strtox.obj
 0001:00006a94       __mbtowc_l                 10007a94 f   libucrt:mbtowc.obj
 0001:00006b8e       _mbtowc                    10007b8e f   libucrt:mbtowc.obj
 0001:00006ba8       __wctomb_s_l               10007ba8 f   libucrt:wctomb.obj
 0001:00006cc9       _wctomb_s                  10007cc9 f   libucrt:wctomb.obj
 0001:00006ce6       _strnlen                   10007ce6 f   libucrt:strnlen.obj
 0001:00006e0d       _wcsnlen                   10007e0d f   libucrt:strnlen.obj
 0001:00006fc4       ??$?RV<lambda_3518db117f0e7cdb002338c5d3c47b6c>@@AAV<lambda_b2ea41f6bbb362cd97d94c6828d90b61>@@V<lambda_abdedf541bb04549bc734292b4a045d4>@@@?$__crt_seh_guarded_call@X@@QAEX$$QAV<lambda_3518db117f0e7cdb002338c5d3c47b6c>@@AAV<lambda_b2ea41f6bbb362cd97d94c6828d90b61>@@$$QAV<lambda_abdedf541bb04549bc734292b4a045d4>@@@Z 10007fc4 f i libucrt:per_thread_data.obj
 0001:00007014       ??$?RV<lambda_51b6e8b1eb166f2a3faf91f424b38130>@@AAV<lambda_6250bd4b2a391816dd638c3bf72b0bcb>@@V<lambda_0b5a4a3e68152e1d9b943535f5f47bed>@@@?$__crt_seh_guarded_call@X@@QAEX$$QAV<lambda_51b6e8b1eb166f2a3faf91f424b38130>@@AAV<lambda_6250bd4b2a391816dd638c3bf72b0bcb>@@$$QAV<lambda_0b5a4a3e68152e1d9b943535f5f47bed>@@@Z 10008014 f i libucrt:per_thread_data.obj
 0001:00007075       ??$?RV<lambda_5b71d36f03204c0beab531769a5b5694>@@AAV<lambda_be2b3da3f62db62e9dad5dc70221a656>@@V<lambda_8f9ce462984622f9bf76b59e2aaaf805>@@@?$__crt_seh_guarded_call@X@@QAEX$$QAV<lambda_5b71d36f03204c0beab531769a5b5694>@@AAV<lambda_be2b3da3f62db62e9dad5dc70221a656>@@$$QAV<lambda_8f9ce462984622f9bf76b59e2aaaf805>@@@Z 10008075 f i libucrt:per_thread_data.obj
 0001:000070c0       ??$?RV<lambda_9df27f884b057bc3edfc946cb5b7cf47>@@AAV<lambda_e69574bed617af4e071282c136b37893>@@V<lambda_cc0d902bcbbeb830f749456577db4721>@@@?$__crt_seh_guarded_call@X@@QAEX$$QAV<lambda_9df27f884b057bc3edfc946cb5b7cf47>@@AAV<lambda_e69574bed617af4e071282c136b37893>@@$$QAV<lambda_cc0d902bcbbeb830f749456577db4721>@@@Z 100080c0 f i libucrt:per_thread_data.obj
 0001:00007108       ??$__acrt_lock_and_call@V<lambda_6250bd4b2a391816dd638c3bf72b0bcb>@@@@YAXW4__acrt_lock_id@@$$QAV<lambda_6250bd4b2a391816dd638c3bf72b0bcb>@@@Z 10008108 f i libucrt:per_thread_data.obj
 0001:00007130       ??$__acrt_lock_and_call@V<lambda_b2ea41f6bbb362cd97d94c6828d90b61>@@@@YAXW4__acrt_lock_id@@$$QAV<lambda_b2ea41f6bbb362cd97d94c6828d90b61>@@@Z 10008130 f i libucrt:per_thread_data.obj
 0001:00007158       ??$__acrt_lock_and_call@V<lambda_be2b3da3f62db62e9dad5dc70221a656>@@@@YAXW4__acrt_lock_id@@$$QAV<lambda_be2b3da3f62db62e9dad5dc70221a656>@@@Z 10008158 f i libucrt:per_thread_data.obj
 0001:00007180       ??$__acrt_lock_and_call@V<lambda_e69574bed617af4e071282c136b37893>@@@@YAXW4__acrt_lock_id@@$$QAV<lambda_e69574bed617af4e071282c136b37893>@@@Z 10008180 f i libucrt:per_thread_data.obj
 0001:00007336       ___acrt_freeptd            10008336 f   libucrt:per_thread_data.obj
 0001:00007362       ___acrt_getptd             10008362 f   libucrt:per_thread_data.obj
 0001:000073e6       ___acrt_getptd_noexit      100083e6 f   libucrt:per_thread_data.obj
 0001:0000746b       ___acrt_initialize_ptd     1000846b f   libucrt:per_thread_data.obj
 0001:00007497       ___acrt_uninitialize_ptd   10008497 f   libucrt:per_thread_data.obj
 0001:000074b1       ___acrt_update_locale_info 100084b1 f   libucrt:locale_update.obj
 0001:000074de       ___acrt_update_multibyte_info 100084de f   libucrt:locale_update.obj
 0001:0000750b       ?__acrt_fp_classify@@YA?AW4__acrt_fp_class@@ABN@Z 1000850b f i libucrt:cvt.obj
 0001:00007577       ?__acrt_fp_is_negative@@YA_NABN@Z 10008577 f i libucrt:cvt.obj
 0001:00007dd6       ___acrt_fp_format          10008dd6 f   libucrt:cvt.obj
 0001:00007f20       __fileno                   10008f20 f   libucrt:fileno.obj
 0001:00007f46       ___acrt_initialize_stdio   10008f46 f   libucrt:_file.obj
 0001:0000800e       ___acrt_uninitialize_stdio 1000900e f   libucrt:_file.obj
 0001:0000805a       __lock_file                1000905a f   libucrt:_file.obj
 0001:0000806e       __unlock_file              1000906e f   libucrt:_file.obj
 0001:00008082       __get_printf_count_output  10009082 f   libucrt:printf_count_output.obj
 0001:00008097       ___acrt_set_locale_changed 10009097 f   libucrt:wsetlocale.obj
 0001:000080a2       ___acrt_uninitialize_locale 100090a2 f   libucrt:wsetlocale.obj
 0001:00008260       ___acrt_initialize_lowio   10009260 f   libucrt:ioinit.obj
 0001:000082b6       ___acrt_uninitialize_lowio 100092b6 f   libucrt:ioinit.obj
 0001:000082e2       ___acrt_initialize_locks   100092e2 f   libucrt:locks.obj
 0001:00008323       ___acrt_lock               10009323 f   libucrt:locks.obj
 0001:0000833a       ___acrt_uninitialize_locks 1000933a f   libucrt:locks.obj
 0001:0000836b       ___acrt_unlock             1000936b f   libucrt:locks.obj
 0001:00008499       ___acrt_FlsAlloc@4         10009499 f   libucrt:winapi_thunks.obj
 0001:000084ef       ___acrt_FlsFree@4          100094ef f   libucrt:winapi_thunks.obj
 0001:00008545       ___acrt_FlsGetValue@4      10009545 f   libucrt:winapi_thunks.obj
 0001:0000859b       ___acrt_FlsSetValue@8      1000959b f   libucrt:winapi_thunks.obj
 0001:000085f4       ___acrt_InitializeCriticalSectionEx@12 100095f4 f   libucrt:winapi_thunks.obj
 0001:00008656       ___acrt_LCMapStringEx@36   10009656 f   libucrt:winapi_thunks.obj
 0001:000086de       ___acrt_LocaleNameToLCID@8 100096de f   libucrt:winapi_thunks.obj
 0001:0000873a       ___acrt_initialize_winapi_thunks 1000973a f   libucrt:winapi_thunks.obj
 0001:00008760       ___acrt_is_packaged_app    10009760 f   libucrt:winapi_thunks.obj
 0001:000087e7       ___acrt_uninitialize_winapi_thunks 100097e7 f   libucrt:winapi_thunks.obj
 0001:0000881d       __calloc_base              1000981d f   libucrt:calloc_base.obj
 0001:00008c3c       ??1?$argument_list@D@?A0xb0e4b824@@QAE@XZ 10009c3c f i libucrt:argv_wildcards.obj
 0001:00008c61       ?append@?$argument_list@D@?A0xb0e4b824@@QAEHQAD@Z 10009c61 f i libucrt:argv_wildcards.obj
 0001:00008c96       ?expand_if_necessary@?$argument_list@D@?A0xb0e4b824@@AAEHXZ 10009c96 f i libucrt:argv_wildcards.obj
 0001:00008d1d       ___acrt_expand_narrow_argv_wildcards 10009d1d f   libucrt:argv_wildcards.obj
 0001:00008d28       ??$?RV<lambda_978dc153c237d78434369da87b74ff60>@@AAV<lambda_ad1ced32f4ac17aa236e5ef05d6b3b7c>@@V<lambda_4a8533e2866a575feecb8298ce776b0d>@@@?$__crt_seh_guarded_call@X@@QAEX$$QAV<lambda_978dc153c237d78434369da87b74ff60>@@AAV<lambda_ad1ced32f4ac17aa236e5ef05d6b3b7c>@@$$QAV<lambda_4a8533e2866a575feecb8298ce776b0d>@@@Z 10009d28 f i libucrt:mbctype.obj
 0001:00008d6b       ??$__acrt_lock_and_call@V<lambda_ad1ced32f4ac17aa236e5ef05d6b3b7c>@@@@YAXW4__acrt_lock_id@@$$QAV<lambda_ad1ced32f4ac17aa236e5ef05d6b3b7c>@@@Z 10009d6b f i libucrt:mbctype.obj
 0001:00009202       ___acrt_initialize_multibyte 1000a202 f   libucrt:mbctype.obj
 0001:00009220       ___acrt_update_thread_multibyte_data 1000a220 f   libucrt:mbctype.obj
 0001:000092c2       __setmbcp_nolock           1000a2c2 f   libucrt:mbctype.obj
 0001:0000958d       __ismbblead                1000a58d f   libucrt:ismbbyte.obj
 0001:000095a5       ___acrt_initialize_command_line 1000a5a5 f   libucrt:argv_data.obj
 0001:000095f5       ___dcrt_get_narrow_environment_from_os 1000a5f5 f   libucrt:get_environment_from_os.obj
 0001:00009678       __recalloc                 1000a678 f   libucrt:recalloc.obj
 0001:00009683       __recalloc_base            1000a683 f   libucrt:recalloc.obj
 0001:000096f0       ___acrt_initialize_heap    1000a6f0 f   libucrt:heap_handle.obj
 0001:00009701       ___acrt_uninitialize_heap  1000a701 f   libucrt:heap_handle.obj
 0001:0000970b       ___acrt_execute_initializers 1000a70b f   libucrt:shared_initialization.obj
 0001:0000978e       ___acrt_execute_uninitializers 1000a78e f   libucrt:shared_initialization.obj
 0001:000097db       ___acrt_initialize_new_handler 1000a7db f   libucrt:new_handler.obj
 0001:000097ef       __callnewh                 1000a7ef f   libucrt:new_handler.obj
 0001:00009833       __query_new_handler        1000a833 f   libucrt:new_handler.obj
 0001:00009885       ??$?RV<lambda_a048d3beccc847880fc8490e18b82769>@@AAV<lambda_ec61778202f4f5fc7e7711acc23c3bca>@@V<lambda_f7496a158712204296dd6628a163878e>@@@?$__crt_seh_guarded_call@P6AXH@Z@@QAEP6AXH@Z$$QAV<lambda_a048d3beccc847880fc8490e18b82769>@@AAV<lambda_ec61778202f4f5fc7e7711acc23c3bca>@@$$QAV<lambda_f7496a158712204296dd6628a163878e>@@@Z 1000a885 f i libucrt:signal.obj
 0001:000098df       ??$__acrt_lock_and_call@V<lambda_ec61778202f4f5fc7e7711acc23c3bca>@@@@YAP6AXH@ZW4__acrt_lock_id@@$$QAV<lambda_ec61778202f4f5fc7e7711acc23c3bca>@@@Z 1000a8df f i libucrt:signal.obj
 0001:00009971       ___acrt_get_sigabrt_handler 1000a971 f   libucrt:signal.obj
 0001:00009988       ___acrt_initialize_signal_handlers 1000a988 f   libucrt:signal.obj
 0001:000099c3       ___fpecode                 1000a9c3 f   libucrt:signal.obj
 0001:000099cc       _raise                     1000a9cc f   libucrt:signal.obj
 0001:00009bd4       ___acrt_has_user_matherr   1000abd4 f   libucrt:matherr.obj
 0001:00009bed       ___acrt_initialize_user_matherr 1000abed f   libucrt:matherr.obj
 0001:00009c01       ___acrt_invoke_user_matherr 1000ac01 f   libucrt:matherr.obj
 0001:00009c4a       ___pctype_func             1000ac4a f   libucrt:ctype.obj
 0001:00009c70       __isctype_l                1000ac70 f   libucrt:isctype.obj
 0001:00009d42       __isleadbyte_l             1000ad42 f i libucrt:_wctype.obj
 0001:00009f98       ___acrt_LCMapStringA       1000af98 f   libucrt:lcmapstringa.obj
 0001:00009fe3       __freea_crt                1000afe3 f i libucrt:lcmapstringa.obj
 0001:0000a003       __query_new_mode           1000b003 f   libucrt:new_mode.obj
 0001:0000a009       ___acrt_add_locale_ref     1000b009 f   libucrt:locale_refcounting.obj
 0001:0000a086       ___acrt_free_locale        1000b086 f   libucrt:locale_refcounting.obj
 0001:0000a1d0       ___acrt_locale_add_lc_time_reference 1000b1d0 f   libucrt:locale_refcounting.obj
 0001:0000a1f9       ___acrt_locale_free_lc_time_if_unreferenced 1000b1f9 f   libucrt:locale_refcounting.obj
 0001:0000a229       ___acrt_locale_release_lc_time_reference 1000b229 f   libucrt:locale_refcounting.obj
 0001:0000a252       ___acrt_release_locale_ref 1000b252 f   libucrt:locale_refcounting.obj
 0001:0000a2d3       ___acrt_update_thread_locale_data 1000b2d3 f   libucrt:locale_refcounting.obj
 0001:0000a34a       __updatetlocinfoEx_nolock  1000b34a f   libucrt:locale_refcounting.obj
 0001:0000a39a       ___acrt_fp_strflt_to_string 1000b39a f   libucrt:_fptostr.obj
 0001:0000a456       ??0scoped_fp_state_reset@?A0x48fbfdd4@@QAE@XZ 1000b456 f i libucrt:cfout.obj
 0001:0000a480       ?divide@__crt_strtox@@YA_KAAUbig_integer@1@ABU21@@Z 1000b480 f i libucrt:cfout.obj
 0001:0000a92e       ___acrt_fltout             1000b92e f   libucrt:cfout.obj
 0001:0000bcca       __fcloseall                1000ccca f   libucrt:closeall.obj
 0001:0000bd6a       ___acrt_stdio_flush_nolock 1000cd6a f   libucrt:fflush.obj
 0001:0000bdd0       __fflush_nolock            1000cdd0 f   libucrt:fflush.obj
 0001:0000be17       __flushall                 1000ce17 f   libucrt:fflush.obj
 0001:0000bef8       ___acrt_stdio_free_buffer_nolock 1000cef8 f   libucrt:_freebuf.obj
 0001:0000bf36       __isatty                   1000cf36 f   libucrt:isatty.obj
 0001:0000bf8c       ___acrt_locale_free_monetary 1000cf8c f   libucrt:initmon.obj
 0001:0000c08a       ___acrt_locale_free_numeric 1000d08a f   libucrt:initnum.obj
 0001:0000c12f       ___acrt_locale_free_time   1000d12f f   libucrt:inittime.obj
 0001:0000c213       ___acrt_GetStringTypeA     1000d213 f   libucrt:getstringtypea.obj
 0001:0000c330       ___acrt_lowio_create_handle_array 1000d330 f   libucrt:osfinfo.obj
 0001:0000c3aa       ___acrt_lowio_destroy_handle_array 1000d3aa f   libucrt:osfinfo.obj
 0001:0000c3df       ___acrt_lowio_ensure_fh_exists 1000d3df f   libucrt:osfinfo.obj
 0001:0000c477       ___acrt_lowio_lock_fh      1000d477 f   libucrt:osfinfo.obj
 0001:0000c49a       ___acrt_lowio_unlock_fh    1000d49a f   libucrt:osfinfo.obj
 0001:0000c4bd       __free_osfhnd              1000d4bd f   libucrt:osfinfo.obj
 0001:0000c54e       __get_osfhandle            1000d54e f   libucrt:osfinfo.obj
 0001:0000c674       ___acrt_DownlevelLocaleNameToLCID 1000d674 f   libucrt:lcidtoname_downlevel.obj
 0001:0000c780       _qsort                     1000d780 f   libucrt:qsort.obj
 0001:0000cbcb       _strncpy_s                 1000dbcb f   libucrt:strncpy_s.obj
 0001:0000cbe0       _strpbrk                   1000dbe0 f   libucrt:strpbrk.obj
 0001:0000cc20       __mbsdec                   1000dc20 f   libucrt:mbsdec.obj
 0001:0000cc37       __mbsdec_l                 1000dc37 f   libucrt:mbsdec.obj
 0001:0000ccd3       __msize                    1000dcd3 f   libucrt:msize.obj
 0001:0000cd06       __realloc_base             1000dd06 f   libucrt:realloc_base.obj
 0001:0000cd6f       ___strncnt                 1000dd6f f   libucrt:strncnt.obj
 0001:0000cd8b       _fegetenv                  1000dd8b f   libucrt:fegetenv.obj
 0001:0000cda8       _fesetenv                  1000dda8 f   libucrt:fesetenv.obj
 0001:0000cdf1       _feholdexcept              1000ddf1 f   libucrt:feholdexcept.obj
 0001:0000ce40       _log10                     1000de40 f   libucrt:log10.obj
 0001:0000ce80       __CIlog10                  1000de80 f   libucrt:log10.obj
 0001:0000cebb       __CIlog10_default          1000debb f   libucrt:log10.obj
 0001:0000cecf       __log10_default            1000decf     libucrt:log10.obj
 0001:0000cf90       _ceil                      1000df90 f   libucrt:ceil_pentium4.obj
 0001:0000cfd0       __ceil_pentium4            1000dfd0 f   libucrt:ceil_pentium4.obj
 0001:0000d63d       __write                    1000e63d f   libucrt:write.obj
 0001:0000d728       __write_nolock             1000e728 f   libucrt:write.obj
 0001:0000d9b2       __lseeki64_nolock          1000e9b2 f   libucrt:lseek.obj
 0001:0000d9cd       __fclose_nolock            1000e9cd f   libucrt:fclose.obj
 0001:0000da43       _fclose                    1000ea43 f   libucrt:fclose.obj
 0001:0000dac3       ??$?RV<lambda_61cee617f5178ae960314fd4d05640a0>@@AAV<lambda_6978c1fb23f02e42e1d9e99668cc68aa>@@V<lambda_9cd88cf8ad10232537feb2133f08c833>@@@?$__crt_seh_guarded_call@H@@QAEH$$QAV<lambda_61cee617f5178ae960314fd4d05640a0>@@AAV<lambda_6978c1fb23f02e42e1d9e99668cc68aa>@@$$QAV<lambda_9cd88cf8ad10232537feb2133f08c833>@@@Z 1000eac3 f i libucrt:commit.obj
 0001:0000db5b       ??$__acrt_lowio_lock_fh_and_call@V<lambda_6978c1fb23f02e42e1d9e99668cc68aa>@@@@YAHH$$QAV<lambda_6978c1fb23f02e42e1d9e99668cc68aa>@@@Z 1000eb5b f i libucrt:commit.obj
 0001:0000db83       __commit                   1000eb83 f   libucrt:commit.obj
 0001:0000dbf2       __query_app_type           1000ebf2 f   libucrt:report_runtime_error.obj
 0001:0000de9b       __getfpcontrolword         1000ee9b f   libucrt:_fenvutils.obj
 0001:0000dede       __getfpstatusword          1000eede f   libucrt:_fenvutils.obj
 0001:0000df86       __setfpcontrolword         1000ef86 f   libucrt:_fenvutils.obj
 0001:0000e006       __setfpstatusword          1000f006 f   libucrt:_fenvutils.obj
 0001:0000e086       __clearfp                  1000f086 f   libucrt:ieee87.obj
 0001:0000e164       ___acrt_initialize_sse2    1000f164 f   libucrt:mathfcns.obj
 0001:0000e180       __CIlog10_pentium4         1000f180 f   libucrt:log10_pentium4.obj
 0001:0000e198       __log10_pentium4           1000f198     libucrt:log10_pentium4.obj
 0001:0000e421       __fFEXP                    1000f421     libucrt:87tran.obj
 0001:0000e478       __rtinfpopse               1000f478     libucrt:87tran.obj
 0001:0000e47a       __rtinfnpopse              1000f47a     libucrt:87tran.obj
 0001:0000e48a       __fFLN                     1000f48a     libucrt:87tran.obj
 0001:0000e53f       __rtinfpop                 1000f53f     libucrt:87tran.obj
 0001:0000e541       __rtinfnpop                1000f541     libucrt:87tran.obj
 0001:0000e55e       __ffexpm1                  1000f55e     libucrt:87tran.obj
 0001:0000e610       __trandisp1                1000f610 f   libucrt:87disp.obj
 0001:0000e677       __trandisp2                1000f677 f   libucrt:87disp.obj
 0001:0000e703       __rttospopde               1000f703     libucrt:87disp.obj
 0001:0000e708       __rttospop                 1000f708     libucrt:87disp.obj
 0001:0000e70a       __rtnospop                 1000f70a     libucrt:87disp.obj
 0001:0000e70c       __rttosnpop                1000f70c     libucrt:87disp.obj
 0001:0000e70d       __rtnospopde               1000f70d     libucrt:87disp.obj
 0001:0000e714       __rtzeropop                1000f714     libucrt:87disp.obj
 0001:0000e716       __rtzeronpop               1000f716     libucrt:87disp.obj
 0001:0000e71b       __rtzerospop               1000f71b     libucrt:87disp.obj
 0001:0000e728       __rtonepop                 1000f728     libucrt:87disp.obj
 0001:0000e72a       __rtonenpop                1000f72a     libucrt:87disp.obj
 0001:0000e72f       __tosnan1                  1000f72f     libucrt:87disp.obj
 0001:0000e75a       __nosnan2                  1000f75a     libucrt:87disp.obj
 0001:0000e75c       __tosnan2                  1000f75c     libucrt:87disp.obj
 0001:0000e784       __nan2                     1000f784     libucrt:87disp.obj
 0001:0000e7c3       __rtindfpop                1000f7c3     libucrt:87disp.obj
 0001:0000e7c5       __rtindfnpop               1000f7c5     libucrt:87disp.obj
 0001:0000e7d6       __rttosnpopde              1000f7d6     libucrt:87disp.obj
 0001:0000e7e0       __rtatan2inf               1000f7e0     libucrt:87disp.obj
 0001:0000e7fd       __rtchsifneg               1000f7fd     libucrt:87disp.obj
 0001:0000e810       __twoToTOS                 1000f810 f   libucrt:common.obj
 0001:0000e825       __load_CW                  1000f825 f   libucrt:common.obj
 0001:0000e83c       __convertTOStoQNaN         1000f83c f   libucrt:common.obj
 0001:0000e855       __fload_withFB             1000f855 f   libucrt:common.obj
 0001:0000e898       __checkTOS_withFB          1000f898 f   libucrt:common.obj
 0001:0000e8ae       __fast_exit                1000f8ae f   libucrt:common.obj
 0001:0000e8bb       __math_exit                1000f8bb f   libucrt:common.obj
 0001:0000e8e5       __check_overflow_exit      1000f8e5 f   libucrt:common.obj
 0001:0000e8f9       __check_range_exit         1000f8f9 f   libucrt:common.obj
 0001:0000e9a0       __startTwoArgErrorHandling 1000f9a0 f   libucrt:genexcep.obj
 0001:0000e9b7       __startOneArgErrorHandling 1000f9b7 f   libucrt:genexcep.obj
 0001:0000e9f3       ___libm_error_support      1000f9f3 f   libucrt:libm_error.obj
 0001:0000ec0b       __ceil_default             1000fc0b f   libucrt:ceil.obj
 0001:0000ecc4       __putwch_nolock            1000fcc4 f   libucrt:putwch.obj
 0001:0000ed09       ??$?RV<lambda_123407a5e2ac06da108355a851863b7a>@@AAV<lambda_2fe9b910cf3cbf4a0ab98a02ba45b3ec>@@V<lambda_ae55bdf541ad94d75914d381c370e64d>@@@?$__crt_seh_guarded_call@H@@QAEH$$QAV<lambda_123407a5e2ac06da108355a851863b7a>@@AAV<lambda_2fe9b910cf3cbf4a0ab98a02ba45b3ec>@@$$QAV<lambda_ae55bdf541ad94d75914d381c370e64d>@@@Z 1000fd09 f i libucrt:close.obj
 0001:0000ed8b       ??$__acrt_lowio_lock_fh_and_call@V<lambda_2fe9b910cf3cbf4a0ab98a02ba45b3ec>@@@@YAHH$$QAV<lambda_2fe9b910cf3cbf4a0ab98a02ba45b3ec>@@@Z 1000fd8b f i libucrt:close.obj
 0001:0000edb3       __close                    1000fdb3 f   libucrt:close.obj
 0001:0000ee32       __close_nolock             1000fe32 f   libucrt:close.obj
 0001:0000eece       ?__acrt_stdio_free_stream@@YAXV__crt_stdio_stream@@@Z 1000fece f   libucrt:stream.obj
 0001:0000ef10       ___ascii_strnicmp          1000ff10 f   libucrt:_strnicm.obj
 0001:0000ef71       __clrfp                    1000ff71 f   libucrt:fpctrl.obj
 0001:0000ef84       __ctrlfp                   1000ff84 f   libucrt:fpctrl.obj
 0001:0000efb0       __set_statfp               1000ffb0 f   libucrt:fpctrl.obj
 0001:0000f00b       __statfp                   1001000b f   libucrt:fpctrl.obj
 0001:0000f01d       __d_inttype                1001001d f   libucrt:powhlp.obj
 0001:0000f087       __powhlp                   10010087 f   libucrt:powhlp.obj
 0001:0000f1b2       __87except                 100101b2 f   libucrt:87except.obj
 0001:0000f2bd       __frnd                     100102bd f   libucrt:frnd.obj
 0001:0000f2d3       __errcode                  100102d3 f   libucrt:fpexcept.obj
 0001:0000f307       __except1                  10010307 f   libucrt:fpexcept.obj
 0001:0000f3d5       __handle_exc               100103d5 f   libucrt:fpexcept.obj
 0001:0000f5b5       __raise_exc                100105b5 f   libucrt:fpexcept.obj
 0001:0000f5d8       __raise_exc_ex             100105d8 f   libucrt:fpexcept.obj
 0001:0000f8c9       __set_errno_from_matherr   100108c9 f   libucrt:fpexcept.obj
 0001:0000f8f8       __umatherr                 100108f8 f   libucrt:fpexcept.obj
 0001:0000f99a       __decomp                   1001099a f   libucrt:util.obj
 0001:0000fa6e       __set_exp                  10010a6e f   libucrt:util.obj
 0001:0000fa9d       __sptype                   10010a9d f   libucrt:util.obj
 0001:0000fafb       ___dcrt_lowio_initialize_console_output 10010afb f   libucrt:initcon.obj
 0001:0000fb1a       ___dcrt_terminate_console_output 10010b1a f   libucrt:initcon.obj
 0001:0000fb31       __fpclass                  10010b31 f   libucrt:ieeemisc.obj
 0001:0000fbd5       _IsProcessorFeaturePresent@4 10010bd5 f   kernel32:KERNEL32.dll
 0001:0000fbe0       __FindPESection            10010be0 f   LIBCMT:pesect.obj
 0001:0000fc30       __IsNonwritableInCurrentImage 10010c30 f   LIBCMT:pesect.obj
 0001:0000fcf0       __ValidateImageBase        10010cf0 f   LIBCMT:pesect.obj
 0001:0000fd30       __aulldvrm                 10010d30 f   LIBCMT:ulldvrm.obj
 0001:0000fdd0       __SEH_prolog4_GS           10010dd0 f   LIBCMT:sehprolg4gs.obj
 0001:0000fe19       __SEH_epilog4_GS           10010e19 f   LIBCMT:sehprolg4gs.obj
 0001:0000fe30       __alldvrm                  10010e30 f   LIBCMT:lldvrm.obj
 0001:0000ff10       __aullshr                  10010f10 f   LIBCMT:ullshr.obj
 0001:0000ff30       __alloca_probe_16          10010f30 f   LIBCMT:alloca16.obj
 0001:0000ff46       __alloca_probe_8           10010f46     LIBCMT:alloca16.obj
 0001:0000ff60       __allshl                   10010f60 f   LIBCMT:llshl.obj
 0001:0000ff80       __ftol2_sse                10010f80 f   LIBCMT:ftol2.obj
 0001:0000ff89       __ftol2_pentium4           10010f89 f   LIBCMT:ftol2.obj
 0001:0000ff9c       __ftol2_sse_excpt          10010f9c f   LIBCMT:ftol2.obj
 0001:0000ffc0       __ftol2                    10010fc0 f   LIBCMT:ftol2.obj
 0001:00010040       __alloca_probe             10011040 f   LIBCMT:chkstk.obj
 0001:00010040       __chkstk                   10011040 f   LIBCMT:chkstk.obj
 0002:00000000       __imp__SelectObject@8      10012000     gdi32:GDI32.dll
 0002:00000004       __imp__DeleteObject@4      10012004     gdi32:GDI32.dll
 0002:00000008       __imp__DeleteDC@4          10012008     gdi32:GDI32.dll
 0002:0000000c       __imp__CreateSolidBrush@4  1001200c     gdi32:GDI32.dll
 0002:00000010       __imp__CreateCompatibleDC@4 10012010     gdi32:GDI32.dll
 0002:00000014       __imp__CreateDIBSection@24 10012014     gdi32:GDI32.dll
 0002:00000018       \177GDI32_NULL_THUNK_DATA  10012018     gdi32:GDI32.dll
 0002:0000001c       __imp__WriteFile@20        1001201c     kernel32:KERNEL32.dll
 0002:00000020       __imp__CloseHandle@4       10012020     kernel32:KERNEL32.dll
 0002:00000024       __imp__lstrcpynW@12        10012024     kernel32:KERNEL32.dll
 0002:00000028       __imp__lstrcpyW@8          10012028     kernel32:KERNEL32.dll
 0002:0000002c       __imp__lstrcatW@8          1001202c     kernel32:KERNEL32.dll
 0002:00000030       __imp__lstrlenW@4          10012030     kernel32:KERNEL32.dll
 0002:00000034       __imp__LoadLibraryW@4      10012034     kernel32:KERNEL32.dll
 0002:00000038       __imp__WaitForSingleObject@8 10012038     kernel32:KERNEL32.dll
 0002:0000003c       __imp__GetTempFileNameW@16 1001203c     kernel32:KERNEL32.dll
 0002:00000040       __imp__CreateFileW@28      10012040     kernel32:KERNEL32.dll
 0002:00000044       __imp__DeleteFileW@4       10012044     kernel32:KERNEL32.dll
 0002:00000048       __imp__WriteConsoleW@20    10012048     kernel32:KERNEL32.dll
 0002:0000004c       __imp__DecodePointer@4     1001204c     kernel32:KERNEL32.dll
 0002:00000050       __imp__FlushFileBuffers@4  10012050     kernel32:KERNEL32.dll
 0002:00000054       __imp__GetLastError@0      10012054     kernel32:KERNEL32.dll
 0002:00000058       __imp__GetProcessHeap@0    10012058     kernel32:KERNEL32.dll
 0002:0000005c       __imp__HeapFree@12         1001205c     kernel32:KERNEL32.dll
 0002:00000060       __imp__HeapAlloc@12        10012060     kernel32:KERNEL32.dll
 0002:00000064       __imp__GetProcAddress@8    10012064     kernel32:KERNEL32.dll
 0002:00000068       __imp__GetTempPathW@8      10012068     kernel32:KERNEL32.dll
 0002:0000006c       __imp__FreeLibrary@4       1001206c     kernel32:KERNEL32.dll
 0002:00000070       __imp__SetFilePointerEx@20 10012070     kernel32:KERNEL32.dll
 0002:00000074       __imp__GetConsoleMode@8    10012074     kernel32:KERNEL32.dll
 0002:00000078       __imp__GetConsoleCP@0      10012078     kernel32:KERNEL32.dll
 0002:0000007c       __imp__HeapCreate@12       1001207c     kernel32:KERNEL32.dll
 0002:00000080       __imp__HeapDestroy@4       10012080     kernel32:KERNEL32.dll
 0002:00000084       __imp__HeapReAlloc@16      10012084     kernel32:KERNEL32.dll
 0002:00000088       __imp__HeapSize@12         10012088     kernel32:KERNEL32.dll
 0002:0000008c       __imp__GetCurrentThreadId@0 1001208c     kernel32:KERNEL32.dll
 0002:00000090       __imp__GetTickCount@0      10012090     kernel32:KERNEL32.dll
 0002:00000094       __imp__lstrcpynA@12        10012094     kernel32:KERNEL32.dll
 0002:00000098       __imp__RaiseException@16   10012098     kernel32:KERNEL32.dll
 0002:0000009c       __imp__CreateThread@24     1001209c     kernel32:KERNEL32.dll
 0002:000000a0       __imp__TerminateThread@8   100120a0     kernel32:KERNEL32.dll
 0002:000000a4       __imp__SetLastError@4      100120a4     kernel32:KERNEL32.dll
 0002:000000a8       __imp__ResumeThread@4      100120a8     kernel32:KERNEL32.dll
 0002:000000ac       __imp__IsDebuggerPresent@0 100120ac     kernel32:KERNEL32.dll
 0002:000000b0       __imp__DebugBreak@0        100120b0     kernel32:KERNEL32.dll
 0002:000000b4       __imp__UnhandledExceptionFilter@4 100120b4     kernel32:KERNEL32.dll
 0002:000000b8       __imp__SetUnhandledExceptionFilter@4 100120b8     kernel32:KERNEL32.dll
 0002:000000bc       __imp__GetCurrentProcess@0 100120bc     kernel32:KERNEL32.dll
 0002:000000c0       __imp__TerminateProcess@8  100120c0     kernel32:KERNEL32.dll
 0002:000000c4       __imp__IsProcessorFeaturePresent@4 100120c4     kernel32:KERNEL32.dll
 0002:000000c8       __imp__QueryPerformanceCounter@4 100120c8     kernel32:KERNEL32.dll
 0002:000000cc       __imp__GetCurrentProcessId@0 100120cc     kernel32:KERNEL32.dll
 0002:000000d0       __imp__GetSystemTimeAsFileTime@4 100120d0     kernel32:KERNEL32.dll
 0002:000000d4       __imp__InitializeSListHead@4 100120d4     kernel32:KERNEL32.dll
 0002:000000d8       __imp__GetStartupInfoW@4   100120d8     kernel32:KERNEL32.dll
 0002:000000dc       __imp__GetModuleHandleW@4  100120dc     kernel32:KERNEL32.dll
 0002:000000e0       __imp__InterlockedFlushSList@4 100120e0     kernel32:KERNEL32.dll
 0002:000000e4       __imp__RtlUnwind@16        100120e4     kernel32:KERNEL32.dll
 0002:000000e8       __imp__EnterCriticalSection@4 100120e8     kernel32:KERNEL32.dll
 0002:000000ec       __imp__LeaveCriticalSection@4 100120ec     kernel32:KERNEL32.dll
 0002:000000f0       __imp__DeleteCriticalSection@4 100120f0     kernel32:KERNEL32.dll
 0002:000000f4       __imp__InitializeCriticalSectionAndSpinCount@8 100120f4     kernel32:KERNEL32.dll
 0002:000000f8       __imp__TlsAlloc@0          100120f8     kernel32:KERNEL32.dll
 0002:000000fc       __imp__TlsGetValue@4       100120fc     kernel32:KERNEL32.dll
 0002:00000100       __imp__TlsSetValue@8       10012100     kernel32:KERNEL32.dll
 0002:00000104       __imp__TlsFree@4           10012104     kernel32:KERNEL32.dll
 0002:00000108       __imp__LoadLibraryExW@12   10012108     kernel32:KERNEL32.dll
 0002:0000010c       __imp__ExitProcess@4       1001210c     kernel32:KERNEL32.dll
 0002:00000110       __imp__GetModuleHandleExW@12 10012110     kernel32:KERNEL32.dll
 0002:00000114       __imp__GetModuleFileNameA@12 10012114     kernel32:KERNEL32.dll
 0002:00000118       __imp__MultiByteToWideChar@24 10012118     kernel32:KERNEL32.dll
 0002:0000011c       __imp__WideCharToMultiByte@32 1001211c     kernel32:KERNEL32.dll
 0002:00000120       __imp__GetACP@0            10012120     kernel32:KERNEL32.dll
 0002:00000124       __imp__GetStdHandle@4      10012124     kernel32:KERNEL32.dll
 0002:00000128       __imp__GetFileType@4       10012128     kernel32:KERNEL32.dll
 0002:0000012c       __imp__LCMapStringW@24     1001212c     kernel32:KERNEL32.dll
 0002:00000130       __imp__FindClose@4         10012130     kernel32:KERNEL32.dll
 0002:00000134       __imp__FindFirstFileExA@24 10012134     kernel32:KERNEL32.dll
 0002:00000138       __imp__FindNextFileA@8     10012138     kernel32:KERNEL32.dll
 0002:0000013c       __imp__IsValidCodePage@4   1001213c     kernel32:KERNEL32.dll
 0002:00000140       __imp__GetOEMCP@0          10012140     kernel32:KERNEL32.dll
 0002:00000144       __imp__GetCPInfo@8         10012144     kernel32:KERNEL32.dll
 0002:00000148       __imp__GetCommandLineA@0   10012148     kernel32:KERNEL32.dll
 0002:0000014c       __imp__GetCommandLineW@0   1001214c     kernel32:KERNEL32.dll
 0002:00000150       __imp__GetEnvironmentStringsW@0 10012150     kernel32:KERNEL32.dll
 0002:00000154       __imp__FreeEnvironmentStringsW@4 10012154     kernel32:KERNEL32.dll
 0002:00000158       __imp__GetStringTypeW@16   10012158     kernel32:KERNEL32.dll
 0002:0000015c       __imp__SetStdHandle@8      1001215c     kernel32:KERNEL32.dll
 0002:00000160       \177KERNEL32_NULL_THUNK_DATA 10012160     kernel32:KERNEL32.dll
 0002:00000164       __imp__wsprintfW           10012164     user32:USER32.dll
 0002:00000168       __imp__CharLowerBuffW@8    10012168     user32:USER32.dll
 0002:0000016c       __imp__FillRect@12         1001216c     user32:USER32.dll
 0002:00000170       \177USER32_NULL_THUNK_DATA 10012170     user32:USER32.dll
 0002:00000174       __imp__CoUninitialize@0    10012174     ole32:ole32.dll
 0002:00000178       __imp__CoInitialize@4      10012178     ole32:ole32.dll
 0002:0000017c       \177ole32_NULL_THUNK_DATA  1001217c     ole32:ole32.dll
 0002:00000180       ___guard_check_icall_fptr  10012180     LIBCMT:guard_support.obj
 0002:00000184       ___xc_a                    10012184     LIBCMT:initializers.obj
 0002:00000188       ___xc_z                    10012188     LIBCMT:initializers.obj
 0002:0000018c       ___xi_a                    1001218c     LIBCMT:initializers.obj
 0002:00000190       ___acrt_stdio_initializer  10012190     libucrt:stdio_initializer.obj
 0002:00000194       ___acrt_multibyte_initializer 10012194     libucrt:multibyte_initializer.obj
 0002:00000198       ___acrt_tran_sse2_initializer 10012198     libucrt:sse2_initializer.obj
 0002:0000019c       ___xi_z                    1001219c     LIBCMT:initializers.obj
 0002:000001a0       ___xp_a                    100121a0     LIBCMT:initializers.obj
 0002:000001a4       ___acrt_locale_terminator  100121a4     libucrt:locale_initializer.obj
 0002:000001a8       ___dcrt_console_output_terminator 100121a8     libucrt:console_output_initializer.obj
 0002:000001ac       ___acrt_stdio_terminator   100121ac     libucrt:stdio_initializer.obj
 0002:000001b0       ___xp_z                    100121b0     LIBCMT:initializers.obj
 0002:000001b4       ___xt_a                    100121b4     LIBCMT:initializers.obj
 0002:000001b8       ___xt_z                    100121b8     LIBCMT:initializers.obj
 0002:000001c0       _FrameDimensionTime        100121c0     gdip.obj
 0002:000001d0       _FrameDimensionPage        100121d0     gdip.obj
 0002:000001e0       ??_C@_1BI@LOJECBFD@?$AAG?$AAd?$AAi?$AAP?$AAl?$AAu?$AAs?$AA?4?$AAd?$AAl?$AAl@ 100121e0     gdip.obj
 0002:000001f8       ??_C@_0P@NIGHOHPH@GdiplusStartup@ 100121f8     gdip.obj
 0002:00000208       ??_C@_0BA@OMKIAPCJ@GdiplusShutdown@ 10012208     gdip.obj
 0002:00000218       ??_C@_0BJ@IPKMAACN@GdipCreateBitmapFromFile@ 10012218     gdip.obj
 0002:00000234       ??_C@_0BG@OPKFAGML@GdipGetImageThumbnail@ 10012234     gdip.obj
 0002:0000024c       ??_C@_0BC@DPLNHGNM@GdipGetImageWidth@ 1001224c     gdip.obj
 0002:00000260       ??_C@_0BD@JIGBIPOH@GdipGetImageHeight@ 10012260     gdip.obj
 0002:00000274       ??_C@_0BI@DDNLFBKI@GdipGetImagePixelFormat@ 10012274     gdip.obj
 0002:0000028c       ??_C@_0BB@MGCHKKMH@GdipDisposeImage@ 1001228c     gdip.obj
 0002:000002a0       ??_C@_0BH@PCHOHMFI@GdipImageGetFrameCount@ 100122a0     gdip.obj
 0002:000002b8       ??_C@_0BL@FLMDGKNM@GdipImageSelectActiveFrame@ 100122b8     gdip.obj
 0002:000002d4       ??_C@_0BI@PFDIBLKB@GdipGetPropertyItemSize@ 100122d4     gdip.obj
 0002:000002ec       ??_C@_0BE@JLBHAGMH@GdipGetPropertyItem@ 100122ec     gdip.obj
 0002:00000300       ??_C@_0BE@HNMMICFD@GdipImageRotateFlip@ 10012300     gdip.obj
 0002:00000314       ??_C@_0BG@BONHLFMI@GdipGetImageRawFormat@ 10012314     gdip.obj
 0002:0000032c       ??_C@_0BC@PACDIGJN@GdipCreateFromHDC@ 1001232c     gdip.obj
 0002:00000340       ??_C@_0BD@MFGJCODH@GdipDeleteGraphics@ 10012340     gdip.obj
 0002:00000354       ??_C@_0BH@MHAPNLKM@GdipDrawImageRectRectI@ 10012354     gdip.obj
 0002:0000036c       ??_C@_0BF@OBPAMLNN@gdip?3?3FreeThreadProc@ 1001236c     gdip.obj
 0002:00000384       ??_C@_0DL@IFDNFLDO@e?3?2maks?2maximus5?2conemu?2src?2con@ 10012384     gdip.obj
 0002:000003c0       ??_C@_17CGDFOGLC@?$AAC?$AAE?$AAT@ 100123c0     gdip.obj
 0002:000003c8       ??_C@_17IJKOPDBG@?$AAB?$AAM?$AAP@ 100123c8     gdip.obj
 0002:000003d0       ??_C@_17PGBJPCEM@?$AAE?$AAM?$AAF@ 100123d0     gdip.obj
 0002:000003d8       ??_C@_17MIIHMEBK@?$AAW?$AAM?$AAF@ 100123d8     gdip.obj
 0002:000003e0       ??_C@_19JJJNAIHN@?$AAJ?$AAP?$AAE?$AAG@ 100123e0     gdip.obj
 0002:000003ec       ??_C@_17PMGKNIMI@?$AAP?$AAN?$AAG@ 100123ec     gdip.obj
 0002:000003f4       ??_C@_17CPKNLHCH@?$AAG?$AAI?$AAF@ 100123f4     gdip.obj
 0002:000003fc       ??_C@_19PNCGIGON@?$AAT?$AAI?$AAF?$AAF@ 100123fc     gdip.obj
 0002:00000408       ??_C@_19HEANOPFL@?$AAE?$AAX?$AAI?$AAF@ 10012408     gdip.obj
 0002:00000414       ??_C@_17OGLEMJPJ@?$AAI?$AAC?$AAO@ 10012414     gdip.obj
 0002:0000041c       ??_C@_1CA@KKEPPKFF@?$AA?$CF?$AAi?$AA?5?$AAx?$AA?5?$AA?$CF?$AAi?$AA?5?$AAx?$AA?5?$AA?$CF?$AAi?$AAb?$AAp?$AAp@ 1001241c     gdip.obj
 0002:0000043c       ??_C@_1M@HKOFHKAI@?$AA?5?$AA?$FL?$AA?$CF?$AAi?$AA?$FN@ 1001243c     gdip.obj
 0002:00000448       ??_C@_13HOIJIPNN@?$AA?5@   10012448     gdip.obj
 0002:0000044c       ??_C@_0CO@HOLAGLAF@e?3?2maks?2maximus5?2conemu?2src?2com@ 1001244c     common-kernel32:Memory.obj
 0002:0000047c       ??_C@_05LCABBMOG@?$CFs?3?$CFi@ 1001247c     common-kernel32:WThreads.obj
 0002:0000048c       __pDefaultRawDllMain       1001248c     LIBCMT:dll_dllmain.obj
 0002:0000048c       __pRawDllMain              1001248c     LIBCMT:dll_dllmain.obj
 0002:0000062c       ??_C@_08EHJDFFNH@__based?$CI@ 1001262c     libvcruntime:undname.obj
 0002:00000638       ??_C@_07KOLFKCDI@__cdecl@  10012638     libvcruntime:undname.obj
 0002:00000640       ??_C@_08GHMPAG@__pascal@   10012640     libvcruntime:undname.obj
 0002:0000064c       ??_C@_09IFJBGAPI@__stdcall@ 1001264c     libvcruntime:undname.obj
 0002:00000658       ??_C@_0L@NPHFGOKO@__thiscall@ 10012658     libvcruntime:undname.obj
 0002:00000664       ??_C@_0L@JMKHOMEK@__fastcall@ 10012664     libvcruntime:undname.obj
 0002:00000670       ??_C@_0N@BCKKPABJ@__vectorcall@ 10012670     libvcruntime:undname.obj
 0002:00000680       ??_C@_09HIJEGCPM@__clrcall@ 10012680     libvcruntime:undname.obj
 0002:0000068c       ??_C@_06GHPCKEAG@__eabi@   1001268c     libvcruntime:undname.obj
 0002:00000694       ??_C@_09IOPIDJLG@__swift_1@ 10012694     libvcruntime:undname.obj
 0002:000006a0       ??_C@_09KFNFGKHF@__swift_2@ 100126a0     libvcruntime:undname.obj
 0002:000006ac       ??_C@_07JOMMBBKO@__ptr64@  100126ac     libvcruntime:undname.obj
 0002:000006b4       ??_C@_0L@PILCLIHE@__restrict@ 100126b4     libvcruntime:undname.obj
 0002:000006c0       ??_C@_0M@GFIIJFMG@__unaligned@ 100126c0     libvcruntime:undname.obj
 0002:000006cc       ??_C@_09DHDLOLLB@restrict?$CI@ 100126cc     libvcruntime:undname.obj
 0002:000006d6       ??_C@_00CNPNBAHC@@         100126d6     libvcruntime:undname.obj
 0002:000006d8       ??_C@_04NIHEBCM@?5new@     100126d8     libvcruntime:undname.obj
 0002:000006e0       ??_C@_07FPCDHGMM@?5delete@ 100126e0     libvcruntime:undname.obj
 0002:000006e8       ??_C@_01NEMOKFLO@?$DN@     100126e8     libvcruntime:undname.obj
 0002:000006ec       ??_C@_02GPIOPFAK@?$DO?$DO@ 100126ec     libvcruntime:undname.obj
 0002:000006f0       ??_C@_02FODMEDOG@?$DM?$DM@ 100126f0     libvcruntime:undname.obj
 0002:000006f4       ??_C@_01DCLJPIOD@?$CB@     100126f4     libvcruntime:undname.obj
 0002:000006f8       ??_C@_02EGOFBIJA@?$DN?$DN@ 100126f8     libvcruntime:undname.obj
 0002:000006fc       ??_C@_02FDNJECIE@?$CB?$DN@ 100126fc     libvcruntime:undname.obj
 0002:00000700       ??_C@_02GPECMEKF@?$FL?$FN@ 10012700     libvcruntime:undname.obj
 0002:00000704       ??_C@_08LHJFAFGD@operator@ 10012704     libvcruntime:undname.obj
 0002:00000710       ??_C@_02HBOOOICD@?9?$DO@   10012710     libvcruntime:undname.obj
 0002:00000714       ??_C@_01NBENCBCI@?$CK@     10012714     libvcruntime:undname.obj
 0002:00000718       ??_C@_02ECNGHCIF@?$CL?$CL@ 10012718     libvcruntime:undname.obj
 0002:0000071c       ??_C@_02BAABKJLB@?9?9@     1001271c     libvcruntime:undname.obj
 0002:00000720       ??_C@_01JOAMLHOP@?9@       10012720     libvcruntime:undname.obj
 0002:00000724       ??_C@_01MIFGBAGJ@?$CL@     10012724     libvcruntime:undname.obj
 0002:00000728       ??_C@_01HNPIGOCE@?$CG@     10012728     libvcruntime:undname.obj
 0002:0000072c       ??_C@_03MNHNFDLC@?9?$DO?$CK@ 1001272c     libvcruntime:undname.obj
 0002:00000730       ??_C@_01KMDKNFGN@?1@       10012730     libvcruntime:undname.obj
 0002:00000734       ??_C@_01FGNFDNOH@?$CF@     10012734     libvcruntime:undname.obj
 0002:00000738       ??_C@_01MNNFJEPP@?$DM@     10012738     libvcruntime:undname.obj
 0002:0000073c       ??_C@_02EHCHHCKH@?$DM?$DN@ 1001273c     libvcruntime:undname.obj
 0002:00000740       ??_C@_01PPODPGHN@?$DO@     10012740     libvcruntime:undname.obj
 0002:00000744       ??_C@_02EEKDKGMJ@?$DO?$DN@ 10012744     libvcruntime:undname.obj
 0002:00000748       ??_C@_01IHBHIGKO@?0@       10012748     libvcruntime:undname.obj
 0002:0000074c       ??_C@_02HCKGKOFO@?$CI?$CJ@ 1001274c     libvcruntime:undname.obj
 0002:00000750       ??_C@_01PJKLJHI@?$HO@      10012750     libvcruntime:undname.obj
 0002:00000754       ??_C@_01JKBOJNNK@?$FO@     10012754     libvcruntime:undname.obj
 0002:00000758       ??_C@_01DNKMNLPK@?$HM@     10012758     libvcruntime:undname.obj
 0002:0000075c       ??_C@_02PPKAJPJL@?$CG?$CG@ 1001275c     libvcruntime:undname.obj
 0002:00000760       ??_C@_02NONPIBCD@?$HM?$HM@ 10012760     libvcruntime:undname.obj
 0002:00000764       ??_C@_02FPIMKNGF@?$CK?$DN@ 10012764     libvcruntime:undname.obj
 0002:00000768       ??_C@_02FOEOMHFC@?$CL?$DN@ 10012768     libvcruntime:undname.obj
 0002:0000076c       ??_C@_02FKMDLLOA@?9?$DN@   1001276c     libvcruntime:undname.obj
 0002:00000770       ??_C@_02FJEHGPIO@?1?$DN@   10012770     libvcruntime:undname.obj
 0002:00000774       ??_C@_02FENAOKFI@?$CF?$DN@ 10012774     libvcruntime:undname.obj
 0002:00000778       ??_C@_03IKFCCPFF@?$DO?$DO?$DN@ 10012778     libvcruntime:undname.obj
 0002:0000077c       ??_C@_03CDNPDDLA@?$DM?$DM?$DN@ 1001277c     libvcruntime:undname.obj
 0002:00000780       ??_C@_02FGJGFEAB@?$CG?$DN@ 10012780     libvcruntime:undname.obj
 0002:00000784       ??_C@_02DHLNPPGH@?$HM?$DN@ 10012784     libvcruntime:undname.obj
 0002:00000788       ??_C@_02MHEGNOJ@?$FO?$DN@  10012788     libvcruntime:undname.obj
 0002:0000078c       ??_C@_09IFPLHPGF@?$GAvftable?8@ 1001278c     libvcruntime:undname.obj
 0002:00000798       ??_C@_09BLBHBJP@?$GAvbtable?8@ 10012798     libvcruntime:undname.obj
 0002:000007a4       ??_C@_07FEEIOKP@?$GAvcall?8@ 100127a4     libvcruntime:undname.obj
 0002:000007ac       ??_C@_08LLFFHHDJ@?$GAtypeof?8@ 100127ac     libvcruntime:undname.obj
 0002:000007b8       ??_C@_0BF@KDPPACIK@?$GAlocal?5static?5guard?8@ 100127b8     libvcruntime:undname.obj
 0002:000007d0       ??_C@_08OBABFOLI@?$GAstring?8@ 100127d0     libvcruntime:undname.obj
 0002:000007dc       ??_C@_0BD@JDLKDPAB@?$GAvbase?5destructor?8@ 100127dc     libvcruntime:undname.obj
 0002:000007f0       ??_C@_0BN@DEGPLNFK@?$GAvector?5deleting?5destructor?8@ 100127f0     libvcruntime:undname.obj
 0002:00000810       ??_C@_0BO@OBMKPJIG@?$GAdefault?5constructor?5closure?8@ 10012810     libvcruntime:undname.obj
 0002:00000830       ??_C@_0BN@IMDCHIKM@?$GAscalar?5deleting?5destructor?8@ 10012830     libvcruntime:undname.obj
 0002:00000850       ??_C@_0BO@PFGOCPJJ@?$GAvector?5constructor?5iterator?8@ 10012850     libvcruntime:undname.obj
 0002:00000870       ??_C@_0BN@LFPFMEDL@?$GAvector?5destructor?5iterator?8@ 10012870     libvcruntime:undname.obj
 0002:00000890       ??_C@_0CE@IKBNEHA@?$GAvector?5vbase?5constructor?5itera@ 10012890     libvcruntime:undname.obj
 0002:000008b4       ??_C@_0BL@NILFHHPC@?$GAvirtual?5displacement?5map?8@ 100128b4     libvcruntime:undname.obj
 0002:000008d0       ??_C@_0CB@JONCMFFK@?$GAeh?5vector?5constructor?5iterator@ 100128d0     libvcruntime:undname.obj
 0002:000008f4       ??_C@_0CA@GCEOPDGL@?$GAeh?5vector?5destructor?5iterator?8@ 100128f4     libvcruntime:undname.obj
 0002:00000914       ??_C@_0CH@OOJPLCPH@?$GAeh?5vector?5vbase?5constructor?5it@ 10012914     libvcruntime:undname.obj
 0002:0000093c       ??_C@_0BL@LLKPOHJI@?$GAcopy?5constructor?5closure?8@ 1001293c     libvcruntime:undname.obj
 0002:00000958       ??_C@_0BA@KBCDOMBN@?$GAudt?5returning?8@ 10012958     libvcruntime:undname.obj
 0002:00000968       ??_C@_03KLGMFNMG@?$GAEH@   10012968     libvcruntime:undname.obj
 0002:0000096c       ??_C@_05KHLCHHI@?$GARTTI@  1001296c     libvcruntime:undname.obj
 0002:00000974       ??_C@_0BA@KKLDJDLB@?$GAlocal?5vftable?8@ 10012974     libvcruntime:undname.obj
 0002:00000984       ??_C@_0CE@IIHCMGGL@?$GAlocal?5vftable?5constructor?5clos@ 10012984     libvcruntime:undname.obj
 0002:000009a8       ??_C@_06FHBGPFGH@?5new?$FL?$FN@ 100129a8     libvcruntime:undname.obj
 0002:000009b0       ??_C@_09LBNFPBCA@?5delete?$FL?$FN@ 100129b0     libvcruntime:undname.obj
 0002:000009bc       ??_C@_0P@HJKNJFNN@?$GAomni?5callsig?8@ 100129bc     libvcruntime:undname.obj
 0002:000009cc       ??_C@_0BL@CNOONJFP@?$GAplacement?5delete?5closure?8@ 100129cc     libvcruntime:undname.obj
 0002:000009e8       ??_C@_0BN@CKNJLHMB@?$GAplacement?5delete?$FL?$FN?5closure?8@ 100129e8     libvcruntime:undname.obj
 0002:00000a08       ??_C@_0CG@CFDHKGGD@?$GAmanaged?5vector?5constructor?5ite@ 10012a08     libvcruntime:undname.obj
 0002:00000a30       ??_C@_0CF@IMGKMJNO@?$GAmanaged?5vector?5destructor?5iter@ 10012a30     libvcruntime:undname.obj
 0002:00000a58       ??_C@_0CG@HLDDJMAG@?$GAeh?5vector?5copy?5constructor?5ite@ 10012a58     libvcruntime:undname.obj
 0002:00000a80       ??_C@_0CM@FCBBDIGB@?$GAeh?5vector?5vbase?5copy?5construct@ 10012a80     libvcruntime:undname.obj
 0002:00000aac       ??_C@_0BL@CLIPGLGB@?$GAdynamic?5initializer?5for?5?8@ 10012aac     libvcruntime:undname.obj
 0002:00000ac8       ??_C@_0CB@PDBIFEP@?$GAdynamic?5atexit?5destructor?5for?5@ 10012ac8     libvcruntime:undname.obj
 0002:00000aec       ??_C@_0CD@CGAJBKEJ@?$GAvector?5copy?5constructor?5iterat@ 10012aec     libvcruntime:undname.obj
 0002:00000b10       ??_C@_0CJ@GJELGAMM@?$GAvector?5vbase?5copy?5constructor?5@ 10012b10     libvcruntime:undname.obj
 0002:00000b3c       ??_C@_0CL@FGIJHLCE@?$GAmanaged?5vector?5copy?5constructo@ 10012b3c     libvcruntime:undname.obj
 0002:00000b68       ??_C@_0BM@PMGGMLDN@?$GAlocal?5static?5thread?5guard?8@ 10012b68     libvcruntime:undname.obj
 0002:00000b84       ??_C@_0N@BDNMDMOL@operator?5?$CC?$CC?5@ 10012b84     libvcruntime:undname.obj
 0002:00000b94       ??_C@_0BC@GGEBGALA@operator?5co_await@ 10012b94     libvcruntime:undname.obj
 0002:00000ba8       ??_C@_0BC@DAFEJGAK@?5Type?5Descriptor?8@ 10012ba8     libvcruntime:undname.obj
 0002:00000bbc       ??_C@_0BM@LDKODKLH@?5Base?5Class?5Descriptor?5at?5?$CI@ 10012bbc     libvcruntime:undname.obj
 0002:00000bd8       ??_C@_0BD@LGICGFMM@?5Base?5Class?5Array?8@ 10012bd8     libvcruntime:undname.obj
 0002:00000bec       ??_C@_0BN@MECKDCOJ@?5Class?5Hierarchy?5Descriptor?8@ 10012bec     libvcruntime:undname.obj
 0002:00000c0c       ??_C@_0BK@CFCOFLF@?5Complete?5Object?5Locator?8@ 10012c0c     libvcruntime:undname.obj
 0002:00000c34       ??_C@_1DM@KHCHBNEB@?$AAa?$AAp?$AAi?$AA?9?$AAm?$AAs?$AA?9?$AAw?$AAi?$AAn?$AA?9?$AAc?$AAo?$AAr?$AAe@ 10012c34     libvcruntime:winapi_downlevel.obj
 0002:00000c70       ??_C@_1DK@LPPGFMPP@?$AAa?$AAp?$AAi?$AA?9?$AAm?$AAs?$AA?9?$AAw?$AAi?$AAn?$AA?9?$AAc?$AAo?$AAr?$AAe@ 10012c70     libvcruntime:winapi_downlevel.obj
 0002:00000cac       ??_C@_1BC@GDMECMAK@?$AAk?$AAe?$AAr?$AAn?$AAe?$AAl?$AA3?$AA2@ 10012cac     libvcruntime:winapi_downlevel.obj
 0002:00000cc0       ??_C@_1BA@PFFKHIOG@?$AAa?$AAp?$AAi?$AA?9?$AAm?$AAs?$AA?9@ 10012cc0     libvcruntime:winapi_downlevel.obj
 0002:00000cd0       ??_C@_1BA@IAIFMGEF@?$AAe?$AAx?$AAt?$AA?9?$AAm?$AAs?$AA?9@ 10012cd0     libvcruntime:winapi_downlevel.obj
 0002:00000ce8       ??_C@_08KNHFBNJ@FlsAlloc@  10012ce8     libvcruntime:winapi_downlevel.obj
 0002:00000cfc       ??_C@_07PEJMOBNF@FlsFree@  10012cfc     libvcruntime:winapi_downlevel.obj
 0002:00000d0c       ??_C@_0M@GDNOONDI@FlsGetValue@ 10012d0c     libvcruntime:winapi_downlevel.obj
 0002:00000d20       ??_C@_0M@JCPCPOEF@FlsSetValue@ 10012d20     libvcruntime:winapi_downlevel.obj
 0002:00000d34       ??_C@_0BM@HCFOFFN@InitializeCriticalSectionEx@ 10012d34     libvcruntime:winapi_downlevel.obj
 0002:00000d50       __pDestructExceptionObject 10012d50     libvcruntime:ehhelpers.obj
 0002:00000d58       _standard_lookup_table     10012d58     libucrt:output.obj
 0002:00000db4       ??_C@_06OJHGLDPL@?$CInull?$CJ?$AA@ 10012db4     libucrt:output.obj
 0002:00000dbc       ??_C@_1O@CEDCILHN@?$AA?$CI?$AAn?$AAu?$AAl?$AAl?$AA?$CJ?$AA?$AA@ 10012dbc     libucrt:output.obj
 0002:00000dd0       ___acrt_exception_action_table 10012dd0     libucrt:exception_filter.obj
 0002:00000e60       ___acrt_signal_action_table_count 10012e60     libucrt:exception_filter.obj
 0002:00000e64       ___acrt_signal_action_first_fpe_index 10012e64     libucrt:exception_filter.obj
 0002:00000e68       ___acrt_signal_action_fpe_count 10012e68     libucrt:exception_filter.obj
 0002:00000e6c       ??_C@_1BI@BGOHAHKC@?$AAm?$AAs?$AAc?$AAo?$AAr?$AAe?$AAe?$AA?4?$AAd?$AAl?$AAl?$AA?$AA@ 10012e6c     libucrt:exit.obj
 0002:00000e84       ??_C@_0P@MIGLKIOC@CorExitProcess?$AA@ 10012e84     libucrt:exit.obj
 0002:00001078       ??_C@_03OEIAHPBN@INF?$AA@  10013078     libucrt:cvt.obj
 0002:0000107c       ??_C@_03OJHLLCGB@inf?$AA@  1001307c     libucrt:cvt.obj
 0002:00001080       ??_C@_03LKNCIKJB@NAN?$AA@  10013080     libucrt:cvt.obj
 0002:00001084       ??_C@_03LHCJEHON@nan?$AA@  10013084     libucrt:cvt.obj
 0002:00001088       ??_C@_09OFJJIMPC@NAN?$CISNAN?$CJ?$AA@ 10013088     libucrt:cvt.obj
 0002:00001094       ??_C@_09IPFBKMDL@nan?$CIsnan?$CJ?$AA@ 10013094     libucrt:cvt.obj
 0002:000010a0       ??_C@_08IKHNHAJ@NAN?$CIIND?$CJ?$AA@ 100130a0     libucrt:cvt.obj
 0002:000010ac       ??_C@_08OFCDMILK@nan?$CIind?$CJ?$AA@ 100130ac     libucrt:cvt.obj
 0002:000010b8       ??_C@_05KLBDPFGC@e?$CL000?$AA@ 100130b8     libucrt:cvt.obj
 0002:000010c0       ??_C@_03KOEHGMDN@Sun?$AA@  100130c0     libucrt:nlsdata.obj
 0002:000010c4       ??_C@_03PDAGKDH@Mon?$AA@   100130c4     libucrt:nlsdata.obj
 0002:000010c8       ??_C@_03NAGEINEP@Tue?$AA@  100130c8     libucrt:nlsdata.obj
 0002:000010cc       ??_C@_03MHOMLAJA@Wed?$AA@  100130cc     libucrt:nlsdata.obj
 0002:000010d0       ??_C@_03IOFIKPDN@Thu?$AA@  100130d0     libucrt:nlsdata.obj
 0002:000010d4       ??_C@_03IDIOELNC@Fri?$AA@  100130d4     libucrt:nlsdata.obj
 0002:000010d8       ??_C@_03FEFJNEK@Sat?$AA@   100130d8     libucrt:nlsdata.obj
 0002:000010dc       ??_C@_06OOPIFAJ@Sunday?$AA@ 100130dc     libucrt:nlsdata.obj
 0002:000010e4       ??_C@_06JLEDEDGH@Monday?$AA@ 100130e4     libucrt:nlsdata.obj
 0002:000010ec       ??_C@_07BAAGCFCM@Tuesday?$AA@ 100130ec     libucrt:nlsdata.obj
 0002:000010f4       ??_C@_09DLIGFAKA@Wednesday?$AA@ 100130f4     libucrt:nlsdata.obj
 0002:00001100       ??_C@_08HACCIKIA@Thursday?$AA@ 10013100     libucrt:nlsdata.obj
 0002:0000110c       ??_C@_06JECMNKMI@Friday?$AA@ 1001310c     libucrt:nlsdata.obj
 0002:00001114       ??_C@_08INBOOONO@Saturday?$AA@ 10013114     libucrt:nlsdata.obj
 0002:00001120       ??_C@_03JIHJHPIE@Jan?$AA@  10013120     libucrt:nlsdata.obj
 0002:00001124       ??_C@_03HJBDCHOM@Feb?$AA@  10013124     libucrt:nlsdata.obj
 0002:00001128       ??_C@_03ODNJBKGA@Mar?$AA@  10013128     libucrt:nlsdata.obj
 0002:0000112c       ??_C@_03LEOLGMJP@Apr?$AA@  1001312c     libucrt:nlsdata.obj
 0002:00001130       ??_C@_03CNMDKL@May?$AA@    10013130     libucrt:nlsdata.obj
 0002:00001134       ??_C@_03IDFGHECI@Jun?$AA@  10013134     libucrt:nlsdata.obj
 0002:00001138       ??_C@_03LBGABGKK@Jul?$AA@  10013138     libucrt:nlsdata.obj
 0002:0000113c       ??_C@_03IFJFEIGA@Aug?$AA@  1001313c     libucrt:nlsdata.obj
 0002:00001140       ??_C@_03GGCAPAJC@Sep?$AA@  10013140     libucrt:nlsdata.obj
 0002:00001144       ??_C@_03BMAOKBAD@Oct?$AA@  10013144     libucrt:nlsdata.obj
 0002:00001148       ??_C@_03JPJOFNIA@Nov?$AA@  10013148     libucrt:nlsdata.obj
 0002:0000114c       ??_C@_03MKABNOCG@Dec?$AA@  1001314c     libucrt:nlsdata.obj
 0002:00001150       ??_C@_07CGJPFGJA@January?$AA@ 10013150     libucrt:nlsdata.obj
 0002:00001158       ??_C@_08GNJGEPFN@February?$AA@ 10013158     libucrt:nlsdata.obj
 0002:00001164       ??_C@_05HPCKOFNC@March?$AA@ 10013164     libucrt:nlsdata.obj
 0002:0000116c       ??_C@_05DMJDNLEJ@April?$AA@ 1001316c     libucrt:nlsdata.obj
 0002:00001174       ??_C@_04CNLMGBGM@June?$AA@ 10013174     libucrt:nlsdata.obj
 0002:0000117c       ??_C@_04MIEPOIFP@July?$AA@ 1001317c     libucrt:nlsdata.obj
 0002:00001184       ??_C@_06LBBHFDDG@August?$AA@ 10013184     libucrt:nlsdata.obj
 0002:0000118c       ??_C@_09BHHEALKD@September?$AA@ 1001318c     libucrt:nlsdata.obj
 0002:00001198       ??_C@_07JJNFCEND@October?$AA@ 10013198     libucrt:nlsdata.obj
 0002:000011a0       ??_C@_08HCHEGEOA@November?$AA@ 100131a0     libucrt:nlsdata.obj
 0002:000011ac       ??_C@_08EDHMEBNP@December?$AA@ 100131ac     libucrt:nlsdata.obj
[...]
 0001:0000be20       _common_flush_all          1000ce20 f   libucrt:fflush.obj
 0001:0000c0f3       ?free_crt_array_internal@@YAXQAPBXI@Z 1000d0f3 f   libucrt:inittime.obj
 0001:0000c5b8       ?GetTableIndexFromLocaleName@@YAHPB_W@Z 1000d5b8 f   libucrt:lcidtoname_downlevel.obj
 0001:0000c6a0       ?shortsort@@YAXPAD0IP6AHPBX1@Z@Z 1000d6a0 f   libucrt:qsort.obj
 0001:0000c740       ?swap@@YAXPAD0I@Z          1000d740 f   libucrt:qsort.obj
 0001:0000cb1a       ??$common_tcsncpy_s@D@@YAHQADIQBDI@Z 1000db1a f   libucrt:strncpy_s.obj
 0001:0000cbe0       $$000000                   1000dbe0     libucrt:strpbrk.obj
 0001:0000ccc4       ?initialize_multibyte@@YAHXZ 1000dcc4 f   libucrt:multibyte_initializer.obj
 0001:0000ce40       $$000000                   1000de40     libucrt:log10.obj
 0001:0000cf90       $$000000                   1000df90     libucrt:ceil_pentium4.obj
 0001:0000d0ad       ?write_double_translated_ansi_nolock@@YA?AUwrite_result@?A0x47fa6670@@HQBDI@Z 1000e0ad f   libucrt:write.obj
 0001:0000d260       ?write_double_translated_unicode_nolock@@YA?AUwrite_result@?A0x47fa6670@@QBDI@Z 1000e260 f   libucrt:write.obj
 0001:0000d2cd       ?write_requires_double_translation_nolock@@YA_NH@Z 1000e2cd f   libucrt:write.obj
 0001:0000d343       ?write_text_ansi_nolock@@YA?AUwrite_result@?A0x47fa6670@@HQBDI@Z 1000e343 f   libucrt:write.obj
 0001:0000d422       ?write_text_utf16le_nolock@@YA?AUwrite_result@?A0x47fa6670@@HQBDI@Z 1000e422 f   libucrt:write.obj
 0001:0000d510       ?write_text_utf8_nolock@@YA?AUwrite_result@?A0x47fa6670@@HQBDI@Z 1000e510 f   libucrt:write.obj
 0001:0000d934       ??$common_lseek_nolock@_J@@YA_JH_JH@Z 1000e934 f   libucrt:lseek.obj
 0001:0000dbf8       ___get_abstract_control_sse2 1000ebf8 f   libucrt:_fenvutils.obj
 0001:0000dc75       ___get_abstract_control_x87 1000ec75 f   libucrt:_fenvutils.obj
 0001:0000dce8       ___get_machine_control     1000ece8 f   libucrt:_fenvutils.obj
 0001:0000dd59       ___get_machine_control_sse2 1000ed59 f   libucrt:_fenvutils.obj
 0001:0000ddd9       ___get_machine_status_sse2 1000edd9 f   libucrt:_fenvutils.obj
 0001:0000de3a       ___get_machine_status_x87  1000ee3a f   libucrt:_fenvutils.obj
 0001:0000e180       $$000000                   1000f180     libucrt:log10_pentium4.obj
 0001:0000e410       $$000000                   1000f410     libucrt:87tran.obj
 0001:0000e610       $$000000                   1000f610     libucrt:87disp.obj
 0001:0000e810       $$000000                   1000f810     libucrt:common.obj
 0001:0000e9a0       $$000000                   1000f9a0     libucrt:genexcep.obj
 0001:0000ef10       $$000000                   1000ff10     libucrt:_strnicm.obj
 0001:0000fd30       $$000000                   10010d30     LIBCMT:ulldvrm.obj
 0001:0000fdd0       $$000000                   10010dd0     LIBCMT:sehprolg4gs.obj
 0001:0000fe30       $$000000                   10010e30     LIBCMT:lldvrm.obj
 0001:0000ff10       $$000000                   10010f10     LIBCMT:ullshr.obj
 0001:0000ff30       $$000000                   10010f30     LIBCMT:alloca16.obj
 0001:0000ff60       $$000000                   10010f60     LIBCMT:llshl.obj
 0001:0000ff80       $$000000                   10010f80     LIBCMT:ftol2.obj
 0001:00010040       $$000000                   10011040     LIBCMT:chkstk.obj
 0002:00000484       _GS_ExceptionPointers      10012484     LIBCMT:gs_report.obj
 0002:00000490       ?tokenTable@@3QBQBDB       10012490     libvcruntime:undname.obj
 0002:000004d0       ?nameTable@@3QBQBDB        100124d0     libvcruntime:undname.obj
 0002:00000618       ?rttiTable@@3QBQBDB        10012618     libvcruntime:undname.obj
 0002:00000c28       ?module_names@?A0x5d2a34d3@@3QBQB_WB 10012c28     libvcruntime:winapi_downlevel.obj
 0002:00000ce0       ?candidate_modules@?1??try_get_FlsAlloc@@YAP6GKP6GXPAX@Z@ZXZ@4QBW4module_id@?A0x5d2a34d3@@B 10012ce0     libvcruntime:winapi_downlevel.obj
 0002:00000cf4       ?candidate_modules@?1??try_get_FlsFree@@YAP6GHK@ZXZ@4QBW4module_id@?A0x5d2a34d3@@B 10012cf4     libvcruntime:winapi_downlevel.obj
 0002:00000d04       ?candidate_modules@?1??try_get_FlsGetValue@@YAP6GPAXK@ZXZ@4QBW4module_id@?A0x5d2a34d3@@B 10012d04     libvcruntime:winapi_downlevel.obj
 0002:00000d18       ?candidate_modules@?1??try_get_FlsSetValue@@YAP6GHKPAX@ZXZ@4QBW4module_id@?A0x5d2a34d3@@B 10012d18     libvcruntime:winapi_downlevel.obj
 0002:00000d2c       ?candidate_modules@?1??try_get_InitializeCriticalSectionEx@@YAP6GHPAU_RTL_CRITICAL_SECTION@@KK@ZXZ@4QBW4module_id@?A0x5d2a34d3@@B 10012d2c     libvcruntime:winapi_downlevel.obj
 0002:00000e98       ___acrt_initializers       10012e98     libucrt:initialization.obj
 0002:00000f10       _errtable                  10012f10     libucrt:errno.obj
 0002:00001588       _module_names              10013588     libucrt:winapi_thunks.obj
 0002:00001ad0       ?candidate_modules@?1??try_get_FlsAlloc@@YAP6GKP6GXPAX@Z@ZXZ@4QBW4module_id@?A0x352e5c4b@@B 10013ad0     libucrt:winapi_thunks.obj
 0002:00001ae4       ?candidate_modules@?1??try_get_FlsFree@@YAP6GHK@ZXZ@4QBW4module_id@?A0x352e5c4b@@B 10013ae4     libucrt:winapi_thunks.obj
 0002:00001af4       ?candidate_modules@?1??try_get_FlsGetValue@@YAP6GPAXK@ZXZ@4QBW4module_id@?A0x352e5c4b@@B 10013af4     libucrt:winapi_thunks.obj
 0002:00001b08       ?candidate_modules@?1??try_get_FlsSetValue@@YAP6GHKPAX@ZXZ@4QBW4module_id@?A0x352e5c4b@@B 10013b08     libucrt:winapi_thunks.obj
 0002:00001b1c       ?candidate_modules@?1??try_get_GetCurrentPackageId@@YAP6GJPAIPAE@ZXZ@4QBW4module_id@?A0x352e5c4b@@B 10013b1c     libucrt:winapi_thunks.obj
 0002:00001b38       ?candidate_modules@?1??try_get_InitializeCriticalSectionEx@@YAP6GHPAU_RTL_CRITICAL_SECTION@@KK@ZXZ@4QBW4module_id@?A0x352e5c4b@@B 10013b38     libucrt:winapi_thunks.obj
 0002:00001b5c       ?candidate_modules@?1??try_get_LCMapStringEx@@YAP6GHPB_WK0HPA_WHPAU_nlsversioninfo@@PAXJ@ZXZ@4QBW4module_id@?A0x352e5c4b@@B 10013b5c     libucrt:winapi_thunks.obj
 0002:00001b74       ?candidate_modules@?1??try_get_LocaleNameToLCID@@YAP6GKPB_WK@ZXZ@4QBW4module_id@?A0x352e5c4b@@B 10013b74     libucrt:winapi_thunks.obj
 0002:00001b90       __mb_locale_names          10013b90     libucrt:mbctype.obj
 0002:00002bc0       _LcidToLocaleNameTable     10014bc0     libucrt:lcidtoname_downlevel.obj
 0002:00003ce0       _LocaleNameToIndexTable    10015ce0     libucrt:lcidtoname_downlevel.obj
 0002:00004c30       LOG_name                   10016c30     libucrt:log10.obj
 0002:00004c40       _One                       10016c40     libucrt:ceil_pentium4.obj
 0002:00004c50       _Bns                       10016c50     libucrt:ceil_pentium4.obj
 0002:00004c60       _Zero                      10016c60     libucrt:ceil_pentium4.obj
 0002:00004c70       _S                         10016c70     libucrt:ceil_pentium4.obj
 0002:00004c80       _NegZero                   10016c80     libucrt:ceil_pentium4.obj
 0002:00004c90       emask                      10016c90     libucrt:log10_pentium4.obj
 0002:00004ca0       CC                         10016ca0     libucrt:log10_pentium4.obj
 0002:00004cb0       Magic                      10016cb0     libucrt:log10_pentium4.obj
 0002:00004cc0       hi_mask                    10016cc0     libucrt:log10_pentium4.obj
 0002:00004cd0       LOG10_2                    10016cd0     libucrt:log10_pentium4.obj
 0002:00004ce0       place_L                    10016ce0     libucrt:log10_pentium4.obj
 0002:00004d00       One                        10016d00     libucrt:log10_pentium4.obj
 0002:00004d10       Zero                       10016d10     libucrt:log10_pentium4.obj
 0002:00004d20       Two52                      10016d20     libucrt:log10_pentium4.obj
 0002:00004d30       Infs                       10016d30     libucrt:log10_pentium4.obj
 0002:00004d40       NaN                        10016d40     libucrt:log10_pentium4.obj
 0002:00004d50       coeff                      10016d50     libucrt:log10_pentium4.obj
 0002:00004dae       _log2max                   10016dae     libucrt:87tran.obj
 0002:00004db8       _smallarg                  10016db8     libucrt:87tran.obj
 0002:00004dc2       _half                      10016dc2     libucrt:87tran.obj
 0002:00004e0e       One                        10016e0e     libucrt:87disp.obj
 0002:00004e16       Three                      10016e16     libucrt:87disp.obj
 0002:00004e1e       XAMtoTagTab                10016e1e     libucrt:87disp.obj
 0002:00004e30       One                        10016e30     libucrt:common.obj
 0002:00004e44       DblMax                     10016e44     libucrt:common.obj
 0002:00004e4c       DblMin                     10016e4c     libucrt:common.obj
 0002:00004e54       IeeeAdjO                   10016e54     libucrt:common.obj
 0002:00004e5c       IeeeAdjU                   10016e5c     libucrt:common.obj
 0002:00004e64       _infinity                  10016e64     libucrt:common.obj
 0002:00004e6c       _zero                      10016e6c     libucrt:common.obj
 0002:00004ea8       _over                      10016ea8     libucrt:fpctrl.obj
 0002:00004eb4       _under                     10016eb4     libucrt:fpctrl.obj
 0002:00005778       ?_names@?1??_get_fname@@9@9 10017778     libucrt:fpexcept.obj
 0002:00005ca0       __sehtable$?SetThreadName@@YAXKPAD@Z 10017ca0     common-kernel32:WThreads.obj
 0002:00005cc0       __sehtable$?dllmain_crt_process_attach@@YAHQAUHINSTANCE__@@QAX@Z 10017cc0     LIBCMT:dll_dllmain.obj
 0002:00005ce0       __sehtable$?dllmain_crt_process_detach@@YAH_N@Z 10017ce0     LIBCMT:dll_dllmain.obj
 0002:00005d00       __sehtable$?dllmain_dispatch@@YAHQAUHINSTANCE__@@KQAX@Z 10017d00     LIBCMT:dll_dllmain.obj
 0002:00005d20       __sehtable$___scrt_is_nonwritable_in_current_image 10017d20     LIBCMT:utility.obj
 0002:00005d40       __sehtable$___DestructExceptionObject 10017d40     libvcruntime:ehhelpers.obj
 0002:00005d60       __sehtable$?common_exit@@YAXHW4_crt_exit_cleanup_mode@@W4_crt_exit_return_mode@@@Z 10017d60     libucrt:exit.obj
 0002:00005d88       __sehtable$??$?RV<lambda_995298e7d72eb4c2aab26c0585b3abe5>@@AAV<lambda_275893d493268fdec8709772e3fcec0e>@@V<lambda_293819299cbf9a7022e18b56a874bb5c>@@@?$__crt_seh_guarded_call@H@@QAEH$$QAV<lambda_995298e7d72eb4c2aab26c0585b3abe5>@@AAV<lambda_275893d493268fdec8709772e3fcec0e>@@$$QAV<lambda_293819299cbf9a7022e18b56a874bb5c>@@@Z 10017d88     libucrt:onexit.obj
 0002:00005da8       __sehtable$_terminate      10017da8     libucrt:terminate.obj
 0002:00005dc8       __sehtable$??$?RV<lambda_9df27f884b057bc3edfc946cb5b7cf47>@@AAV<lambda_e69574bed617af4e071282c136b37893>@@V<lambda_cc0d902bcbbeb830f749456577db4721>@@@?$__crt_seh_guarded_call@X@@QAEX$$QAV<lambda_9df27f884b057bc3edfc946cb5b7cf47>@@AAV<lambda_e69574bed617af4e071282c136b37893>@@$$QAV<lambda_cc0d902bcbbeb830f749456577db4721>@@@Z 10017dc8     libucrt:per_thread_data.obj
 0002:00005de8       __sehtable$??$?RV<lambda_3518db117f0e7cdb002338c5d3c47b6c>@@AAV<lambda_b2ea41f6bbb362cd97d94c6828d90b61>@@V<lambda_abdedf541bb04549bc734292b4a045d4>@@@?$__crt_seh_guarded_call@X@@QAEX$$QAV<lambda_3518db117f0e7cdb002338c5d3c47b6c>@@AAV<lambda_b2ea41f6bbb362cd97d94c6828d90b61>@@$$QAV<lambda_abdedf541bb04549bc734292b4a045d4>@@@Z 10017de8     libucrt:per_thread_data.obj
 0002:00005e08       __sehtable$??$?RV<lambda_51b6e8b1eb166f2a3faf91f424b38130>@@AAV<lambda_6250bd4b2a391816dd638c3bf72b0bcb>@@V<lambda_0b5a4a3e68152e1d9b943535f5f47bed>@@@?$__crt_seh_guarded_call@X@@QAEX$$QAV<lambda_51b6e8b1eb166f2a3faf91f424b38130>@@AAV<lambda_6250bd4b2a391816dd638c3bf72b0bcb>@@$$QAV<lambda_0b5a4a3e68152e1d9b943535f5f47bed>@@@Z 10017e08     libucrt:per_thread_data.obj
 0002:00005e28       __sehtable$??$?RV<lambda_5b71d36f03204c0beab531769a5b5694>@@AAV<lambda_be2b3da3f62db62e9dad5dc70221a656>@@V<lambda_8f9ce462984622f9bf76b59e2aaaf805>@@@?$__crt_seh_guarded_call@X@@QAEX$$QAV<lambda_5b71d36f03204c0beab531769a5b5694>@@AAV<lambda_be2b3da3f62db62e9dad5dc70221a656>@@$$QAV<lambda_8f9ce462984622f9bf76b59e2aaaf805>@@@Z 10017e28     libucrt:per_thread_data.obj
 0002:00005e48       __sehtable$___acrt_uninitialize_locale 10017e48     libucrt:wsetlocale.obj
 0002:00005e68       __sehtable$___acrt_initialize_lowio 10017e68     libucrt:ioinit.obj
 0002:00005e88       __sehtable$___acrt_update_thread_multibyte_data 10017e88     libucrt:mbctype.obj
 0002:00005ea8       __sehtable$??$?RV<lambda_978dc153c237d78434369da87b74ff60>@@AAV<lambda_ad1ced32f4ac17aa236e5ef05d6b3b7c>@@V<lambda_4a8533e2866a575feecb8298ce776b0d>@@@?$__crt_seh_guarded_call@X@@QAEX$$QAV<lambda_978dc153c237d78434369da87b74ff60>@@AAV<lambda_ad1ced32f4ac17aa236e5ef05d6b3b7c>@@$$QAV<lambda_4a8533e2866a575feecb8298ce776b0d>@@@Z 10017ea8     libucrt:mbctype.obj
 0002:00005ec8       __sehtable$__query_new_handler 10017ec8     libucrt:new_handler.obj
 0002:00005ee8       __sehtable$_raise          10017ee8     libucrt:signal.obj
 0002:00005f08       __sehtable$??$?RV<lambda_a048d3beccc847880fc8490e18b82769>@@AAV<lambda_ec61778202f4f5fc7e7711acc23c3bca>@@V<lambda_f7496a158712204296dd6628a163878e>@@@?$__crt_seh_guarded_call@P6AXH@Z@@QAEP6AXH@Z$$QAV<lambda_a048d3beccc847880fc8490e18b82769>@@AAV<lambda_ec61778202f4f5fc7e7711acc23c3bca>@@$$QAV<lambda_f7496a158712204296dd6628a163878e>@@@Z 10017f08     libucrt:signal.obj
 0002:00005f28       __sehtable$___acrt_update_thread_locale_data 10017f28     libucrt:locale_refcounting.obj
 0002:00005f48       __sehtable$__fcloseall     10017f48     libucrt:closeall.obj
 0002:00005f68       __sehtable$_common_flush_all 10017f68     libucrt:fflush.obj
 0002:00005f90       __sehtable$___acrt_lowio_ensure_fh_exists 10017f90     libucrt:osfinfo.obj
 0002:00005fb0       __sehtable$__write         10017fb0     libucrt:write.obj
 0002:00005fd0       __sehtable$_fclose         10017fd0     libucrt:fclose.obj
 0002:00005ff0       __sehtable$??$?RV<lambda_61cee617f5178ae960314fd4d05640a0>@@AAV<lambda_6978c1fb23f02e42e1d9e99668cc68aa>@@V<lambda_9cd88cf8ad10232537feb2133f08c833>@@@?$__crt_seh_guarded_call@H@@QAEH$$QAV<lambda_61cee617f5178ae960314fd4d05640a0>@@AAV<lambda_6978c1fb23f02e42e1d9e99668cc68aa>@@$$QAV<lambda_9cd88cf8ad10232537feb2133f08c833>@@@Z 10017ff0     libucrt:commit.obj
 0002:00006010       __sehtable$??$?RV<lambda_123407a5e2ac06da108355a851863b7a>@@AAV<lambda_2fe9b910cf3cbf4a0ab98a02ba45b3ec>@@V<lambda_ae55bdf541ad94d75914d381c370e64d>@@@?$__crt_seh_guarded_call@H@@QAEH$$QAV<lambda_123407a5e2ac06da108355a851863b7a>@@AAV<lambda_2fe9b910cf3cbf4a0ab98a02ba45b3ec>@@$$QAV<lambda_ae55bdf541ad94d75914d381c370e64d>@@@Z 10018010     libucrt:close.obj
 0002:00006030       __sehtable$__IsNonwritableInCurrentImage 10018030     LIBCMT:pesect.obj
 0002:00006050       .edata                     10018050     gdi+.exp
 0002:00006078       rgpv                       10018078     gdi+.exp
 0002:0000608c       rgszName                   1001808c     gdi+.exp
 0002:000060a0       rgwOrd                     100180a0     gdi+.exp
 0002:000060aa       szName                     100180aa     gdi+.exp
 0002:000060b3       $N00001                    100180b3     gdi+.exp
 0002:000060be       $N00002                    100180be     gdi+.exp
 0002:000060c7       $N00003                    100180c7     gdi+.exp
 0002:000060d0       $N00004                    100180d0     gdi+.exp
 0002:000060d9       $N00005                    100180d9     gdi+.exp
 0002:000063d2       .idata$6                   100183d2     kernel32:KERNEL32.dll
 0002:0000640a       .idata$6                   1001840a     user32:USER32.dll
 0002:00006480       .idata$6                   10018480     gdi32:GDI32.dll
 0002:000064ac       .idata$6                   100184ac     ole32:ole32.dll
 0003:00000030       ?__vcrt_flsindex@@3KA      10019030     libvcruntime:per_thread_data.obj
 0003:00000054       _errno_no_memory           10019054     libucrt:errno.obj
 0003:00000058       _doserrno_no_memory        10019058     libucrt:errno.obj
 0003:0000005c       ___acrt_flsindex           1001905c     libucrt:per_thread_data.obj
 0003:000001cc       ___rgctypeflag             100191cc     libucrt:mbctype.obj
 0003:000001d0       ___rgcode_page_info        100191d0     libucrt:mbctype.obj
 0003:00000780       ?gHeapInit@@3U?$atomic@H@std@@A 10019780     common-kernel32:Memory.obj
 0003:00000784       ?gHeapCounter@@3U?$atomic@H@std@@A 10019784     common-kernel32:Memory.obj
 0003:0000078c       ?gh_UnknownTerminatedThread@@3PAXA 1001978c     common-kernel32:WThreads.obj
 0003:00000790       ?g_Threads@@3PAUConEmuThreadInfo@@A 10019790     common-kernel32:WThreads.obj
 0003:00007f98       _GS_ExceptionRecord        10020f98     LIBCMT:gs_report.obj
 0003:00007fe8       _GS_ContextRecord          10020fe8     LIBCMT:gs_report.obj
 0003:000082b4       ?__proc_attached@@3HA      100212b4     LIBCMT:dll_dllmain.obj
 0003:000082d0       ?is_initialized_as_dll@@3_NA 100212d0     LIBCMT:utility.obj
 0003:000082d1       ?module_local_atexit_table_initialized@@3_NA 100212d1     LIBCMT:utility.obj
 0003:000082d4       ?module_local_atexit_table@@3U_onexit_table_t@@A 100212d4     LIBCMT:utility.obj
 0003:000082e0       ?module_local_at_quick_exit_table@@3U_onexit_table_t@@A 100212e0     LIBCMT:utility.obj
 0003:00008320       ?heap@@3V_HeapManager@@A   10021320     libvcruntime:undname.obj
 0003:00008334       ?__vcrt_startup_thread_ptd@@3U__vcrt_ptd@@A 10021334     libvcruntime:per_thread_data.obj
 0003:0000835c       ___vcrt_lock_table         1002135c     libvcruntime:locks.obj
 0003:00008374       ___vcrt_locks_initialized  10021374     libvcruntime:locks.obj
 0003:00008378       ?module_handles@@3PAPAUHINSTANCE__@@A 10021378     libvcruntime:winapi_downlevel.obj
 0003:00008384       ?encoded_function_pointers@@3PAPAXA 10021384     libvcruntime:winapi_downlevel.obj
 0003:000083a0       _c_termination_complete    100213a0     libucrt:exit.obj
 0003:000083a4       _thread_local_exit_callback_func 100213a4     libucrt:exit.obj
 0003:000083a8       ?c_exit_complete@?5??common_exit@@YAXHW4_crt_exit_cleanup_mode@@W4_crt_exit_return_mode@@@Z@4_NA 100213a8     libucrt:exit.obj
 0003:000083b0       ?program_name@?5???$common_configure_argv@D@@YAHW4_crt_argv_mode@@@Z@4PADA 100213b0     libucrt:argv_parsing.obj
 0003:000084e0       ___acrt_invalid_parameter_handler 100214e0     libucrt:invalid_parameter.obj
 0003:000084ec       _enable_percent_n          100214ec     libucrt:printf_count_output.obj
 0003:00008708       ___acrt_lock_table         10021708     libucrt:locks.obj
 0003:00008840       ___acrt_locks_initialized  10021840     libucrt:locks.obj
 0003:00008848       _module_handles            10021848     libucrt:winapi_thunks.obj
 0003:00008898       _encoded_function_pointers 10021898     libucrt:winapi_thunks.obj
 0003:00008918       ?state_cache@?1??__acrt_is_packaged_app@@9@4JA 10021918     libucrt:winapi_thunks.obj
 0003:00008934       _fSystemSet                10021934     libucrt:mbctype.obj
 0003:00008938       ?initialized@?1??__acrt_initialize_multibyte@@9@4_NA 10021938     libucrt:mbctype.obj
 0003:00008958       ___acrt_new_handler        10021958     libucrt:new_handler.obj
 0003:0000895c       _ctrlc_action              1002195c     libucrt:signal.obj
 0003:00008960       _ctrlbreak_action          10021960     libucrt:signal.obj
 0003:00008964       _abort_action              10021964     libucrt:signal.obj
 0003:00008968       _term_action               10021968     libucrt:signal.obj
 0003:0000896c       _user_matherr              1002196c     libucrt:matherr.obj
 0003:00008970       ___acrt_global_new_mode    10021970     libucrt:new_mode.obj
 0003:0000897c       ___acrt_app_type           1002197c     libucrt:report_runtime_error.obj
 0003:00008984       __pmatherr_set             10021984     libucrt:libm_error.obj
 0004:000000a0       $R000000                   100220a0     gdip.res
 0004:000003a8       $R000308                   100223a8     gdip.res
